Component: ARM Compiler 5.06 update 6 (build 750) Tool: armlink [4d35ed]

==============================================================================

Section Cross References

    main.o(.text) refers to misc.o(.text) for NVIC_PriorityGroupConfig
    main.o(.text) refers to delay.o(.text) for delay_init
    main.o(.text) refers to led.o(.text) for LED_Init
    main.o(.text) refers to key.o(.text) for KEY_Init
    main.o(.text) refers to motor.o(.text) for TIM1_PWM_Init
    main.o(.text) refers to steer.o(.text) for steer_Init
    main.o(.text) refers to usart3.o(.text) for usart3_init
    system_stm32f4xx.o(.text) refers to system_stm32f4xx.o(.data) for SystemCoreClock
    control.o(.text) refers to stm32f4xx_exti.o(.text) for EXTI_ClearITPendingBit
    led.o(.text) refers to stm32f4xx_rcc.o(.text) for RCC_AHB1PeriphClockCmd
    led.o(.text) refers to stm32f4xx_gpio.o(.text) for GPIO_Init
    key.o(.text) refers to stm32f4xx_rcc.o(.text) for RCC_AHB1PeriphClockCmd
    key.o(.text) refers to stm32f4xx_gpio.o(.text) for GPIO_Init
    key.o(.text) refers to delay.o(.text) for delay_ms
    key.o(.text) refers to key.o(.data) for key_up
    motor.o(.text) refers to stm32f4xx_rcc.o(.text) for RCC_AHB1PeriphClockCmd
    motor.o(.text) refers to stm32f4xx_gpio.o(.text) for GPIO_Init
    motor.o(.text) refers to stm32f4xx_tim.o(.text) for TIM_TimeBaseInit
    steer.o(.text) refers to delay.o(.text) for delay_ms
    steer.o(.text) refers to stm32f4xx_rcc.o(.text) for RCC_APB1PeriphClockCmd
    steer.o(.text) refers to stm32f4xx_gpio.o(.text) for GPIO_PinAFConfig
    steer.o(.text) refers to stm32f4xx_tim.o(.text) for TIM_TimeBaseInit
    encoder.o(.text) refers to stm32f4xx_rcc.o(.text) for RCC_APB1PeriphClockCmd
    encoder.o(.text) refers to stm32f4xx_gpio.o(.text) for GPIO_Init
    encoder.o(.text) refers to stm32f4xx_tim.o(.text) for TIM_TimeBaseStructInit
    usart2.o(.text) refers to c89vsprintf.o(.text) for __c89vsprintf
    usart2.o(.text) refers to strlen.o(.text) for strlen
    usart2.o(.text) refers to stm32f4xx_usart.o(.text) for USART_GetFlagStatus
    usart2.o(.text) refers to strncmp.o(.text) for strncmp
    usart2.o(.text) refers to atoi.o(.text) for atoi
    usart2.o(.text) refers to stm32f4xx_tim.o(.text) for TIM_SetCounter
    usart2.o(.text) refers to stm32f4xx_rcc.o(.text) for RCC_APB1PeriphClockCmd
    usart2.o(.text) refers to misc.o(.text) for NVIC_Init
    usart2.o(.text) refers to stm32f4xx_gpio.o(.text) for GPIO_Init
    usart2.o(.text) refers to usart2.o(.bss) for USART2_TX_BUF
    usart2.o(.text) refers to usart2.o(.data) for USART2_RX_STA
    extix.o(.text) refers to stm32f4xx_rcc.o(.text) for RCC_AHB1PeriphClockCmd
    extix.o(.text) refers to stm32f4xx_syscfg.o(.text) for SYSCFG_EXTILineConfig
    extix.o(.text) refers to stm32f4xx_gpio.o(.text) for GPIO_Init
    extix.o(.text) refers to stm32f4xx_exti.o(.text) for EXTI_Init
    extix.o(.text) refers to misc.o(.text) for NVIC_Init
    xunji.o(.text) refers to stm32f4xx_rcc.o(.text) for RCC_AHB1PeriphClockCmd
    xunji.o(.text) refers to stm32f4xx_gpio.o(.text) for GPIO_Init
    xunji.o(.text) refers to delay.o(.text) for delay_us
    xunji.o(.text) refers to xunji.o(.data) for blackleft
    usart3.o(.text) refers to c89vsprintf.o(.text) for __c89vsprintf
    usart3.o(.text) refers to strlen.o(.text) for strlen
    usart3.o(.text) refers to stm32f4xx_usart.o(.text) for USART_GetFlagStatus
    usart3.o(.text) refers to strncmp.o(.text) for strncmp
    usart3.o(.text) refers to atoi.o(.text) for atoi
    usart3.o(.text) refers to delay.o(.text) for delay_ms
    usart3.o(.text) refers to stm32f4xx_tim.o(.text) for TIM_SetCounter
    usart3.o(.text) refers to stm32f4xx_rcc.o(.text) for RCC_APB1PeriphClockCmd
    usart3.o(.text) refers to misc.o(.text) for NVIC_Init
    usart3.o(.text) refers to stm32f4xx_gpio.o(.text) for GPIO_Init
    usart3.o(.text) refers to usart3.o(.bss) for USART3_TX_BUF
    usart3.o(.text) refers to usart3.o(.data) for USART3_RX_STA
    mpu6050.o(.text) refers to myiic.o(.text) for IIC_Start
    mpu6050.o(.text) refers to delay.o(.text) for delay_ms
    mpu6050.o(.text) refers to dflt_clz.o(x$fpl$dflt) for __aeabi_i2d
    mpu6050.o(.text) refers to ddiv.o(x$fpl$ddiv) for __aeabi_ddiv
    mpu6050.o(.text) refers to daddsub_clz.o(x$fpl$dadd) for __aeabi_dadd
    mpu6050.o(.text) refers to d2f.o(x$fpl$d2f) for __aeabi_d2f
    myiic.o(.text) refers to stm32f4xx_rcc.o(.text) for RCC_AHB1PeriphClockCmd
    myiic.o(.text) refers to stm32f4xx_gpio.o(.text) for GPIO_Init
    myiic.o(.text) refers to delay.o(.text) for delay_us
    inv_mpu.o(.text) refers to _printf_pad.o(.text) for _printf_pre_padding
    inv_mpu.o(.text) refers to _printf_percent.o(.ARM.Collect$$_printf_percent$$00000000) for _printf_percent
    inv_mpu.o(.text) refers to _printf_x.o(.ARM.Collect$$_printf_percent$$0000000C) for _printf_x
    inv_mpu.o(.text) refers to _printf_hex_int_ll_ptr.o(.text) for _printf_longlong_hex
[...]
    .text                                    0x08003860   Section        0  _printf_truncate.o(.text)
    .text                                    0x08003884   Section        0  _printf_str.o(.text)
    .text                                    0x080038d6   Section        0  _printf_intcommon.o(.text)
    .text                                    0x08003988   Section        0  _printf_charcount.o(.text)
    .text                                    0x080039b0   Section        0  _printf_char_common.o(.text)
    _printf_input_char                       0x080039b1   Thumb Code    10  _printf_char_common.o(.text)
    .text                                    0x080039e0   Section        0  _sputc.o(.text)
    .text                                    0x080039ec   Section        0  _printf_wctomb.o(.text)
    .text                                    0x08003aa8   Section        0  _printf_longlong_dec.o(.text)
    .text                                    0x08003b24   Section        0  _printf_oct_int_ll.o(.text)
    _printf_longlong_oct_internal            0x08003b25   Thumb Code     0  _printf_oct_int_ll.o(.text)
    .text                                    0x08003b94   Section        0  strtol.o(.text)
    .text                                    0x08003c04   Section        8  libspace.o(.text)
    .text                                    0x08003c0c   Section       16  rt_ctype_table.o(.text)
    .text                                    0x08003c1c   Section      138  lludiv10.o(.text)
    .text                                    0x08003ca6   Section        0  _printf_fp_dec.o(.text)
    _fp_digits                               0x08003ca9   Thumb Code   432  _printf_fp_dec.o(.text)
    .text                                    0x080040c4   Section        0  _printf_char.o(.text)
    .text                                    0x080040f0   Section        0  _printf_wchar.o(.text)
    .text                                    0x0800411c   Section        0  _strtoul.o(.text)
    .text                                    0x080041ba   Section        0  _wcrtomb.o(.text)
    .text                                    0x080041fa   Section       74  sys_stackheap_outer.o(.text)
    .text                                    0x08004244   Section        8  rt_locale_intlibspace.o(.text)
    .text                                    0x0800424c   Section        0  _printf_fp_infnan.o(.text)
    .text                                    0x080042cc   Section        0  _chval.o(.text)
    .text                                    0x080042e8   Section        0  bigflt0.o(.text)
    .text                                    0x080043cc   Section        0  exit.o(.text)
    .text                                    0x080043e0   Section      128  strcmpv7m.o(.text)
    CL$$btod_d2e                             0x08004460   Section       62  btod.o(CL$$btod_d2e)
    CL$$btod_d2e_denorm_low                  0x0800449e   Section       70  btod.o(CL$$btod_d2e_denorm_low)
    CL$$btod_d2e_norm_op1                    0x080044e4   Section       96  btod.o(CL$$btod_d2e_norm_op1)
    CL$$btod_div_common                      0x08004544   Section      824  btod.o(CL$$btod_div_common)
    CL$$btod_e2e                             0x0800487c   Section      220  btod.o(CL$$btod_e2e)
    CL$$btod_ediv                            0x08004958   Section       42  btod.o(CL$$btod_ediv)
    CL$$btod_emul                            0x08004982   Section       42  btod.o(CL$$btod_emul)
    CL$$btod_mult_common                     0x080049ac   Section      580  btod.o(CL$$btod_mult_common)
    i.__ARM_fpclassify                       0x08004bf0   Section        0  fpclassify.o(i.__ARM_fpclassify)
    i._is_digit                              0x08004c20   Section        0  __printf_wp.o(i._is_digit)
    locale$$code                             0x08004c30   Section       44  lc_ctype_c.o(locale$$code)
    locale$$code                             0x08004c5c   Section       44  lc_numeric_c.o(locale$$code)
    x$fpl$fpinit                             0x08004c88   Section       10  fpinit.o(x$fpl$fpinit)
    $v0                                      0x08004c88   Number         0  fpinit.o(x$fpl$fpinit)
    x$fpl$printf1                            0x08004c92   Section        4  printf1.o(x$fpl$printf1)
    $v0                                      0x08004c92   Number         0  printf1.o(x$fpl$printf1)
    .constdata                               0x08004c96   Section       40  _printf_hex_int_ll_ptr.o(.constdata)
    x$fpl$usenofp                            0x08004c96   Section        0  usenofp.o(x$fpl$usenofp)
    uc_hextab                                0x08004c96   Data          20  _printf_hex_int_ll_ptr.o(.constdata)
    lc_hextab                                0x08004caa   Data          20  _printf_hex_int_ll_ptr.o(.constdata)
    .constdata                               0x08004cbe   Section       17  __printf_flags_ss_wp.o(.constdata)
    maptable                                 0x08004cbe   Data          17  __printf_flags_ss_wp.o(.constdata)
    .constdata                               0x08004cd0   Section        8  _printf_wctomb.o(.constdata)
    initial_mbstate                          0x08004cd0   Data           8  _printf_wctomb.o(.constdata)
    .constdata                               0x08004cd8   Section      148  bigflt0.o(.constdata)
    tenpwrs_x                                0x08004cd8   Data          60  bigflt0.o(.constdata)
    tenpwrs_i                                0x08004d14   Data          64  bigflt0.o(.constdata)
    locale$$data                             0x08004d8c   Section      272  lc_ctype_c.o(locale$$data)
    __lcctype_c_name                         0x08004d90   Data           2  lc_ctype_c.o(locale$$data)
    __lcctype_c_start                        0x08004d98   Data           0  lc_ctype_c.o(locale$$data)
    locale$$data                             0x08004e9c   Section       28  lc_numeric_c.o(locale$$data)
    __lcctype_c_end                          0x08004e9c   Data           0  lc_ctype_c.o(locale$$data)
    __lcnum_c_name                           0x08004ea0   Data           2  lc_numeric_c.o(locale$$data)
    __lcnum_c_start                          0x08004ea8   Data           0  lc_numeric_c.o(locale$$data)
    __lcnum_c_point                          0x08004eb4   Data           0  lc_numeric_c.o(locale$$data)
    __lcnum_c_thousands                      0x08004eb6   Data           0  lc_numeric_c.o(locale$$data)
    __lcnum_c_grouping                       0x08004eb7   Data           0  lc_numeric_c.o(locale$$data)
    __lcnum_c_end                            0x08004eb8   Data           0  lc_numeric_c.o(locale$$data)
    .data                                    0x20000000   Section       20  system_stm32f4xx.o(.data)
    .data                                    0x20000014   Section       22  key.o(.data)
    key_up                                   0x20000014   Data           1  key.o(.data)
    flag_key                                 0x20000015   Data           1  key.o(.data)
    flag_key                                 0x20000016   Data           1  key.o(.data)
    count_key                                0x20000017   Data           1  key.o(.data)
    double_key                               0x20000018   Data           1  key.o(.data)
    count_single                             0x2000001a   Data           2  key.o(.data)
    Forever_count                            0x2000001c   Data           2  key.o(.data)
    flag_key                                 0x2000001e   Data           1  key.o(.data)
    count_key                                0x2000001f   Data           1  key.o(.data)
    double_key                               0x20000020   Data           1  key.o(.data)
    count_single                             0x20000022   Data           2  key.o(.data)
    Forever_count                            0x20000024   Data           2  key.o(.data)
    Long_Press_count                         0x20000026   Data           2  key.o(.data)
    Long_Press                               0x20000028   Data           2  key.o(.data)
    .data                                    0x2000002a   Section        2  usart2.o(.data)
    .data                                    0x2000002c   Section       10  usart3.o(.data)
    .data                                    0x20000036   Section        4  delay.o(.data)
    fac_us                                   0x20000036   Data           1  delay.o(.data)
    fac_ms                                   0x20000038   Data           2  delay.o(.data)
    .data                                    0x2000003c   Section        6  usart.o(.data)
    .data                                    0x20000042   Section       16  stm32f4xx_rcc.o(.data)
    APBAHBPrescTable                         0x20000042   Data          16  stm32f4xx_rcc.o(.data)
    .bss                                     0x20000058   Section      800  usart2.o(.bss)
    .bss                                     0x20000378   Section      800  usart3.o(.bss)
    .bss                                     0x20000698   Section      200  usart.o(.bss)
    .bss                                     0x20000760   Section       96  libspace.o(.bss)
    HEAP                                     0x200007c0   Section      512  startup_stm32f40_41xxx.o(HEAP)
    Heap_Mem                                 0x200007c0   Data         512  startup_stm32f40_41xxx.o(HEAP)
    STACK                                    0x200009c0   Section     1024  startup_stm32f40_41xxx.o(STACK)
    Stack_Mem                                0x200009c0   Data        1024  startup_stm32f40_41xxx.o(STACK)
    __initial_sp                             0x20000dc0   Data           0  startup_stm32f40_41xxx.o(STACK)

    Global Symbols

    Symbol Name                              Value     Ov Type        Size  Object(Section)

    BuildAttributes$$THM_ISAv4$E$P$D$K$B$S$7EM$VFPi3$EXTD16$VFPS$VFMA$PE$A:L22UL41UL21$X:L11$S22US41US21$IEEE1$IW$USESV6$~STKCKD$USESV7$~SHL$OTIME$ROPI$IEEEX$EBA8$UX$STANDARDLIB$REQ8$PRES8$EABIv2 0x00000000   Number         0  anon$$obj.o ABSOLUTE
    __ARM_use_no_argv                        0x00000000   Number         0  main.o ABSOLUTE
    _printf_flags                            0x00000000   Number         0  printf_stubs.o ABSOLUTE
    _printf_return_value                     0x00000000   Number         0  printf_stubs.o ABSOLUTE
    _printf_sizespec                         0x00000000   Number         0  printf_stubs.o ABSOLUTE
    _printf_widthprec                        0x00000000   Number         0  printf_stubs.o ABSOLUTE
    __ARM_exceptions_init                     - Undefined Weak Reference
    __alloca_initialize                       - Undefined Weak Reference
    __arm_preinit_                            - Undefined Weak Reference
    __cpp_initialize__aeabi_                  - Undefined Weak Reference
    __cxa_finalize                            - Undefined Weak Reference
    __sigvec_lookup                           - Undefined Weak Reference
    _atexit_init                              - Undefined Weak Reference
    _call_atexit_fns                          - Undefined Weak Reference
    _clock_init                               - Undefined Weak Reference
    _fp_trap_init                             - Undefined Weak Reference
    _fp_trap_shutdown                         - Undefined Weak Reference
    _get_lc_collate                           - Undefined Weak Reference
    _get_lc_monetary                          - Undefined Weak Reference
    _get_lc_time                              - Undefined Weak Reference
    _getenv_init                              - Undefined Weak Reference
    _handle_redirection                       - Undefined Weak Reference
    _init_alloc                               - Undefined Weak Reference
    _init_user_alloc                          - Undefined Weak Reference
    _initio                                   - Undefined Weak Reference
    _mutex_acquire                            - Undefined Weak Reference
    _mutex_release                            - Undefined Weak Reference
    _printf_fp_hex                            - Undefined Weak Reference
    _printf_mbtowc                            - Undefined Weak Reference
    _printf_wc                                - Undefined Weak Reference
    _rand_init                                - Undefined Weak Reference
    _signal_finish                            - Undefined Weak Reference
    _signal_init                              - Undefined Weak Reference
    _terminate_alloc                          - Undefined Weak Reference
    _terminate_user_alloc                     - Undefined Weak Reference
    _terminateio                              - Undefined Weak Reference
    __Vectors_Size                           0x00000188   Number         0  startup_stm32f40_41xxx.o ABSOLUTE
    __Vectors                                0x08000000   Data           4  startup_stm32f40_41xxx.o(RESET)
    __Vectors_End                            0x08000188   Data           0  startup_stm32f40_41xxx.o(RESET)
    __main                                   0x08000189   Thumb Code     8  __main.o(!!!main)
    __scatterload                            0x08000191   Thumb Code     0  __scatter.o(!!!scatter)
    __scatterload_rt2                        0x08000191   Thumb Code    44  __scatter.o(!!!scatter)
    __scatterload_rt2_thumb_only             0x08000191   Thumb Code     0  __scatter.o(!!!scatter)
    __scatterload_null                       0x0800019f   Thumb Code     0  __scatter.o(!!!scatter)
    __scatterload_copy                       0x080001c5   Thumb Code    26  __scatter_copy.o(!!handler_copy)
    __scatterload_zeroinit                   0x080001e1   Thumb Code    28  __scatter_zi.o(!!handler_zi)
    _printf_n                                0x080001fd   Thumb Code     0  _printf_n.o(.ARM.Collect$$_printf_percent$$00000001)
    _printf_percent                          0x080001fd   Thumb Code     0  _printf_percent.o(.ARM.Collect$$_printf_percent$$00000000)
    _printf_p                                0x08000203   Thumb Code     0  _printf_p.o(.ARM.Collect$$_printf_percent$$00000002)
    _printf_f                                0x08000209   Thumb Code     0  _printf_f.o(.ARM.Collect$$_printf_percent$$00000003)
    _printf_e                                0x0800020f   Thumb Code     0  _printf_e.o(.ARM.Collect$$_printf_percent$$00000004)
    _printf_g                                0x08000215   Thumb Code     0  _printf_g.o(.ARM.Collect$$_printf_percent$$00000005)
    _printf_a                                0x0800021b   Thumb Code     0  _printf_a.o(.ARM.Collect$$_printf_percent$$00000006)
    _printf_ll                               0x08000221   Thumb Code     0  _printf_ll.o(.ARM.Collect$$_printf_percent$$00000007)
    _printf_i                                0x0800022b   Thumb Code     0  _printf_i.o(.ARM.Collect$$_printf_percent$$00000008)
    _printf_d                                0x08000231   Thumb Code     0  _printf_d.o(.ARM.Collect$$_printf_percent$$00000009)
    _printf_u                                0x08000237   Thumb Code     0  _printf_u.o(.ARM.Collect$$_printf_percent$$0000000A)
    _printf_o                                0x0800023d   Thumb Code     0  _printf_o.o(.ARM.Collect$$_printf_percent$$0000000B)
    _printf_x                                0x08000243   Thumb Code     0  _printf_x.o(.ARM.Collect$$_printf_percent$$0000000C)
    _printf_lli                              0x08000249   Thumb Code     0  _printf_lli.o(.ARM.Collect$$_printf_percent$$0000000D)
    _printf_lld                              0x0800024f   Thumb Code     0  _printf_lld.o(.ARM.Collect$$_printf_percent$$0000000E)
    _printf_llu                              0x08000255   Thumb Code     0  _printf_llu.o(.ARM.Collect$$_printf_percent$$0000000F)
    _printf_llo                              0x0800025b   Thumb Code     0  _printf_llo.o(.ARM.Collect$$_printf_percent$$00000010)
    _printf_llx                              0x08000261   Thumb Code     0  _printf_llx.o(.ARM.Collect$$_printf_percent$$00000011)
    _printf_l                                0x08000267   Thumb Code     0  _printf_l.o(.ARM.Collect$$_printf_percent$$00000012)
    _printf_c                                0x08000271   Thumb Code     0  _printf_c.o(.ARM.Collect$$_printf_percent$$00000013)
    _printf_s                                0x08000277   Thumb Code     0  _printf_s.o(.ARM.Collect$$_printf_percent$$00000014)
    _printf_lc                               0x0800027d   Thumb Code     0  _printf_lc.o(.ARM.Collect$$_printf_percent$$00000015)
    _printf_ls                               0x08000283   Thumb Code     0  _printf_ls.o(.ARM.Collect$$_printf_percent$$00000016)
    _printf_percent_end                      0x08000289   Thumb Code     0  _printf_percent_end.o(.ARM.Collect$$_printf_percent$$00000017)
    __rt_lib_init                            0x0800028d   Thumb Code     0  libinit.o(.ARM.Collect$$libinit$$00000000)
    __rt_lib_init_fp_1                       0x0800028f   Thumb Code     0  libinit2.o(.ARM.Collect$$libinit$$00000001)
    __rt_lib_init_heap_1                     0x08000293   Thumb Code     0  libinit2.o(.ARM.Collect$$libinit$$0000000A)
    __rt_lib_init_lc_common                  0x08000293   Thumb Code     0  libinit2.o(.ARM.Collect$$libinit$$0000000F)
    __rt_lib_init_preinit_1                  0x08000293   Thumb Code     0  libinit2.o(.ARM.Collect$$libinit$$00000004)
    __rt_lib_init_rand_1                     0x08000293   Thumb Code     0  libinit2.o(.ARM.Collect$$libinit$$0000000E)
    __rt_lib_init_user_alloc_1               0x08000293   Thumb Code     0  libinit2.o(.ARM.Collect$$libinit$$0000000C)
    __rt_lib_init_lc_collate_1               0x08000299   Thumb Code     0  libinit2.o(.ARM.Collect$$libinit$$00000011)
    __rt_lib_init_lc_ctype_2                 0x08000299   Thumb Code     0  libinit2.o(.ARM.Collect$$libinit$$00000012)
    __rt_lib_init_lc_ctype_1                 0x080002a5   Thumb Code     0  libinit2.o(.ARM.Collect$$libinit$$00000013)
    __rt_lib_init_lc_monetary_1              0x080002a5   Thumb Code     0  libinit2.o(.ARM.Collect$$libinit$$00000015)
    __rt_lib_init_lc_numeric_2               0x080002a5   Thumb Code     0  libinit2.o(.ARM.Collect$$libinit$$00000016)
    __rt_lib_init_alloca_1                   0x080002af   Thumb Code     0  libinit2.o(.ARM.Collect$$libinit$$0000002E)
    __rt_lib_init_argv_1                     0x080002af   Thumb Code     0  libinit2.o(.ARM.Collect$$libinit$$0000002C)
    __rt_lib_init_atexit_1                   0x080002af   Thumb Code     0  libinit2.o(.ARM.Collect$$libinit$$0000001B)
    __rt_lib_init_clock_1                    0x080002af   Thumb Code     0  libinit2.o(.ARM.Collect$$libinit$$00000021)
    __rt_lib_init_cpp_1                      0x080002af   Thumb Code     0  libinit2.o(.ARM.Collect$$libinit$$00000032)
    __rt_lib_init_exceptions_1               0x080002af   Thumb Code     0  libinit2.o(.ARM.Collect$$libinit$$00000030)
    __rt_lib_init_fp_trap_1                  0x080002af   Thumb Code     0  libinit2.o(.ARM.Collect$$libinit$$0000001F)
    __rt_lib_init_getenv_1                   0x080002af   Thumb Code     0  libinit2.o(.ARM.Collect$$libinit$$00000023)
    __rt_lib_init_lc_numeric_1               0x080002af   Thumb Code     0  libinit2.o(.ARM.Collect$$libinit$$00000017)
    __rt_lib_init_lc_time_1                  0x080002af   Thumb Code     0  libinit2.o(.ARM.Collect$$libinit$$00000019)
    __rt_lib_init_return                     0x080002af   Thumb Code     0  libinit2.o(.ARM.Collect$$libinit$$00000033)
    __rt_lib_init_signal_1                   0x080002af   Thumb Code     0  libinit2.o(.ARM.Collect$$libinit$$0000001D)
    __rt_lib_init_stdio_1                    0x080002af   Thumb Code     0  libinit2.o(.ARM.Collect$$libinit$$00000025)
    __rt_lib_shutdown                        0x080002b1   Thumb Code     0  libshutdown.o(.ARM.Collect$$libshutdown$$00000000)
    __rt_lib_shutdown_cpp_1                  0x080002b3   Thumb Code     0  libshutdown2.o(.ARM.Collect$$libshutdown$$00000002)
    __rt_lib_shutdown_fp_trap_1              0x080002b3   Thumb Code     0  libshutdown2.o(.ARM.Collect$$libshutdown$$00000007)
    __rt_lib_shutdown_heap_1                 0x080002b3   Thumb Code     0  libshutdown2.o(.ARM.Collect$$libshutdown$$0000000F)
    __rt_lib_shutdown_return                 0x080002b3   Thumb Code     0  libshutdown2.o(.ARM.Collect$$libshutdown$$00000010)
    __rt_lib_shutdown_signal_1               0x080002b3   Thumb Code     0  libshutdown2.o(.ARM.Collect$$libshutdown$$0000000A)
    __rt_lib_shutdown_stdio_1                0x080002b3   Thumb Code     0  libshutdown2.o(.ARM.Collect$$libshutdown$$00000004)
    __rt_lib_shutdown_user_alloc_1           0x080002b3   Thumb Code     0  libshutdown2.o(.ARM.Collect$$libshutdown$$0000000C)
    __rt_entry                               0x080002b5   Thumb Code     0  __rtentry.o(.ARM.Collect$$rtentry$$00000000)
    __rt_entry_presh_1                       0x080002b5   Thumb Code     0  __rtentry2.o(.ARM.Collect$$rtentry$$00000002)
    __rt_entry_sh                            0x080002b5   Thumb Code     0  __rtentry4.o(.ARM.Collect$$rtentry$$00000004)
    __rt_entry_li                            0x080002bb   Thumb Code     0  __rtentry2.o(.ARM.Collect$$rtentry$$0000000A)
    __rt_entry_postsh_1                      0x080002bb   Thumb Code     0  __rtentry2.o(.ARM.Collect$$rtentry$$00000009)
    __rt_entry_main                          0x080002bf   Thumb Code     0  __rtentry2.o(.ARM.Collect$$rtentry$$0000000D)
    __rt_entry_postli_1                      0x080002bf   Thumb Code     0  __rtentry2.o(.ARM.Collect$$rtentry$$0000000C)
    __rt_exit                                0x080002c7   Thumb Code     0  rtexit.o(.ARM.Collect$$rtexit$$00000000)
    __rt_exit_ls                             0x080002c9   Thumb Code     0  rtexit2.o(.ARM.Collect$$rtexit$$00000003)
    __rt_exit_prels_1                        0x080002c9   Thumb Code     0  rtexit2.o(.ARM.Collect$$rtexit$$00000002)
    __rt_exit_exit                           0x080002cd   Thumb Code     0  rtexit2.o(.ARM.Collect$$rtexit$$00000004)
    main                                     0x080002d5   Thumb Code   102  main.o(.text)
    NMI_Handler                              0x08000349   Thumb Code     2  stm32f4xx_it.o(.text)
    HardFault_Handler                        0x0800034b   Thumb Code     4  stm32f4xx_it.o(.text)
    MemManage_Handler                        0x0800034f   Thumb Code     4  stm32f4xx_it.o(.text)
    BusFault_Handler                         0x08000353   Thumb Code     4  stm32f4xx_it.o(.text)
    UsageFault_Handler                       0x08000357   Thumb Code     4  stm32f4xx_it.o(.text)
    SVC_Handler                              0x0800035b   Thumb Code     2  stm32f4xx_it.o(.text)
    DebugMon_Handler                         0x0800035d   Thumb Code     2  stm32f4xx_it.o(.text)
    PendSV_Handler                           0x0800035f   Thumb Code     2  stm32f4xx_it.o(.text)
    SysTick_Handler                          0x08000361   Thumb Code     2  stm32f4xx_it.o(.text)
    SystemInit                               0x08000441   Thumb Code    88  system_stm32f4xx.o(.text)
    SystemCoreClockUpdate                    0x08000499   Thumb Code   174  system_stm32f4xx.o(.text)
    EXTI15_10_IRQHandler                     0x08000575   Thumb Code    12  control.o(.text)
    LED_Init                                 0x08000581   Thumb Code    60  led.o(.text)
    BEEP_Init                                0x080005bd   Thumb Code    60  led.o(.text)
    KEY_Init                                 0x08000601   Thumb Code    42  key.o(.text)
    KEY_Scan                                 0x0800062b   Thumb Code    58  key.o(.text)
    click                                    0x08000665   Thumb Code    46  key.o(.text)
    Delay_ms                                 0x08000693   Thumb Code    22  key.o(.text)
    click_N_Double                           0x080006a9   Thumb Code   184  key.o(.text)
    click_N_Double_MPU6050                   0x08000761   Thumb Code   184  key.o(.text)
    Long_Press                               0x08000819   Thumb Code    72  key.o(.text)
    Enable_Pin                               0x080008a1   Thumb Code    42  motor.o(.text)
    TIM1_PWM_Init                            0x080008cb   Thumb Code   238  motor.o(.text)
    TIM9_PWM_Init                            0x080009b9   Thumb Code   174  motor.o(.text)
    TIM10_PWM_Init                           0x08000a67   Thumb Code   150  motor.o(.text)
    TIM11_PWM_Init                           0x08000afd   Thumb Code   150  motor.o(.text)
    steer_run                                0x08000bb1   Thumb Code    58  steer.o(.text)
    steer_Init                               0x08000beb   Thumb Code   192  steer.o(.text)
    Encoder_Init_TIM2                        0x08000cb9   Thumb Code   224  encoder.o(.text)
    Encoder_Init_TIM3                        0x08000d99   Thumb Code   180  encoder.o(.text)
    Encoder_Init_TIM4                        0x08000e4d   Thumb Code   180  encoder.o(.text)
    Read_Encoder                             0x08000f01   Thumb Code    78  encoder.o(.text)
    TIM2_IRQHandler                          0x08000f4f   Thumb Code    24  encoder.o(.text)
    TIM3_IRQHandler                          0x08000f67   Thumb Code    24  encoder.o(.text)
    TIM4_IRQHandler                          0x08000f7f   Thumb Code    24  encoder.o(.text)
    u2_printf                                0x08000fa9   Thumb Code    72  usart2.o(.text)
    usart2_detect                            0x08000ff1   Thumb Code   184  usart2.o(.text)
    USART2_IRQHandler                        0x080010a9   Thumb Code    96  usart2.o(.text)
    TIM7_Int_Init                            0x08001109   Thumb Code    86  usart2.o(.text)
    usart2_init                              0x0800115f   Thumb Code   194  usart2.o(.text)
    TIM7_IRQHandler                          0x08001221   Thumb Code    42  usart2.o(.text)
    u3_printf                                0x08001295   Thumb Code    72  usart3.o(.text)
    usart3_detect                            0x080012dd   Thumb Code   276  usart3.o(.text)
    USART3_IRQHandler                        0x080013f1   Thumb Code    96  usart3.o(.text)
    TIM5_Int_Init                            0x08001451   Thumb Code    86  usart3.o(.text)
    usart3_init                              0x080014a7   Thumb Code   192  usart3.o(.text)
    TIM5_IRQHandler                          0x08001567   Thumb Code    42  usart3.o(.text)
    delay_init                               0x080015f1   Thumb Code    52  delay.o(.text)
    delay_us                                 0x08001625   Thumb Code    72  delay.o(.text)
    delay_xms                                0x0800166d   Thumb Code    72  delay.o(.text)
    delay_ms                                 0x080016b5   Thumb Code    56  delay.o(.text)
    _sys_exit                                0x080016f5   Thumb Code     4  usart.o(.text)
    fputc                                    0x080016f9   Thumb Code    22  usart.o(.text)
    uart_init                                0x0800170f   Thumb Code   164  usart.o(.text)
    USART1_IRQHandler                        0x080017b3   Thumb Code   122  usart.o(.text)
    Reset_Handler                            0x0800183d   Thumb Code     8  startup_stm32f40_41xxx.o(.text)
    ADC_IRQHandler                           0x08001857   Thumb Code     0  startup_stm32f40_41xxx.o(.text)
    CAN1_RX0_IRQHandler                      0x08001857   Thumb Code     0  startup_stm32f40_41xxx.o(.text)
    CAN1_RX1_IRQHandler                      0x08001857   Thumb Code     0  startup_stm32f40_41xxx.o(.text)
    CAN1_SCE_IRQHandler                      0x08001857   Thumb Code     0  startup_stm32f40_41xxx.o(.text)
    CAN1_TX_IRQHandler                       0x08001857   Thumb Code     0  startup_stm32f40_41xxx.o(.text)
    CAN2_RX0_IRQHandler                      0x08001857   Thumb Code     0  startup_stm32f40_41xxx.o(.text)
    CAN2_RX1_IRQHandler                      0x08001857   Thumb Code     0  startup_stm32f40_41xxx.o(.text)
    CAN2_SCE_IRQHandler                      0x08001857   Thumb Code     0  startup_stm32f40_41xxx.o(.text)
    CAN2_TX_IRQHandler                       0x08001857   Thumb Code     0  startup_stm32f40_41xxx.o(.text)
    CRYP_IRQHandler                          0x08001857   Thumb Code     0  startup_stm32f40_41xxx.o(.text)
    DCMI_IRQHandler                          0x08001857   Thumb Code     0  startup_stm32f40_41xxx.o(.text)
    DMA1_Stream0_IRQHandler                  0x08001857   Thumb Code     0  startup_stm32f40_41xxx.o(.text)
    DMA1_Stream1_IRQHandler                  0x08001857   Thumb Code     0  startup_stm32f40_41xxx.o(.text)
    DMA1_Stream2_IRQHandler                  0x08001857   Thumb Code     0  startup_stm32f40_41xxx.o(.text)
    DMA1_Stream3_IRQHandler                  0x08001857   Thumb Code     0  startup_stm32f40_41xxx.o(.text)
    DMA1_Stream4_IRQHandler                  0x08001857   Thumb Code     0  startup_stm32f40_41xxx.o(.text)
    DMA1_Stream5_IRQHandler                  0x08001857   Thumb Code     0  startup_stm32f40_41xxx.o(.text)
    DMA1_Stream6_IRQHandler                  0x08001857   Thumb Code     0  startup_stm32f40_41xxx.o(.text)
    DMA1_Stream7_IRQHandler                  0x08001857   Thumb Code     0  startup_stm32f40_41xxx.o(.text)
    DMA2_Stream0_IRQHandler                  0x08001857   Thumb Code     0  startup_stm32f40_41xxx.o(.text)
    DMA2_Stream1_IRQHandler                  0x08001857   Thumb Code     0  startup_stm32f40_41xxx.o(.text)
    DMA2_Stream2_IRQHandler                  0x08001857   Thumb Code     0  startup_stm32f40_41xxx.o(.text)
    DMA2_Stream3_IRQHandler                  0x08001857   Thumb Code     0  startup_stm32f40_41xxx.o(.text)
    DMA2_Stream4_IRQHandler                  0x08001857   Thumb Code     0  startup_stm32f40_41xxx.o(.text)
    DMA2_Stream5_IRQHandler                  0x08001857   Thumb Code     0  startup_stm32f40_41xxx.o(.text)
    DMA2_Stream6_IRQHandler                  0x08001857   Thumb Code     0  startup_stm32f40_41xxx.o(.text)
    DMA2_Stream7_IRQHandler                  0x08001857   Thumb Code     0  startup_stm32f40_41xxx.o(.text)
    ETH_IRQHandler                           0x08001857   Thumb Code     0  startup_stm32f40_41xxx.o(.text)
    ETH_WKUP_IRQHandler                      0x08001857   Thumb Code     0  startup_stm32f40_41xxx.o(.text)
    EXTI0_IRQHandler                         0x08001857   Thumb Code     0  startup_stm32f40_41xxx.o(.text)
    EXTI1_IRQHandler                         0x08001857   Thumb Code     0  startup_stm32f40_41xxx.o(.text)
    EXTI2_IRQHandler                         0x08001857   Thumb Code     0  startup_stm32f40_41xxx.o(.text)
    EXTI3_IRQHandler                         0x08001857   Thumb Code     0  startup_stm32f40_41xxx.o(.text)
    EXTI4_IRQHandler                         0x08001857   Thumb Code     0  startup_stm32f40_41xxx.o(.text)
    EXTI9_5_IRQHandler                       0x08001857   Thumb Code     0  startup_stm32f40_41xxx.o(.text)
    FLASH_IRQHandler                         0x08001857   Thumb Code     0  startup_stm32f40_41xxx.o(.text)
    FPU_IRQHandler                           0x08001857   Thumb Code     0  startup_stm32f40_41xxx.o(.text)
    FSMC_IRQHandler                          0x08001857   Thumb Code     0  startup_stm32f40_41xxx.o(.text)
    HASH_RNG_IRQHandler                      0x08001857   Thumb Code     0  startup_stm32f40_41xxx.o(.text)
    I2C1_ER_IRQHandler                       0x08001857   Thumb Code     0  startup_stm32f40_41xxx.o(.text)
    I2C1_EV_IRQHandler                       0x08001857   Thumb Code     0  startup_stm32f40_41xxx.o(.text)
    I2C2_ER_IRQHandler                       0x08001857   Thumb Code     0  startup_stm32f40_41xxx.o(.text)
    I2C2_EV_IRQHandler                       0x08001857   Thumb Code     0  startup_stm32f40_41xxx.o(.text)
    I2C3_ER_IRQHandler                       0x08001857   Thumb Code     0  startup_stm32f40_41xxx.o(.text)
    I2C3_EV_IRQHandler                       0x08001857   Thumb Code     0  startup_stm32f40_41xxx.o(.text)
    OTG_FS_IRQHandler                        0x08001857   Thumb Code     0  startup_stm32f40_41xxx.o(.text)
    OTG_FS_WKUP_IRQHandler                   0x08001857   Thumb Code     0  startup_stm32f40_41xxx.o(.text)
    OTG_HS_EP1_IN_IRQHandler                 0x08001857   Thumb Code     0  startup_stm32f40_41xxx.o(.text)
    OTG_HS_EP1_OUT_IRQHandler                0x08001857   Thumb Code     0  startup_stm32f40_41xxx.o(.text)
    OTG_HS_IRQHandler                        0x08001857   Thumb Code     0  startup_stm32f40_41xxx.o(.text)
    OTG_HS_WKUP_IRQHandler                   0x08001857   Thumb Code     0  startup_stm32f40_41xxx.o(.text)
    PVD_IRQHandler                           0x08001857   Thumb Code     0  startup_stm32f40_41xxx.o(.text)
    RCC_IRQHandler                           0x08001857   Thumb Code     0  startup_stm32f40_41xxx.o(.text)
    RTC_Alarm_IRQHandler                     0x08001857   Thumb Code     0  startup_stm32f40_41xxx.o(.text)
    RTC_WKUP_IRQHandler                      0x08001857   Thumb Code     0  startup_stm32f40_41xxx.o(.text)
    SDIO_IRQHandler                          0x08001857   Thumb Code     0  startup_stm32f40_41xxx.o(.text)
    SPI1_IRQHandler                          0x08001857   Thumb Code     0  startup_stm32f40_41xxx.o(.text)
    SPI2_IRQHandler                          0x08001857   Thumb Code     0  startup_stm32f40_41xxx.o(.text)
    SPI3_IRQHandler                          0x08001857   Thumb Code     0  startup_stm32f40_41xxx.o(.text)
    TAMP_STAMP_IRQHandler                    0x08001857   Thumb Code     0  startup_stm32f40_41xxx.o(.text)
    TIM1_BRK_TIM9_IRQHandler                 0x08001857   Thumb Code     0  startup_stm32f40_41xxx.o(.text)
    TIM1_CC_IRQHandler                       0x08001857   Thumb Code     0  startup_stm32f40_41xxx.o(.text)
    TIM1_TRG_COM_TIM11_IRQHandler            0x08001857   Thumb Code     0  startup_stm32f40_41xxx.o(.text)
    TIM1_UP_TIM10_IRQHandler                 0x08001857   Thumb Code     0  startup_stm32f40_41xxx.o(.text)
    TIM6_DAC_IRQHandler                      0x08001857   Thumb Code     0  startup_stm32f40_41xxx.o(.text)
    TIM8_BRK_TIM12_IRQHandler                0x08001857   Thumb Code     0  startup_stm32f40_41xxx.o(.text)
    TIM8_CC_IRQHandler                       0x08001857   Thumb Code     0  startup_stm32f40_41xxx.o(.text)
    TIM8_TRG_COM_TIM14_IRQHandler            0x08001857   Thumb Code     0  startup_stm32f40_41xxx.o(.text)
    TIM8_UP_TIM13_IRQHandler                 0x08001857   Thumb Code     0  startup_stm32f40_41xxx.o(.text)
    UART4_IRQHandler                         0x08001857   Thumb Code     0  startup_stm32f40_41xxx.o(.text)
    UART5_IRQHandler                         0x08001857   Thumb Code     0  startup_stm32f40_41xxx.o(.text)
    USART6_IRQHandler                        0x08001857   Thumb Code     0  startup_stm32f40_41xxx.o(.text)
    WWDG_IRQHandler                          0x08001857   Thumb Code     0  startup_stm32f40_41xxx.o(.text)
    __user_initial_stackheap                 0x08001859   Thumb Code     0  startup_stm32f40_41xxx.o(.text)
    NVIC_PriorityGroupConfig                 0x0800187d   Thumb Code    10  misc.o(.text)
    NVIC_Init                                0x08001887   Thumb Code   106  misc.o(.text)
    NVIC_SetVectorTable                      0x080018f1   Thumb Code    14  misc.o(.text)
    NVIC_SystemLPConfig                      0x080018ff   Thumb Code    34  misc.o(.text)
    SysTick_CLKSourceConfig                  0x08001921   Thumb Code    40  misc.o(.text)
    EXTI_DeInit                              0x0800195d   Thumb Code    28  stm32f4xx_exti.o(.text)
    EXTI_Init                                0x08001979   Thumb Code   142  stm32f4xx_exti.o(.text)
    EXTI_StructInit                          0x08001a07   Thumb Code    16  stm32f4xx_exti.o(.text)
    EXTI_GenerateSWInterrupt                 0x08001a17   Thumb Code    16  stm32f4xx_exti.o(.text)
    EXTI_GetFlagStatus                       0x08001a27   Thumb Code    22  stm32f4xx_exti.o(.text)
    EXTI_ClearFlag                           0x08001a3d   Thumb Code     8  stm32f4xx_exti.o(.text)
    EXTI_GetITStatus                         0x08001a45   Thumb Code    22  stm32f4xx_exti.o(.text)
    EXTI_ClearITPendingBit                   0x08001a5b   Thumb Code     8  stm32f4xx_exti.o(.text)
    GPIO_DeInit                              0x08001a6d   Thumb Code   268  stm32f4xx_gpio.o(.text)
    GPIO_Init                                0x08001b79   Thumb Code   144  stm32f4xx_gpio.o(.text)
    GPIO_StructInit                          0x08001c09   Thumb Code    18  stm32f4xx_gpio.o(.text)
    GPIO_PinLockConfig                       0x08001c1b   Thumb Code    34  stm32f4xx_gpio.o(.text)
    GPIO_ReadInputDataBit                    0x08001c3d   Thumb Code    18  stm32f4xx_gpio.o(.text)
    GPIO_ReadInputData                       0x08001c4f   Thumb Code     8  stm32f4xx_gpio.o(.text)
    GPIO_ReadOutputDataBit                   0x08001c57   Thumb Code    18  stm32f4xx_gpio.o(.text)
    GPIO_ReadOutputData                      0x08001c69   Thumb Code     8  stm32f4xx_gpio.o(.text)
    GPIO_SetBits                             0x08001c71   Thumb Code     4  stm32f4xx_gpio.o(.text)
    GPIO_ResetBits                           0x08001c75   Thumb Code     4  stm32f4xx_gpio.o(.text)
    GPIO_WriteBit                            0x08001c79   Thumb Code    10  stm32f4xx_gpio.o(.text)
    GPIO_Write                               0x08001c83   Thumb Code     4  stm32f4xx_gpio.o(.text)
    GPIO_ToggleBits                          0x08001c87   Thumb Code     8  stm32f4xx_gpio.o(.text)
    GPIO_PinAFConfig                         0x08001c8f   Thumb Code    70  stm32f4xx_gpio.o(.text)
    RCC_DeInit                               0x08001d01   Thumb Code    82  stm32f4xx_rcc.o(.text)
    RCC_HSEConfig                            0x08001d53   Thumb Code    14  stm32f4xx_rcc.o(.text)
    RCC_GetFlagStatus                        0x08001d61   Thumb Code    60  stm32f4xx_rcc.o(.text)
    RCC_WaitForHSEStartUp                    0x08001d9d   Thumb Code    56  stm32f4xx_rcc.o(.text)
    RCC_AdjustHSICalibrationValue            0x08001dd5   Thumb Code    20  stm32f4xx_rcc.o(.text)
    RCC_HSICmd                               0x08001de9   Thumb Code     6  stm32f4xx_rcc.o(.text)
    RCC_LSEConfig                            0x08001def   Thumb Code    46  stm32f4xx_rcc.o(.text)
    RCC_LSICmd                               0x08001e1d   Thumb Code     6  stm32f4xx_rcc.o(.text)
    RCC_PLLConfig                            0x08001e23   Thumb Code    32  stm32f4xx_rcc.o(.text)
    RCC_PLLCmd                               0x08001e43   Thumb Code     6  stm32f4xx_rcc.o(.text)
    RCC_PLLI2SConfig                         0x08001e49   Thumb Code    14  stm32f4xx_rcc.o(.text)
    RCC_PLLI2SCmd                            0x08001e57   Thumb Code     6  stm32f4xx_rcc.o(.text)
    RCC_PLLSAIConfig                         0x08001e5d   Thumb Code    20  stm32f4xx_rcc.o(.text)
    RCC_PLLSAICmd                            0x08001e71   Thumb Code     6  stm32f4xx_rcc.o(.text)
    RCC_ClockSecuritySystemCmd               0x08001e77   Thumb Code     6  stm32f4xx_rcc.o(.text)
    RCC_MCO1Config                           0x08001e7d   Thumb Code    28  stm32f4xx_rcc.o(.text)
    RCC_MCO2Config                           0x08001e99   Thumb Code    28  stm32f4xx_rcc.o(.text)
    RCC_SYSCLKConfig                         0x08001eb5   Thumb Code    20  stm32f4xx_rcc.o(.text)
    RCC_GetSYSCLKSource                      0x08001ec9   Thumb Code    12  stm32f4xx_rcc.o(.text)
    RCC_HCLKConfig                           0x08001ed5   Thumb Code    20  stm32f4xx_rcc.o(.text)
    RCC_PCLK1Config                          0x08001ee9   Thumb Code    20  stm32f4xx_rcc.o(.text)
    RCC_PCLK2Config                          0x08001efd   Thumb Code    22  stm32f4xx_rcc.o(.text)
    RCC_GetClocksFreq                        0x08001f13   Thumb Code   222  stm32f4xx_rcc.o(.text)
    RCC_RTCCLKConfig                         0x08001ff1   Thumb Code    54  stm32f4xx_rcc.o(.text)
    RCC_RTCCLKCmd                            0x08002027   Thumb Code     8  stm32f4xx_rcc.o(.text)
    RCC_BackupResetCmd                       0x0800202f   Thumb Code     8  stm32f4xx_rcc.o(.text)
    RCC_I2SCLKConfig                         0x08002037   Thumb Code     6  stm32f4xx_rcc.o(.text)
    RCC_SAIPLLI2SClkDivConfig                0x0800203d   Thumb Code    26  stm32f4xx_rcc.o(.text)
    RCC_SAIPLLSAIClkDivConfig                0x08002057   Thumb Code    28  stm32f4xx_rcc.o(.text)
    RCC_SAIBlockACLKConfig                   0x08002073   Thumb Code    20  stm32f4xx_rcc.o(.text)
    RCC_SAIBlockBCLKConfig                   0x08002087   Thumb Code    20  stm32f4xx_rcc.o(.text)
    RCC_LTDCCLKDivConfig                     0x0800209b   Thumb Code    20  stm32f4xx_rcc.o(.text)
    RCC_TIMCLKPresConfig                     0x080020af   Thumb Code     6  stm32f4xx_rcc.o(.text)
    RCC_AHB1PeriphClockCmd                   0x080020b5   Thumb Code    34  stm32f4xx_rcc.o(.text)
    RCC_AHB2PeriphClockCmd                   0x080020d7   Thumb Code    78  stm32f4xx_rcc.o(.text)
    RCC_AHB3PeriphClockCmd                   0x08002125   Thumb Code    34  stm32f4xx_rcc.o(.text)
    RCC_APB1PeriphClockCmd                   0x08002147   Thumb Code    34  stm32f4xx_rcc.o(.text)
    RCC_APB2PeriphClockCmd                   0x08002169   Thumb Code    34  stm32f4xx_rcc.o(.text)
    RCC_AHB1PeriphResetCmd                   0x0800218b   Thumb Code    34  stm32f4xx_rcc.o(.text)
    RCC_AHB2PeriphResetCmd                   0x080021ad   Thumb Code    34  stm32f4xx_rcc.o(.text)
    RCC_AHB3PeriphResetCmd                   0x080021cf   Thumb Code    34  stm32f4xx_rcc.o(.text)
    RCC_APB1PeriphResetCmd                   0x080021f1   Thumb Code    34  stm32f4xx_rcc.o(.text)
    RCC_APB2PeriphResetCmd                   0x08002213   Thumb Code    34  stm32f4xx_rcc.o(.text)
    RCC_AHB1PeriphClockLPModeCmd             0x08002235   Thumb Code    34  stm32f4xx_rcc.o(.text)
    RCC_AHB2PeriphClockLPModeCmd             0x08002257   Thumb Code    34  stm32f4xx_rcc.o(.text)
    RCC_AHB3PeriphClockLPModeCmd             0x08002279   Thumb Code    34  stm32f4xx_rcc.o(.text)
    RCC_APB1PeriphClockLPModeCmd             0x0800229b   Thumb Code    34  stm32f4xx_rcc.o(.text)
    RCC_APB2PeriphClockLPModeCmd             0x080022bd   Thumb Code    34  stm32f4xx_rcc.o(.text)
    RCC_LSEModeConfig                        0x080022df   Thumb Code    40  stm32f4xx_rcc.o(.text)
    RCC_ITConfig                             0x08002307   Thumb Code    34  stm32f4xx_rcc.o(.text)
    RCC_ClearFlag                            0x08002329   Thumb Code    18  stm32f4xx_rcc.o(.text)
    RCC_GetITStatus                          0x0800233b   Thumb Code    22  stm32f4xx_rcc.o(.text)
    RCC_ClearITPendingBit                    0x08002351   Thumb Code     8  stm32f4xx_rcc.o(.text)
    TIM_DeInit                               0x0800235d   Thumb Code   346  stm32f4xx_tim.o(.text)
    TIM_TimeBaseInit                         0x080024b7   Thumb Code   104  stm32f4xx_tim.o(.text)
    TIM_TimeBaseStructInit                   0x0800251f   Thumb Code    18  stm32f4xx_tim.o(.text)
    TIM_PrescalerConfig                      0x08002531   Thumb Code     6  stm32f4xx_tim.o(.text)
    TIM_CounterModeConfig                    0x08002537   Thumb Code    18  stm32f4xx_tim.o(.text)
    TIM_SetCounter                           0x08002549   Thumb Code     4  stm32f4xx_tim.o(.text)
    TIM_SetAutoreload                        0x0800254d   Thumb Code     4  stm32f4xx_tim.o(.text)
    TIM_GetCounter                           0x08002551   Thumb Code     6  stm32f4xx_tim.o(.text)
    TIM_GetPrescaler                         0x08002557   Thumb Code     6  stm32f4xx_tim.o(.text)
    TIM_UpdateDisableConfig                  0x0800255d   Thumb Code    24  stm32f4xx_tim.o(.text)
    TIM_UpdateRequestConfig                  0x08002575   Thumb Code    24  stm32f4xx_tim.o(.text)
    TIM_ARRPreloadConfig                     0x0800258d   Thumb Code    24  stm32f4xx_tim.o(.text)
    TIM_SelectOnePulseMode                   0x080025a5   Thumb Code    18  stm32f4xx_tim.o(.text)
    TIM_SetClockDivision                     0x080025b7   Thumb Code    18  stm32f4xx_tim.o(.text)
    TIM_Cmd                                  0x080025c9   Thumb Code    24  stm32f4xx_tim.o(.text)
    TIM_OC1Init                              0x080025e1   Thumb Code   114  stm32f4xx_tim.o(.text)
    TIM_OC2Init                              0x08002653   Thumb Code   154  stm32f4xx_tim.o(.text)
    TIM_OC3Init                              0x080026ed   Thumb Code   204  stm32f4xx_tim.o(.text)
    TIM_OC4Init                              0x080027b9   Thumb Code   112  stm32f4xx_tim.o(.text)
    TIM_OCStructInit                         0x08002829   Thumb Code    20  stm32f4xx_tim.o(.text)
    TIM_SelectOCxM                           0x0800283d   Thumb Code    86  stm32f4xx_tim.o(.text)
    TIM_SetCompare1                          0x08002893   Thumb Code     4  stm32f4xx_tim.o(.text)
    TIM_SetCompare2                          0x08002897   Thumb Code     4  stm32f4xx_tim.o(.text)
    TIM_SetCompare3                          0x0800289b   Thumb Code     4  stm32f4xx_tim.o(.text)
    TIM_SetCompare4                          0x0800289f   Thumb Code     4  stm32f4xx_tim.o(.text)
    TIM_ForcedOC1Config                      0x080028a3   Thumb Code    18  stm32f4xx_tim.o(.text)
    TIM_ForcedOC2Config                      0x080028b5   Thumb Code    26  stm32f4xx_tim.o(.text)
    TIM_ForcedOC3Config                      0x080028cf   Thumb Code    18  stm32f4xx_tim.o(.text)
    TIM_ForcedOC4Config                      0x080028e1   Thumb Code    26  stm32f4xx_tim.o(.text)
    TIM_OC1PreloadConfig                     0x080028fb   Thumb Code    18  stm32f4xx_tim.o(.text)
    TIM_OC2PreloadConfig                     0x0800290d   Thumb Code    26  stm32f4xx_tim.o(.text)
    TIM_OC3PreloadConfig                     0x08002927   Thumb Code    18  stm32f4xx_tim.o(.text)
    TIM_OC4PreloadConfig                     0x08002939   Thumb Code    26  stm32f4xx_tim.o(.text)
    TIM_OC1FastConfig                        0x08002953   Thumb Code    18  stm32f4xx_tim.o(.text)
    TIM_OC2FastConfig                        0x08002965   Thumb Code    26  stm32f4xx_tim.o(.text)
    TIM_OC3FastConfig                        0x0800297f   Thumb Code    18  stm32f4xx_tim.o(.text)
    TIM_OC4FastConfig                        0x08002991   Thumb Code    26  stm32f4xx_tim.o(.text)
    TIM_ClearOC1Ref                          0x080029ab   Thumb Code    18  stm32f4xx_tim.o(.text)
    TIM_ClearOC2Ref                          0x080029bd   Thumb Code    24  stm32f4xx_tim.o(.text)
    TIM_ClearOC3Ref                          0x080029d5   Thumb Code    18  stm32f4xx_tim.o(.text)
    TIM_ClearOC4Ref                          0x080029e7   Thumb Code    24  stm32f4xx_tim.o(.text)
    TIM_OC1PolarityConfig                    0x080029ff   Thumb Code    18  stm32f4xx_tim.o(.text)
    TIM_OC1NPolarityConfig                   0x08002a11   Thumb Code    18  stm32f4xx_tim.o(.text)
    TIM_OC2PolarityConfig                    0x08002a23   Thumb Code    26  stm32f4xx_tim.o(.text)
    TIM_OC2NPolarityConfig                   0x08002a3d   Thumb Code    26  stm32f4xx_tim.o(.text)
    TIM_OC3PolarityConfig                    0x08002a57   Thumb Code    26  stm32f4xx_tim.o(.text)
    TIM_OC3NPolarityConfig                   0x08002a71   Thumb Code    26  stm32f4xx_tim.o(.text)
    TIM_OC4PolarityConfig                    0x08002a8b   Thumb Code    26  stm32f4xx_tim.o(.text)
    TIM_CCxCmd                               0x08002aa5   Thumb Code    30  stm32f4xx_tim.o(.text)
    TIM_CCxNCmd                              0x08002ac3   Thumb Code    30  stm32f4xx_tim.o(.text)
    TIM_SetIC4Prescaler                      0x08002ae1   Thumb Code    26  stm32f4xx_tim.o(.text)
    TIM_SetIC3Prescaler                      0x08002b4b   Thumb Code    18  stm32f4xx_tim.o(.text)
    TIM_SetIC2Prescaler                      0x08002ba5   Thumb Code    26  stm32f4xx_tim.o(.text)
    TIM_SetIC1Prescaler                      0x08002c19   Thumb Code    18  stm32f4xx_tim.o(.text)
    TIM_ICInit                               0x08002c65   Thumb Code   110  stm32f4xx_tim.o(.text)
    TIM_ICStructInit                         0x08002cd3   Thumb Code    18  stm32f4xx_tim.o(.text)
    TIM_PWMIConfig                           0x08002ce5   Thumb Code   124  stm32f4xx_tim.o(.text)
    TIM_GetCapture1                          0x08002d61   Thumb Code     6  stm32f4xx_tim.o(.text)
    TIM_GetCapture2                          0x08002d67   Thumb Code     6  stm32f4xx_tim.o(.text)
    TIM_GetCapture3                          0x08002d6d   Thumb Code     6  stm32f4xx_tim.o(.text)
    TIM_GetCapture4                          0x08002d73   Thumb Code     6  stm32f4xx_tim.o(.text)
    TIM_BDTRConfig                           0x08002d79   Thumb Code    32  stm32f4xx_tim.o(.text)
    TIM_BDTRStructInit                       0x08002d99   Thumb Code    18  stm32f4xx_tim.o(.text)
    TIM_CtrlPWMOutputs                       0x08002dab   Thumb Code    30  stm32f4xx_tim.o(.text)
    TIM_SelectCOM                            0x08002dc9   Thumb Code    24  stm32f4xx_tim.o(.text)
    TIM_CCPreloadControl                     0x08002de1   Thumb Code    24  stm32f4xx_tim.o(.text)
    TIM_ITConfig                             0x08002df9   Thumb Code    18  stm32f4xx_tim.o(.text)
    TIM_GenerateEvent                        0x08002e0b   Thumb Code     4  stm32f4xx_tim.o(.text)
    TIM_GetFlagStatus                        0x08002e0f   Thumb Code    18  stm32f4xx_tim.o(.text)
    TIM_ClearFlag                            0x08002e21   Thumb Code     6  stm32f4xx_tim.o(.text)
    TIM_GetITStatus                          0x08002e27   Thumb Code    34  stm32f4xx_tim.o(.text)
    TIM_ClearITPendingBit                    0x08002e49   Thumb Code     6  stm32f4xx_tim.o(.text)
    TIM_DMAConfig                            0x08002e4f   Thumb Code    10  stm32f4xx_tim.o(.text)
    TIM_DMACmd                               0x08002e59   Thumb Code    18  stm32f4xx_tim.o(.text)
    TIM_SelectCCDMA                          0x08002e6b   Thumb Code    24  stm32f4xx_tim.o(.text)
    TIM_InternalClockConfig                  0x08002e83   Thumb Code    12  stm32f4xx_tim.o(.text)
    TIM_SelectInputTrigger                   0x08002e8f   Thumb Code    18  stm32f4xx_tim.o(.text)
    TIM_ITRxExternalClockConfig              0x08002ea1   Thumb Code    24  stm32f4xx_tim.o(.text)
    TIM_TIxExternalClockConfig               0x08002eb9   Thumb Code    62  stm32f4xx_tim.o(.text)
    TIM_ETRConfig                            0x08002ef7   Thumb Code    28  stm32f4xx_tim.o(.text)
    TIM_ETRClockMode1Config                  0x08002f13   Thumb Code    54  stm32f4xx_tim.o(.text)
    TIM_ETRClockMode2Config                  0x08002f49   Thumb Code    32  stm32f4xx_tim.o(.text)
    TIM_SelectOutputTrigger                  0x08002f69   Thumb Code    18  stm32f4xx_tim.o(.text)
    TIM_SelectSlaveMode                      0x08002f7b   Thumb Code    18  stm32f4xx_tim.o(.text)
    TIM_SelectMasterSlaveMode                0x08002f8d   Thumb Code    18  stm32f4xx_tim.o(.text)
    TIM_EncoderInterfaceConfig               0x08002f9f   Thumb Code    66  stm32f4xx_tim.o(.text)
    TIM_SelectHallSensor                     0x08002fe1   Thumb Code    24  stm32f4xx_tim.o(.text)
    TIM_RemapConfig                          0x08002ff9   Thumb Code     6  stm32f4xx_tim.o(.text)
    USART_DeInit                             0x08003001   Thumb Code   206  stm32f4xx_usart.o(.text)
    USART_Init                               0x080030cf   Thumb Code   204  stm32f4xx_usart.o(.text)
    USART_StructInit                         0x0800319b   Thumb Code    24  stm32f4xx_usart.o(.text)
    USART_ClockInit                          0x080031b3   Thumb Code    32  stm32f4xx_usart.o(.text)
    USART_ClockStructInit                    0x080031d3   Thumb Code    12  stm32f4xx_usart.o(.text)
    USART_Cmd                                0x080031df   Thumb Code    24  stm32f4xx_usart.o(.text)
    USART_SetPrescaler                       0x080031f7   Thumb Code    16  stm32f4xx_usart.o(.text)
    USART_OverSampling8Cmd                   0x08003207   Thumb Code    22  stm32f4xx_usart.o(.text)
    USART_OneBitMethodCmd                    0x0800321d   Thumb Code    24  stm32f4xx_usart.o(.text)
    USART_SendData                           0x08003235   Thumb Code     8  stm32f4xx_usart.o(.text)
    USART_ReceiveData                        0x0800323d   Thumb Code    10  stm32f4xx_usart.o(.text)
    USART_SetAddress                         0x08003247   Thumb Code    18  stm32f4xx_usart.o(.text)
    USART_ReceiverWakeUpCmd                  0x08003259   Thumb Code    24  stm32f4xx_usart.o(.text)
    USART_WakeUpConfig                       0x08003271   Thumb Code    18  stm32f4xx_usart.o(.text)
    USART_LINBreakDetectLengthConfig         0x08003283   Thumb Code    18  stm32f4xx_usart.o(.text)
    USART_LINCmd                             0x08003295   Thumb Code    24  stm32f4xx_usart.o(.text)
    USART_SendBreak                          0x080032ad   Thumb Code    10  stm32f4xx_usart.o(.text)
    USART_HalfDuplexCmd                      0x080032b7   Thumb Code    24  stm32f4xx_usart.o(.text)
    USART_SetGuardTime                       0x080032cf   Thumb Code    16  stm32f4xx_usart.o(.text)
    USART_SmartCardCmd                       0x080032df   Thumb Code    24  stm32f4xx_usart.o(.text)
    USART_SmartCardNACKCmd                   0x080032f7   Thumb Code    24  stm32f4xx_usart.o(.text)
    USART_IrDAConfig                         0x0800330f   Thumb Code    18  stm32f4xx_usart.o(.text)
    USART_IrDACmd                            0x08003321   Thumb Code    24  stm32f4xx_usart.o(.text)
    USART_DMACmd                             0x08003339   Thumb Code    18  stm32f4xx_usart.o(.text)
    USART_ITConfig                           0x0800334b   Thumb Code    74  stm32f4xx_usart.o(.text)
    USART_GetFlagStatus                      0x08003395   Thumb Code    26  stm32f4xx_usart.o(.text)
    USART_ClearFlag                          0x080033af   Thumb Code    18  stm32f4xx_usart.o(.text)
    USART_GetITStatus                        0x080033c1   Thumb Code   118  stm32f4xx_usart.o(.text)
    USART_ClearITPendingBit                  0x08003437   Thumb Code    30  stm32f4xx_usart.o(.text)
    __use_no_semihosting                     0x08003455   Thumb Code     2  use_no_semi_2.o(.text)
    __c89vsprintf                            0x08003459   Thumb Code    32  c89vsprintf.o(.text)
    _printf_pre_padding                      0x0800347d   Thumb Code    44  _printf_pad.o(.text)
    _printf_post_padding                     0x080034a9   Thumb Code    34  _printf_pad.o(.text)
    _printf_int_dec                          0x080034cd   Thumb Code   104  _printf_dec.o(.text)
    _printf_longlong_hex                     0x08003545   Thumb Code    86  _printf_hex_int_ll_ptr.o(.text)
    _printf_int_hex                          0x0800359b   Thumb Code    28  _printf_hex_int_ll_ptr.o(.text)
    _printf_ll_hex                           0x080035b7   Thumb Code    12  _printf_hex_int_ll_ptr.o(.text)
    _printf_hex_ptr                          0x080035c3   Thumb Code    18  _printf_hex_int_ll_ptr.o(.text)
    __printf                                 0x080035d9   Thumb Code   388  __printf_flags_ss_wp.o(.text)
    atoi                                     0x08003761   Thumb Code    26  atoi.o(.text)
    strlen                                   0x0800377b   Thumb Code    62  strlen.o(.text)
    strncmp                                  0x080037b9   Thumb Code   150  strncmp.o(.text)
    __use_two_region_memory                  0x0800384f   Thumb Code     2  heapauxi.o(.text)
    __rt_heap_escrow$2region                 0x08003851   Thumb Code     2  heapauxi.o(.text)
    __rt_heap_expand$2region                 0x08003853   Thumb Code     2  heapauxi.o(.text)
    __I$use$semihosting                      0x08003855   Thumb Code     0  use_no_semi.o(.text)
    __use_no_semihosting_swi                 0x08003855   Thumb Code     2  use_no_semi.o(.text)
    __aeabi_errno_addr                       0x08003859   Thumb Code     8  rt_errno_addr_intlibspace.o(.text)
    __errno$intlibspace                      0x08003859   Thumb Code     0  rt_errno_addr_intlibspace.o(.text)
    __rt_errno_addr$intlibspace              0x08003859   Thumb Code     0  rt_errno_addr_intlibspace.o(.text)
    _printf_truncate_signed                  0x08003861   Thumb Code    18  _printf_truncate.o(.text)
    _printf_truncate_unsigned                0x08003873   Thumb Code    18  _printf_truncate.o(.text)
    _printf_str                              0x08003885   Thumb Code    82  _printf_str.o(.text)
    _printf_int_common                       0x080038d7   Thumb Code   178  _printf_intcommon.o(.text)
    _printf_charcount                        0x08003989   Thumb Code    40  _printf_charcount.o(.text)
    _printf_char_common                      0x080039bb   Thumb Code    32  _printf_char_common.o(.text)
    _sputc                                   0x080039e1   Thumb Code    10  _sputc.o(.text)
    _printf_wctomb                           0x080039ed   Thumb Code   182  _printf_wctomb.o(.text)
    _printf_longlong_dec                     0x08003aa9   Thumb Code   108  _printf_longlong_dec.o(.text)
    _printf_longlong_oct                     0x08003b25   Thumb Code    66  _printf_oct_int_ll.o(.text)
    _printf_int_oct                          0x08003b67   Thumb Code    24  _printf_oct_int_ll.o(.text)
    _printf_ll_oct                           0x08003b7f   Thumb Code    12  _printf_oct_int_ll.o(.text)
    strtol                                   0x08003b95   Thumb Code   112  strtol.o(.text)
    __user_libspace                          0x08003c05   Thumb Code     8  libspace.o(.text)
    __user_perproc_libspace                  0x08003c05   Thumb Code     0  libspace.o(.text)
    __user_perthread_libspace                0x08003c05   Thumb Code     0  libspace.o(.text)
    __rt_ctype_table                         0x08003c0d   Thumb Code    16  rt_ctype_table.o(.text)
    _ll_udiv10                               0x08003c1d   Thumb Code   138  lludiv10.o(.text)
    __lib_sel_fp_printf                      0x08003ca7   Thumb Code     2  _printf_fp_dec.o(.text)
    _printf_fp_dec_real                      0x08003e59   Thumb Code   620  _printf_fp_dec.o(.text)
    _printf_cs_common                        0x080040c5   Thumb Code    20  _printf_char.o(.text)
    _printf_char                             0x080040d9   Thumb Code    16  _printf_char.o(.text)
    _printf_string                           0x080040e9   Thumb Code     8  _printf_char.o(.text)
    _printf_lcs_common                       0x080040f1   Thumb Code    20  _printf_wchar.o(.text)
    _printf_wchar                            0x08004105   Thumb Code    16  _printf_wchar.o(.text)
    _printf_wstring                          0x08004115   Thumb Code     8  _printf_wchar.o(.text)
    _strtoul                                 0x0800411d   Thumb Code   158  _strtoul.o(.text)
    _wcrtomb                                 0x080041bb   Thumb Code    64  _wcrtomb.o(.text)
    __user_setup_stackheap                   0x080041fb   Thumb Code    74  sys_stackheap_outer.o(.text)
    __rt_locale                              0x08004245   Thumb Code     8  rt_locale_intlibspace.o(.text)
    _printf_fp_infnan                        0x0800424d   Thumb Code   112  _printf_fp_infnan.o(.text)
    _chval                                   0x080042cd   Thumb Code    28  _chval.o(.text)
    _btod_etento                             0x080042e9   Thumb Code   224  bigflt0.o(.text)
    exit                                     0x080043cd   Thumb Code    18  exit.o(.text)
    strcmp                                   0x080043e1   Thumb Code   128  strcmpv7m.o(.text)
    _btod_d2e                                0x08004461   Thumb Code    62  btod.o(CL$$btod_d2e)
    _d2e_denorm_low                          0x0800449f   Thumb Code    70  btod.o(CL$$btod_d2e_denorm_low)
    _d2e_norm_op1                            0x080044e5   Thumb Code    96  btod.o(CL$$btod_d2e_norm_op1)
    __btod_div_common                        0x08004545   Thumb Code   696  btod.o(CL$$btod_div_common)
    _e2e                                     0x0800487d   Thumb Code   220  btod.o(CL$$btod_e2e)
    _btod_ediv                               0x08004959   Thumb Code    42  btod.o(CL$$btod_ediv)
    _btod_emul                               0x08004983   Thumb Code    42  btod.o(CL$$btod_emul)
    __btod_mult_common                       0x080049ad   Thumb Code   580  btod.o(CL$$btod_mult_common)
    __ARM_fpclassify                         0x08004bf1   Thumb Code    48  fpclassify.o(i.__ARM_fpclassify)
    _is_digit                                0x08004c21   Thumb Code    14  __printf_wp.o(i._is_digit)
    _get_lc_ctype                            0x08004c31   Thumb Code    44  lc_ctype_c.o(locale$$code)
    _get_lc_numeric                          0x08004c5d   Thumb Code    44  lc_numeric_c.o(locale$$code)
    _fp_init                                 0x08004c89   Thumb Code    10  fpinit.o(x$fpl$fpinit)
    __fplib_config_fpu_vfp                   0x08004c91   Thumb Code     0  fpinit.o(x$fpl$fpinit)
    __fplib_config_pureend_doubles           0x08004c91   Thumb Code     0  fpinit.o(x$fpl$fpinit)
    _printf_fp_dec                           0x08004c93   Thumb Code     4  printf1.o(x$fpl$printf1)
    __I$use$fp                               0x08004c96   Number         0  usenofp.o(x$fpl$usenofp)
    Region$$Table$$Base                      0x08004d6c   Number         0  anon$$obj.o(Region$$Table)
    Region$$Table$$Limit                     0x08004d8c   Number         0  anon$$obj.o(Region$$Table)
    __ctype                                  0x08004d99   Data           0  lc_ctype_c.o(locale$$data)
    SystemCoreClock                          0x20000000   Data           4  system_stm32f4xx.o(.data)
    AHBPrescTable                            0x20000004   Data          16  system_stm32f4xx.o(.data)
    USART2_RX_STA                            0x2000002a   Data           2  usart2.o(.data)
    flag_detect                              0x2000002c   Data           4  usart3.o(.data)
    steer2_detect                            0x20000030   Data           4  usart3.o(.data)
    USART3_RX_STA                            0x20000034   Data           2  usart3.o(.data)
    __stdout                                 0x2000003c   Data           4  usart.o(.data)
    USART_RX_STA                             0x20000040   Data           2  usart.o(.data)
    USART2_TX_BUF                            0x20000058   Data         400  usart2.o(.bss)
    USART2_RX_BUF                            0x200001e8   Data         400  usart2.o(.bss)
    USART3_TX_BUF                            0x20000378   Data         400  usart3.o(.bss)
    USART3_RX_BUF                            0x20000508   Data         400  usart3.o(.bss)
    USART_RX_BUF                             0x20000698   Data         200  usart.o(.bss)
    __libspace_start                         0x20000760   Data          96  libspace.o(.bss)
    __temporary_stack_top$libspace           0x200007c0   Data           0  libspace.o(.bss)



==============================================================================

Memory Map of the image

  Image Entry point : 0x08000189

  Load Region LR_IROM1 (Base: 0x08000000, Size: 0x00004f0c, Max: 0x00080000, ABSOLUTE)

    Execution Region ER_IROM1 (Exec base: 0x08000000, Load base: 0x08000000, Size: 0x00004eb8, Max: 0x00080000, ABSOLUTE)

    Exec Addr    Load Addr    Size         Type   Attr      Idx    E Section Name        Object

    0x08000000   0x08000000   0x00000188   Data   RO          689    RESET               startup_stm32f40_41xxx.o
    0x08000188   0x08000188   0x00000008   Code   RO         1199  * !!!main             c_w.l(__main.o)
    0x08000190   0x08000190   0x00000034   Code   RO         1607    !!!scatter          c_w.l(__scatter.o)
    0x080001c4   0x080001c4   0x0000001a   Code   RO         1609    !!handler_copy      c_w.l(__scatter_copy.o)
    0x080001de   0x080001de   0x00000002   PAD
    0x080001e0   0x080001e0   0x0000001c   Code   RO         1611    !!handler_zi        c_w.l(__scatter_zi.o)
    0x080001fc   0x080001fc   0x00000000   Code   RO         1186    .ARM.Collect$$_printf_percent$$00000000  c_w.l(_printf_percent.o)
    0x080001fc   0x080001fc   0x00000006   Code   RO         1288    .ARM.Collect$$_printf_percent$$00000001  c_w.l(_printf_n.o)
    0x08000202   0x08000202   0x00000006   Code   RO         1289    .ARM.Collect$$_printf_percent$$00000002  c_w.l(_printf_p.o)
    0x08000208   0x08000208   0x00000006   Code   RO         1293    .ARM.Collect$$_printf_percent$$00000003  c_w.l(_printf_f.o)
    0x0800020e   0x0800020e   0x00000006   Code   RO         1294    .ARM.Collect$$_printf_percent$$00000004  c_w.l(_printf_e.o)
    0x08000214   0x08000214   0x00000006   Code   RO         1295    .ARM.Collect$$_printf_percent$$00000005  c_w.l(_printf_g.o)
    0x0800021a   0x0800021a   0x00000006   Code   RO         1296    .ARM.Collect$$_printf_percent$$00000006  c_w.l(_printf_a.o)
    0x08000220   0x08000220   0x0000000a   Code   RO         1301    .ARM.Collect$$_printf_percent$$00000007  c_w.l(_printf_ll.o)
    0x0800022a   0x0800022a   0x00000006   Code   RO         1291    .ARM.Collect$$_printf_percent$$00000008  c_w.l(_printf_i.o)
    0x08000230   0x08000230   0x00000006   Code   RO         1185    .ARM.Collect$$_printf_percent$$00000009  c_w.l(_printf_d.o)
    0x08000236   0x08000236   0x00000006   Code   RO         1292    .ARM.Collect$$_printf_percent$$0000000A  c_w.l(_printf_u.o)
    0x0800023c   0x0800023c   0x00000006   Code   RO         1290    .ARM.Collect$$_printf_percent$$0000000B  c_w.l(_printf_o.o)
    0x08000242   0x08000242   0x00000006   Code   RO         1184    .ARM.Collect$$_printf_percent$$0000000C  c_w.l(_printf_x.o)
    0x08000248   0x08000248   0x00000006   Code   RO         1298    .ARM.Collect$$_printf_percent$$0000000D  c_w.l(_printf_lli.o)
    0x0800024e   0x0800024e   0x00000006   Code   RO         1299    .ARM.Collect$$_printf_percent$$0000000E  c_w.l(_printf_lld.o)
    0x08000254   0x08000254   0x00000006   Code   RO         1300    .ARM.Collect$$_printf_percent$$0000000F  c_w.l(_printf_llu.o)
    0x0800025a   0x0800025a   0x00000006   Code   RO         1305    .ARM.Collect$$_printf_percent$$00000010  c_w.l(_printf_llo.o)
    0x08000260   0x08000260   0x00000006   Code   RO         1306    .ARM.Collect$$_printf_percent$$00000011  c_w.l(_printf_llx.o)
    0x08000266   0x08000266   0x0000000a   Code   RO         1302    .ARM.Collect$$_printf_percent$$00000012  c_w.l(_printf_l.o)
    0x08000270   0x08000270   0x00000006   Code   RO         1286    .ARM.Collect$$_printf_percent$$00000013  c_w.l(_printf_c.o)
    0x08000276   0x08000276   0x00000006   Code   RO         1287    .ARM.Collect$$_printf_percent$$00000014  c_w.l(_printf_s.o)
    0x0800027c   0x0800027c   0x00000006   Code   RO         1303    .ARM.Collect$$_printf_percent$$00000015  c_w.l(_printf_lc.o)
    0x08000282   0x08000282   0x00000006   Code   RO         1304    .ARM.Collect$$_printf_percent$$00000016  c_w.l(_printf_ls.o)
    0x08000288   0x08000288   0x00000004   Code   RO         1297    .ARM.Collect$$_printf_percent$$00000017  c_w.l(_printf_percent_end.o)
    0x0800028c   0x0800028c   0x00000002   Code   RO         1474    .ARM.Collect$$libinit$$00000000  c_w.l(libinit.o)
    0x0800028e   0x0800028e   0x00000004   Code   RO         1487    .ARM.Collect$$libinit$$00000001  c_w.l(libinit2.o)
    0x08000292   0x08000292   0x00000000   Code   RO         1490    .ARM.Collect$$libinit$$00000004  c_w.l(libinit2.o)
    0x08000292   0x08000292   0x00000000   Code   RO         1493    .ARM.Collect$$libinit$$0000000A  c_w.l(libinit2.o)
    0x08000292   0x08000292   0x00000000   Code   RO         1495    .ARM.Collect$$libinit$$0000000C  c_w.l(libinit2.o)
    0x08000292   0x08000292   0x00000000   Code   RO         1497    .ARM.Collect$$libinit$$0000000E  c_w.l(libinit2.o)
    0x08000292   0x08000292   0x00000006   Code   RO         1498    .ARM.Collect$$libinit$$0000000F  c_w.l(libinit2.o)
    0x08000298   0x08000298   0x00000000   Code   RO         1500    .ARM.Collect$$libinit$$00000011  c_w.l(libinit2.o)
    0x08000298   0x08000298   0x0000000c   Code   RO         1501    .ARM.Collect$$libinit$$00000012  c_w.l(libinit2.o)
    0x080002a4   0x080002a4   0x00000000   Code   RO         1502    .ARM.Collect$$libinit$$00000013  c_w.l(libinit2.o)
    0x080002a4   0x080002a4   0x00000000   Code   RO         1504    .ARM.Collect$$libinit$$00000015  c_w.l(libinit2.o)
    0x080002a4   0x080002a4   0x0000000a   Code   RO         1505    .ARM.Collect$$libinit$$00000016  c_w.l(libinit2.o)
    0x080002ae   0x080002ae   0x00000000   Code   RO         1506    .ARM.Collect$$libinit$$00000017  c_w.l(libinit2.o)
    0x080002ae   0x080002ae   0x00000000   Code   RO         1508    .ARM.Collect$$libinit$$00000019  c_w.l(libinit2.o)
    0x080002ae   0x080002ae   0x00000000   Code   RO         1510    .ARM.Collect$$libinit$$0000001B  c_w.l(libinit2.o)
    0x080002ae   0x080002ae   0x00000000   Code   RO         1512    .ARM.Collect$$libinit$$0000001D  c_w.l(libinit2.o)
    0x080002ae   0x080002ae   0x00000000   Code   RO         1514    .ARM.Collect$$libinit$$0000001F  c_w.l(libinit2.o)
    0x080002ae   0x080002ae   0x00000000   Code   RO         1516    .ARM.Collect$$libinit$$00000021  c_w.l(libinit2.o)
    0x080002ae   0x080002ae   0x00000000   Code   RO         1518    .ARM.Collect$$libinit$$00000023  c_w.l(libinit2.o)
    0x080002ae   0x080002ae   0x00000000   Code   RO         1520    .ARM.Collect$$libinit$$00000025  c_w.l(libinit2.o)
    0x080002ae   0x080002ae   0x00000000   Code   RO         1524    .ARM.Collect$$libinit$$0000002C  c_w.l(libinit2.o)
    0x080002ae   0x080002ae   0x00000000   Code   RO         1526    .ARM.Collect$$libinit$$0000002E  c_w.l(libinit2.o)
    0x080002ae   0x080002ae   0x00000000   Code   RO         1528    .ARM.Collect$$libinit$$00000030  c_w.l(libinit2.o)
    0x080002ae   0x080002ae   0x00000000   Code   RO         1530    .ARM.Collect$$libinit$$00000032  c_w.l(libinit2.o)
    0x080002ae   0x080002ae   0x00000002   Code   RO         1531    .ARM.Collect$$libinit$$00000033  c_w.l(libinit2.o)
    0x080002b0   0x080002b0   0x00000002   Code   RO         1559    .ARM.Collect$$libshutdown$$00000000  c_w.l(libshutdown.o)
    0x080002b2   0x080002b2   0x00000000   Code   RO         1573    .ARM.Collect$$libshutdown$$00000002  c_w.l(libshutdown2.o)
    0x080002b2   0x080002b2   0x00000000   Code   RO         1575    .ARM.Collect$$libshutdown$$00000004  c_w.l(libshutdown2.o)
    0x080002b2   0x080002b2   0x00000000   Code   RO         1578    .ARM.Collect$$libshutdown$$00000007  c_w.l(libshutdown2.o)
    0x080002b2   0x080002b2   0x00000000   Code   RO         1581    .ARM.Collect$$libshutdown$$0000000A  c_w.l(libshutdown2.o)
    0x080002b2   0x080002b2   0x00000000   Code   RO         1583    .ARM.Collect$$libshutdown$$0000000C  c_w.l(libshutdown2.o)
    0x080002b2   0x080002b2   0x00000000   Code   RO         1586    .ARM.Collect$$libshutdown$$0000000F  c_w.l(libshutdown2.o)
    0x080002b2   0x080002b2   0x00000002   Code   RO         1587    .ARM.Collect$$libshutdown$$00000010  c_w.l(libshutdown2.o)
    0x080002b4   0x080002b4   0x00000000   Code   RO         1251    .ARM.Collect$$rtentry$$00000000  c_w.l(__rtentry.o)
    0x080002b4   0x080002b4   0x00000000   Code   RO         1379    .ARM.Collect$$rtentry$$00000002  c_w.l(__rtentry2.o)
    0x080002b4   0x080002b4   0x00000006   Code   RO         1391    .ARM.Collect$$rtentry$$00000004  c_w.l(__rtentry4.o)
    0x080002ba   0x080002ba   0x00000000   Code   RO         1381    .ARM.Collect$$rtentry$$00000009  c_w.l(__rtentry2.o)
    0x080002ba   0x080002ba   0x00000004   Code   RO         1382    .ARM.Collect$$rtentry$$0000000A  c_w.l(__rtentry2.o)
    0x080002be   0x080002be   0x00000000   Code   RO         1384    .ARM.Collect$$rtentry$$0000000C  c_w.l(__rtentry2.o)
    0x080002be   0x080002be   0x00000008   Code   RO         1385    .ARM.Collect$$rtentry$$0000000D  c_w.l(__rtentry2.o)
    0x080002c6   0x080002c6   0x00000002   Code   RO         1479    .ARM.Collect$$rtexit$$00000000  c_w.l(rtexit.o)
    0x080002c8   0x080002c8   0x00000000   Code   RO         1533    .ARM.Collect$$rtexit$$00000002  c_w.l(rtexit2.o)
    0x080002c8   0x080002c8   0x00000004   Code   RO         1534    .ARM.Collect$$rtexit$$00000003  c_w.l(rtexit2.o)
    0x080002cc   0x080002cc   0x00000006   Code   RO         1535    .ARM.Collect$$rtexit$$00000004  c_w.l(rtexit2.o)
    0x080002d2   0x080002d2   0x00000002   PAD
    0x080002d4   0x080002d4   0x00000074   Code   RO            3    .text               main.o
    0x08000348   0x08000348   0x0000001a   Code   RO          163    .text               stm32f4xx_it.o
    0x08000362   0x08000362   0x00000002   PAD
    0x08000364   0x08000364   0x00000210   Code   RO          186    .text               system_stm32f4xx.o
    0x08000574   0x08000574   0x0000000c   Code   RO          212    .text               control.o
    0x08000580   0x08000580   0x00000080   Code   RO          287    .text               led.o
    0x08000600   0x08000600   0x000002a0   Code   RO          307    .text               key.o
    0x080008a0   0x080008a0   0x00000310   Code   RO          328    .text               motor.o
    0x08000bb0   0x08000bb0   0x00000108   Code   RO          348    .text               steer.o
    0x08000cb8   0x08000cb8   0x000002f0   Code   RO          372    .text               encoder.o
    0x08000fa8   0x08000fa8   0x000002ec   Code   RO          395    .text               usart2.o
    0x08001294   0x08001294   0x0000035c   Code   RO          476    .text               usart3.o
    0x080015f0   0x080015f0   0x00000104   Code   RO          618    .text               delay.o
    0x080016f4   0x080016f4   0x00000148   Code   RO          658    .text               usart.o
    0x0800183c   0x0800183c   0x00000040   Code   RO          690    .text               startup_stm32f40_41xxx.o
    0x0800187c   0x0800187c   0x000000e0   Code   RO          696    .text               misc.o
    0x0800195c   0x0800195c   0x00000110   Code   RO          799    .text               stm32f4xx_exti.o
    0x08001a6c   0x08001a6c   0x00000294   Code   RO          885    .text               stm32f4xx_gpio.o
    0x08001d00   0x08001d00   0x0000065c   Code   RO          945    .text               stm32f4xx_rcc.o
    0x0800235c   0x0800235c   0x00000ca2   Code   RO         1047    .text               stm32f4xx_tim.o
    0x08002ffe   0x08002ffe   0x00000002   PAD
    0x08003000   0x08003000   0x00000454   Code   RO         1067    .text               stm32f4xx_usart.o
    0x08003454   0x08003454   0x00000002   Code   RO         1127    .text               c_w.l(use_no_semi_2.o)
    0x08003456   0x08003456   0x00000002   PAD
    0x08003458   0x08003458   0x00000024   Code   RO         1131    .text               c_w.l(c89vsprintf.o)
    0x0800347c   0x0800347c   0x0000004e   Code   RO         1139    .text               c_w.l(_printf_pad.o)
    0x080034ca   0x080034ca   0x00000002   PAD
    0x080034cc   0x080034cc   0x00000078   Code   RO         1141    .text               c_w.l(_printf_dec.o)
    0x08003544   0x08003544   0x00000094   Code   RO         1161    .text               c_w.l(_printf_hex_int_ll_ptr.o)
    0x080035d8   0x080035d8   0x00000188   Code   RO         1181    .text               c_w.l(__printf_flags_ss_wp.o)
    0x08003760   0x08003760   0x0000001a   Code   RO         1187    .text               c_w.l(atoi.o)
    0x0800377a   0x0800377a   0x0000003e   Code   RO         1191    .text               c_w.l(strlen.o)
    0x080037b8   0x080037b8   0x00000096   Code   RO         1193    .text               c_w.l(strncmp.o)
    0x0800384e   0x0800384e   0x00000006   Code   RO         1197    .text               c_w.l(heapauxi.o)
    0x08003854   0x08003854   0x00000002   Code   RO         1249    .text               c_w.l(use_no_semi.o)
    0x08003856   0x08003856   0x00000002   PAD
    0x08003858   0x08003858   0x00000008   Code   RO         1255    .text               c_w.l(rt_errno_addr_intlibspace.o)
    0x08003860   0x08003860   0x00000024   Code   RO         1261    .text               c_w.l(_printf_truncate.o)
    0x08003884   0x08003884   0x00000052   Code   RO         1263    .text               c_w.l(_printf_str.o)
    0x080038d6   0x080038d6   0x000000b2   Code   RO         1265    .text               c_w.l(_printf_intcommon.o)
    0x08003988   0x08003988   0x00000028   Code   RO         1267    .text               c_w.l(_printf_charcount.o)
    0x080039b0   0x080039b0   0x00000030   Code   RO         1269    .text               c_w.l(_printf_char_common.o)
    0x080039e0   0x080039e0   0x0000000a   Code   RO         1271    .text               c_w.l(_sputc.o)
    0x080039ea   0x080039ea   0x00000002   PAD
    0x080039ec   0x080039ec   0x000000bc   Code   RO         1275    .text               c_w.l(_printf_wctomb.o)
    0x08003aa8   0x08003aa8   0x0000007c   Code   RO         1278    .text               c_w.l(_printf_longlong_dec.o)
    0x08003b24   0x08003b24   0x00000070   Code   RO         1284    .text               c_w.l(_printf_oct_int_ll.o)
    0x08003b94   0x08003b94   0x00000070   Code   RO         1307    .text               c_w.l(strtol.o)
    0x08003c04   0x08003c04   0x00000008   Code   RO         1375    .text               c_w.l(libspace.o)
    0x08003c0c   0x08003c0c   0x00000010   Code   RO         1393    .text               c_w.l(rt_ctype_table.o)
    0x08003c1c   0x08003c1c   0x0000008a   Code   RO         1399    .text               c_w.l(lludiv10.o)
    0x08003ca6   0x08003ca6   0x0000041e   Code   RO         1401    .text               c_w.l(_printf_fp_dec.o)
    0x080040c4   0x080040c4   0x0000002c   Code   RO         1405    .text               c_w.l(_printf_char.o)
    0x080040f0   0x080040f0   0x0000002c   Code   RO         1407    .text               c_w.l(_printf_wchar.o)
    0x0800411c   0x0800411c   0x0000009e   Code   RO         1409    .text               c_w.l(_strtoul.o)
    0x080041ba   0x080041ba   0x00000040   Code   RO         1415    .text               c_w.l(_wcrtomb.o)
    0x080041fa   0x080041fa   0x0000004a   Code   RO         1423    .text               c_w.l(sys_stackheap_outer.o)
    0x08004244   0x08004244   0x00000008   Code   RO         1430    .text               c_w.l(rt_locale_intlibspace.o)
    0x0800424c   0x0800424c   0x00000080   Code   RO         1432    .text               c_w.l(_printf_fp_infnan.o)
    0x080042cc   0x080042cc   0x0000001c   Code   RO         1434    .text               c_w.l(_chval.o)
    0x080042e8   0x080042e8   0x000000e4   Code   RO         1436    .text               c_w.l(bigflt0.o)
    0x080043cc   0x080043cc   0x00000012   Code   RO         1467    .text               c_w.l(exit.o)
    0x080043de   0x080043de   0x00000002   PAD
    0x080043e0   0x080043e0   0x00000080   Code   RO         1485    .text               c_w.l(strcmpv7m.o)
    0x08004460   0x08004460   0x0000003e   Code   RO         1439    CL$$btod_d2e        c_w.l(btod.o)
    0x0800449e   0x0800449e   0x00000046   Code   RO         1441    CL$$btod_d2e_denorm_low  c_w.l(btod.o)
    0x080044e4   0x080044e4   0x00000060   Code   RO         1440    CL$$btod_d2e_norm_op1  c_w.l(btod.o)
    0x08004544   0x08004544   0x00000338   Code   RO         1449    CL$$btod_div_common  c_w.l(btod.o)
    0x0800487c   0x0800487c   0x000000dc   Code   RO         1446    CL$$btod_e2e        c_w.l(btod.o)
    0x08004958   0x08004958   0x0000002a   Code   RO         1443    CL$$btod_ediv       c_w.l(btod.o)
    0x08004982   0x08004982   0x0000002a   Code   RO         1442    CL$$btod_emul       c_w.l(btod.o)
    0x080049ac   0x080049ac   0x00000244   Code   RO         1448    CL$$btod_mult_common  c_w.l(btod.o)
    0x08004bf0   0x08004bf0   0x00000030   Code   RO         1358    i.__ARM_fpclassify  m_wm.l(fpclassify.o)
    0x08004c20   0x08004c20   0x0000000e   Code   RO         1174    i._is_digit         c_w.l(__printf_wp.o)
    0x08004c2e   0x08004c2e   0x00000002   PAD
    0x08004c30   0x08004c30   0x0000002c   Code   RO         1462    locale$$code        c_w.l(lc_ctype_c.o)
    0x08004c5c   0x08004c5c   0x0000002c   Code   RO         1465    locale$$code        c_w.l(lc_numeric_c.o)
    0x08004c88   0x08004c88   0x0000000a   Code   RO         1547    x$fpl$fpinit        fz_wm.l(fpinit.o)
    0x08004c92   0x08004c92   0x00000004   Code   RO         1321    x$fpl$printf1       fz_wm.l(printf1.o)
    0x08004c96   0x08004c96   0x00000000   Code   RO         1323    x$fpl$usenofp       fz_wm.l(usenofp.o)
    0x08004c96   0x08004c96   0x00000028   Data   RO         1162    .constdata          c_w.l(_printf_hex_int_ll_ptr.o)
    0x08004cbe   0x08004cbe   0x00000011   Data   RO         1182    .constdata          c_w.l(__printf_flags_ss_wp.o)
    0x08004ccf   0x08004ccf   0x00000001   PAD
    0x08004cd0   0x08004cd0   0x00000008   Data   RO         1276    .constdata          c_w.l(_printf_wctomb.o)
    0x08004cd8   0x08004cd8   0x00000094   Data   RO         1437    .constdata          c_w.l(bigflt0.o)
    0x08004d6c   0x08004d6c   0x00000020   Data   RO         1605    Region$$Table       anon$$obj.o
    0x08004d8c   0x08004d8c   0x00000110   Data   RO         1461    locale$$data        c_w.l(lc_ctype_c.o)
    0x08004e9c   0x08004e9c   0x0000001c   Data   RO         1464    locale$$data        c_w.l(lc_numeric_c.o)


    Execution Region RW_IRAM1 (Exec base: 0x20000000, Load base: 0x08004eb8, Size: 0x00000dc0, Max: 0x00020000, ABSOLUTE)

    Exec Addr    Load Addr    Size         Type   Attr      Idx    E Section Name        Object

    0x20000000   0x08004eb8   0x00000014   Data   RW          187    .data               system_stm32f4xx.o
    0x20000014   0x08004ecc   0x00000016   Data   RW          308    .data               key.o
    0x2000002a   0x08004ee2   0x00000002   Data   RW          397    .data               usart2.o
    0x2000002c   0x08004ee4   0x0000000a   Data   RW          478    .data               usart3.o
    0x20000036   0x08004eee   0x00000004   Data   RW          619    .data               delay.o
    0x2000003a   0x08004ef2   0x00000002   PAD
    0x2000003c   0x08004ef4   0x00000006   Data   RW          660    .data               usart.o
    0x20000042   0x08004efa   0x00000010   Data   RW          946    .data               stm32f4xx_rcc.o
    0x20000052   0x08004f0a   0x00000006   PAD
    0x20000058        -       0x00000320   Zero   RW          396    .bss                usart2.o
    0x20000378        -       0x00000320   Zero   RW          477    .bss                usart3.o
    0x20000698        -       0x000000c8   Zero   RW          659    .bss                usart.o
    0x20000760        -       0x00000060   Zero   RW         1376    .bss                c_w.l(libspace.o)
    0x200007c0        -       0x00000200   Zero   RW          688    HEAP                startup_stm32f40_41xxx.o
    0x200009c0        -       0x00000400   Zero   RW          687    STACK               startup_stm32f40_41xxx.o


==============================================================================

Image component sizes


      Code (inc. data)   RO Data    RW Data    ZI Data      Debug   Object Name

        12          0          0          0          0     231915   control.o
       260          8          0          4          0       1445   delay.o
       752         18          0          0          0       2225   encoder.o
       672         64          0         22          0       2488   key.o
       128          8          0          0          0        673   led.o
       116         14          0          0          0      52831   main.o
       224         20          0          0          0       1781   misc.o
       784         30          0          0          0       2195   motor.o
        64         26        392          0       1536        812   startup_stm32f40_41xxx.o
       264         14          0          0          0        911   steer.o
       272         10          0          0          0       2247   stm32f4xx_exti.o
       660         44          0          0          0       4121   stm32f4xx_gpio.o
        26          0          0          0          0       1202   stm32f4xx_it.o
      1628         52          0         16          0      12980   stm32f4xx_rcc.o
      3234         60          0          0          0      22976   stm32f4xx_tim.o
      1108         34          0          0          0       7844   stm32f4xx_usart.o
       528         46          0         20          0       1723   system_stm32f4xx.o
       328         16          0          6        200       3258   usart.o
       748         74          0          2        800       3426   usart2.o
       860         96          0         10        800       3020   usart3.o

    ----------------------------------------------------------------------
     12672        634        424         84       3340     360073   Object Totals
         0          0         32          0          0          0   (incl. Generated)
         4          0          0          4          4          0   (incl. Padding)

    ----------------------------------------------------------------------

      Code (inc. data)   RO Data    RW Data    ZI Data      Debug   Library Member Name

         8          0          0          0          0         68   __main.o
       392          4         17          0          0         92   __printf_flags_ss_wp.o
        14          0          0          0          0         68   __printf_wp.o
         0          0          0          0          0          0   __rtentry.o
        12          0          0          0          0          0   __rtentry2.o
         6          0          0          0          0          0   __rtentry4.o
        52          8          0          0          0          0   __scatter.o
        26          0          0          0          0          0   __scatter_copy.o
        28          0          0          0          0          0   __scatter_zi.o
        28          0          0          0          0         68   _chval.o
         6          0          0          0          0          0   _printf_a.o
         6          0          0          0          0          0   _printf_c.o
        44          0          0          0          0        108   _printf_char.o
        48          6          0          0          0         96   _printf_char_common.o
        40          0          0          0          0         68   _printf_charcount.o
         6          0          0          0          0          0   _printf_d.o
       120         16          0          0          0         92   _printf_dec.o
         6          0          0          0          0          0   _printf_e.o
         6          0          0          0          0          0   _printf_f.o
      1054          0          0          0          0        216   _printf_fp_dec.o
       128         16          0          0          0         84   _printf_fp_infnan.o
         6          0          0          0          0          0   _printf_g.o
       148          4         40          0          0        160   _printf_hex_int_ll_ptr.o
         6          0          0          0          0          0   _printf_i.o
       178          0          0          0          0         88   _printf_intcommon.o
        10          0          0          0          0          0   _printf_l.o
         6          0          0          0          0          0   _printf_lc.o
        10          0          0          0          0          0   _printf_ll.o
         6          0          0          0          0          0   _printf_lld.o
         6          0          0          0          0          0   _printf_lli.o
         6          0          0          0          0          0   _printf_llo.o
         6          0          0          0          0          0   _printf_llu.o
         6          0          0          0          0          0   _printf_llx.o
       124         16          0          0          0         92   _printf_longlong_dec.o
         6          0          0          0          0          0   _printf_ls.o
         6          0          0          0          0          0   _printf_n.o
         6          0          0          0          0          0   _printf_o.o
       112         10          0          0          0        124   _printf_oct_int_ll.o
         6          0          0          0          0          0   _printf_p.o
        78          0          0          0          0        108   _printf_pad.o
         0          0          0          0          0          0   _printf_percent.o
         4          0          0          0          0          0   _printf_percent_end.o
         6          0          0          0          0          0   _printf_s.o
        82          0          0          0          0         80   _printf_str.o
        36          0          0          0          0         84   _printf_truncate.o
         6          0          0          0          0          0   _printf_u.o
        44          0          0          0          0        108   _printf_wchar.o
       188          6          8          0          0         92   _printf_wctomb.o
         6          0          0          0          0          0   _printf_x.o
        10          0          0          0          0         68   _sputc.o
       158          0          0          0          0         92   _strtoul.o
        64          0          0          0          0         92   _wcrtomb.o
        26          0          0          0          0         80   atoi.o
       228          4        148          0          0         96   bigflt0.o
      1936        128          0          0          0        672   btod.o
        36          4          0          0          0         76   c89vsprintf.o
        18          0          0          0          0         80   exit.o
         6          0          0          0          0        152   heapauxi.o
        44         10        272          0          0         76   lc_ctype_c.o
        44         10         28          0          0         76   lc_numeric_c.o
         2          0          0          0          0          0   libinit.o
        34          0          0          0          0          0   libinit2.o
         2          0          0          0          0          0   libshutdown.o
         2          0          0          0          0          0   libshutdown2.o
         8          4          0          0         96         68   libspace.o
       138          0          0          0          0         80   lludiv10.o
        16          4          0          0          0         76   rt_ctype_table.o
         8          4          0          0          0         68   rt_errno_addr_intlibspace.o
         8          4          0          0          0         68   rt_locale_intlibspace.o
         2          0          0          0          0          0   rtexit.o
        10          0          0          0          0          0   rtexit2.o
       128          0          0          0          0         68   strcmpv7m.o
        62          0          0          0          0         76   strlen.o
       150          0          0          0          0         80   strncmp.o
       112          0          0          0          0         88   strtol.o
        74          0          0          0          0         80   sys_stackheap_outer.o
         2          0          0          0          0         68   use_no_semi.o
         2          0          0          0          0         68   use_no_semi_2.o
        10          0          0          0          0        116   fpinit.o
         4          0          0          0          0        116   printf1.o
         0          0          0          0          0          0   usenofp.o
        48          0          0          0          0        124   fpclassify.o

    ----------------------------------------------------------------------
      6542        258        514          0         96       4700   Library Totals
        16          0          1          0          0          0   (incl. Padding)

    ----------------------------------------------------------------------

      Code (inc. data)   RO Data    RW Data    ZI Data      Debug   Library Name

      6464        258        513          0         96       4344   c_w.l
        14          0          0          0          0        232   fz_wm.l
        48          0          0          0          0        124   m_wm.l

    ----------------------------------------------------------------------
      6542        258        514          0         96       4700   Library Totals

    ----------------------------------------------------------------------

==============================================================================


      Code (inc. data)   RO Data    RW Data    ZI Data      Debug   

     19214        892        938         84       3436     358581   Grand Totals
     19214        892        938         84       3436     358581   ELF Image Totals
     19214        892        938         84          0          0   ROM Totals

==============================================================================

    Total RO  Size (Code + RO Data)                20152 (  19.68kB)
    Total RW  Size (RW Data + ZI Data)              3520 (   3.44kB)
    Total ROM Size (Code + RO Data + RW Data)      20236 (  19.76kB)

==============================================================================

