Component: ARM Compiler 5.06 update 6 (build 750) Tool: armlink [4d35ed]

==============================================================================

Section Cross References

    main.o(.text) refers to misc.o(.text) for NVIC_PriorityGroupConfig
    main.o(.text) refers to delay.o(.text) for delay_init
    main.o(.text) refers to usart.o(.text) for uart_init
    main.o(.text) refers to xunji.o(.text) for xunji_Init
    main.o(.text) refers to led.o(.text) for LED_Init
    main.o(.text) refers to key.o(.text) for KEY_Init
    main.o(.text) refers to steer.o(.text) for steer_Init
    main.o(.text) refers to motor.o(.text) for Enable_Pin
    main.o(.text) refers to usart2.o(.text) for usart2_init
    main.o(.text) refers to usart3.o(.text) for usart3_init
    main.o(.text) refers to oled.o(.text) for OLED_Init
    main.o(.text) refers to mpu6050.o(.text) for MPU_Init
    main.o(.text) refers to inv_mpu.o(.text) for mpu_dmp_init
    main.o(.text) refers to extix.o(.text) for EXTIX_Init
    main.o(.text) refers to main.o(.data) for x1
    system_stm32f4xx.o(.text) refers to system_stm32f4xx.o(.data) for SystemCoreClock
    control.o(.text) refers to key.o(.text) for KEY_Scan
    control.o(.text) refers to usart3.o(.text) for usart3_detect
    control.o(.text) refers to stm32f4xx_exti.o(.text) for EXTI_ClearITPendingBit
    motorpwm.o(.text) refers to inv_mpu.o(.text) for mpu_dmp_get_data
    motorpwm.o(.text) refers to delay.o(.text) for delay_ms
    motorpwm.o(.text) refers to main.o(.data) for yaw
    led.o(.text) refers to stm32f4xx_rcc.o(.text) for RCC_AHB1PeriphClockCmd
    led.o(.text) refers to stm32f4xx_gpio.o(.text) for GPIO_Init
    key.o(.text) refers to stm32f4xx_rcc.o(.text) for RCC_AHB1PeriphClockCmd
    key.o(.text) refers to stm32f4xx_gpio.o(.text) for GPIO_Init
    key.o(.text) refers to delay.o(.text) for delay_ms
    key.o(.text) refers to key.o(.data) for key_up
    motor.o(.text) refers to stm32f4xx_rcc.o(.text) for RCC_AHB1PeriphClockCmd
    motor.o(.text) refers to stm32f4xx_gpio.o(.text) for GPIO_Init
    motor.o(.text) refers to stm32f4xx_tim.o(.text) for TIM_TimeBaseInit
    steer.o(.text) refers to delay.o(.text) for delay_ms
    steer.o(.text) refers to stm32f4xx_rcc.o(.text) for RCC_APB1PeriphClockCmd
    steer.o(.text) refers to stm32f4xx_gpio.o(.text) for GPIO_PinAFConfig
    steer.o(.text) refers to stm32f4xx_tim.o(.text) for TIM_TimeBaseInit
    encoder.o(.text) refers to stm32f4xx_rcc.o(.text) for RCC_APB1PeriphClockCmd
    encoder.o(.text) refers to stm32f4xx_gpio.o(.text) for GPIO_Init
    encoder.o(.text) refers to stm32f4xx_tim.o(.text) for TIM_TimeBaseStructInit
    usart2.o(.text) refers to c89vsprintf.o(.text) for __c89vsprintf
    usart2.o(.text) refers to strlen.o(.text) for strlen
    usart2.o(.text) refers to stm32f4xx_usart.o(.text) for USART_GetFlagStatus
    usart2.o(.text) refers to strcmpv7m.o(.text) for strcmp
    usart2.o(.text) refers to stm32f4xx_tim.o(.text) for TIM_SetCounter
    usart2.o(.text) refers to stm32f4xx_rcc.o(.text) for RCC_APB1PeriphClockCmd
    usart2.o(.text) refers to misc.o(.text) for NVIC_Init
    usart2.o(.text) refers to stm32f4xx_gpio.o(.text) for GPIO_Init
    usart2.o(.text) refers to usart2.o(.bss) for USART2_TX_BUF
    usart2.o(.text) refers to usart2.o(.data) for USART2_RX_STA
    oled.o(.text) refers to encoder.o(.text) for Read_Encoder
    oled.o(.text) refers to oled.o(.bss) for OLED_GRAM
    oled.o(.text) refers to oled.o(.constdata) for oled_asc2_1206
    oled.o(.text) refers to main.o(.data) for decoder_left
    oled.o(.text) refers to stm32f4xx_rcc.o(.text) for RCC_AHB1PeriphClockCmd
    oled.o(.text) refers to stm32f4xx_gpio.o(.text) for GPIO_Init
    oled.o(.text) refers to stm32f4xx_pwr.o(.text) for PWR_BackupAccessCmd
    oled.o(.text) refers to delay.o(.text) for delay_ms
    extix.o(.text) refers to stm32f4xx_rcc.o(.text) for RCC_AHB1PeriphClockCmd
    extix.o(.text) refers to stm32f4xx_syscfg.o(.text) for SYSCFG_EXTILineConfig
    extix.o(.text) refers to stm32f4xx_gpio.o(.text) for GPIO_Init
    extix.o(.text) refers to stm32f4xx_exti.o(.text) for EXTI_Init
    extix.o(.text) refers to misc.o(.text) for NVIC_Init
    xunji.o(.text) refers to stm32f4xx_rcc.o(.text) for RCC_AHB1PeriphClockCmd
    xunji.o(.text) refers to stm32f4xx_gpio.o(.text) for GPIO_Init
    xunji.o(.text) refers to delay.o(.text) for delay_us
    xunji.o(.text) refers to xunji.o(.data) for blackleft
    usart3.o(.text) refers to c89vsprintf.o(.text) for __c89vsprintf
    usart3.o(.text) refers to strlen.o(.text) for strlen
    usart3.o(.text) refers to stm32f4xx_usart.o(.text) for USART_GetFlagStatus
    usart3.o(.text) refers to strncmp.o(.text) for strncmp
    usart3.o(.text) refers to atoi.o(.text) for atoi
    usart3.o(.text) refers to stm32f4xx_tim.o(.text) for TIM_SetCounter
    usart3.o(.text) refers to stm32f4xx_rcc.o(.text) for RCC_APB1PeriphClockCmd
    usart3.o(.text) refers to misc.o(.text) for NVIC_Init
[...]
    mpu_set_int_latched                      0x08002c11   Thumb Code   102  inv_mpu.o(.text)
    mpu_set_sensors                          0x08002c77   Thumb Code   202  inv_mpu.o(.text)
    mpu_set_bypass                           0x08002d41   Thumb Code   328  inv_mpu.o(.text)
    mpu_reset_fifo                           0x08002e89   Thumb Code   460  inv_mpu.o(.text)
    mpu_configure_fifo                       0x08003055   Thumb Code   106  inv_mpu.o(.text)
    mpu_set_lpf                              0x080030bf   Thumb Code   126  inv_mpu.o(.text)
    mpu_lp_accel_mode                        0x0800313d   Thumb Code   218  inv_mpu.o(.text)
    mpu_set_sample_rate                      0x08003217   Thumb Code   152  inv_mpu.o(.text)
    mpu_set_accel_fsr                        0x080032af   Thumb Code   130  inv_mpu.o(.text)
    mpu_set_gyro_fsr                         0x08003331   Thumb Code   132  inv_mpu.o(.text)
    mpu_init                                 0x080033b5   Thumb Code   416  inv_mpu.o(.text)
    mget_ms                                  0x08003555   Thumb Code     2  inv_mpu.o(.text)
    mpu_get_gyro_reg                         0x08003557   Thumb Code   110  inv_mpu.o(.text)
    mpu_get_accel_reg                        0x080035c5   Thumb Code   110  inv_mpu.o(.text)
    mpu_get_temperature                      0x08003633   Thumb Code   142  inv_mpu.o(.text)
    mpu_set_accel_bias                       0x080036c1   Thumb Code   472  inv_mpu.o(.text)
    mpu_get_gyro_fsr                         0x08003899   Thumb Code    64  inv_mpu.o(.text)
    mpu_get_accel_fsr                        0x080038d9   Thumb Code    72  inv_mpu.o(.text)
    mpu_get_lpf                              0x08003921   Thumb Code    74  inv_mpu.o(.text)
    mpu_get_sample_rate                      0x0800396b   Thumb Code    26  inv_mpu.o(.text)
    mpu_get_compass_sample_rate              0x08003985   Thumb Code    10  inv_mpu.o(.text)
    mpu_set_compass_sample_rate              0x0800398f   Thumb Code     8  inv_mpu.o(.text)
    mpu_get_gyro_sens                        0x08003997   Thumb Code    74  inv_mpu.o(.text)
    mpu_get_accel_sens                       0x080039e1   Thumb Code    78  inv_mpu.o(.text)
    mpu_get_fifo_config                      0x08003a2f   Thumb Code    12  inv_mpu.o(.text)
    mpu_get_power_state                      0x08003a3b   Thumb Code    22  inv_mpu.o(.text)
    mpu_get_int_status                       0x08003a51   Thumb Code    64  inv_mpu.o(.text)
    mpu_read_fifo                            0x08003a91   Thumb Code   522  inv_mpu.o(.text)
    mpu_read_fifo_stream                     0x08003c9b   Thumb Code   186  inv_mpu.o(.text)
    mpu_set_int_level                        0x08003d55   Thumb Code    12  inv_mpu.o(.text)
    mpu_set_dmp_state                        0x08004465   Thumb Code   138  inv_mpu.o(.text)
    mpu_run_self_test                        0x080044ef   Thumb Code   278  inv_mpu.o(.text)
    mpu_write_mem                            0x08004605   Thumb Code   122  inv_mpu.o(.text)
    mpu_read_mem                             0x0800467f   Thumb Code   122  inv_mpu.o(.text)
    mpu_load_firmware                        0x080046f9   Thumb Code   190  inv_mpu.o(.text)
    mpu_get_dmp_state                        0x080047b7   Thumb Code    14  inv_mpu.o(.text)
    setup_compass                            0x080047c5   Thumb Code     6  inv_mpu.o(.text)
    mpu_get_compass_reg                      0x080047cb   Thumb Code     8  inv_mpu.o(.text)
    mpu_get_compass_fsr                      0x080047d3   Thumb Code     8  inv_mpu.o(.text)
    mpu_lp_motion_interrupt                  0x080047db   Thumb Code   512  inv_mpu.o(.text)
    run_self_test                            0x080049db   Thumb Code   154  inv_mpu.o(.text)
    inv_row_2_scale                          0x08004a75   Thumb Code    78  inv_mpu.o(.text)
    inv_orientation_matrix_to_scalar         0x08004ac3   Thumb Code    40  inv_mpu.o(.text)
    mpu_dmp_init                             0x08004aeb   Thumb Code   160  inv_mpu.o(.text)
    mpu_dmp_get_data                         0x08004b8b   Thumb Code   520  inv_mpu.o(.text)
    dmp_load_motion_driver_firmware          0x08004da5   Thumb Code    20  inv_mpu_dmp_motion_driver.o(.text)
    dmp_set_orientation                      0x08004db9   Thumb Code   290  inv_mpu_dmp_motion_driver.o(.text)
    dmp_set_gyro_bias                        0x08004edb   Thumb Code   294  inv_mpu_dmp_motion_driver.o(.text)
    dmp_set_accel_bias                       0x08005001   Thumb Code   300  inv_mpu_dmp_motion_driver.o(.text)
    dmp_set_fifo_rate                        0x0800512d   Thumb Code   136  inv_mpu_dmp_motion_driver.o(.text)
    dmp_get_fifo_rate                        0x080051b5   Thumb Code    12  inv_mpu_dmp_motion_driver.o(.text)
    dmp_set_tap_thresh                       0x080051c1   Thumb Code   412  inv_mpu_dmp_motion_driver.o(.text)
    dmp_set_tap_axes                         0x0800535d   Thumb Code    70  inv_mpu_dmp_motion_driver.o(.text)
    dmp_set_tap_count                        0x080053a3   Thumb Code    38  inv_mpu_dmp_motion_driver.o(.text)
    dmp_set_tap_time                         0x080053c9   Thumb Code    38  inv_mpu_dmp_motion_driver.o(.text)
    dmp_set_tap_time_multi                   0x080053ef   Thumb Code    38  inv_mpu_dmp_motion_driver.o(.text)
    dmp_set_shake_reject_thresh              0x08005415   Thumb Code    56  inv_mpu_dmp_motion_driver.o(.text)
    dmp_set_shake_reject_time                0x0800544d   Thumb Code    38  inv_mpu_dmp_motion_driver.o(.text)
    dmp_set_shake_reject_timeout             0x08005473   Thumb Code    38  inv_mpu_dmp_motion_driver.o(.text)
    dmp_get_pedometer_step_count             0x08005499   Thumb Code    66  inv_mpu_dmp_motion_driver.o(.text)
    dmp_set_pedometer_step_count             0x080054db   Thumb Code    42  inv_mpu_dmp_motion_driver.o(.text)
    dmp_get_pedometer_walk_time              0x08005505   Thumb Code    72  inv_mpu_dmp_motion_driver.o(.text)
    dmp_set_pedometer_walk_time              0x0800554d   Thumb Code    48  inv_mpu_dmp_motion_driver.o(.text)
    dmp_enable_6x_lp_quat                    0x0800557d   Thumb Code   100  inv_mpu_dmp_motion_driver.o(.text)
    dmp_enable_lp_quat                       0x080055e1   Thumb Code    60  inv_mpu_dmp_motion_driver.o(.text)
    dmp_enable_gyro_cal                      0x0800561d   Thumb Code    62  inv_mpu_dmp_motion_driver.o(.text)
    dmp_enable_feature                       0x0800565b   Thumb Code   530  inv_mpu_dmp_motion_driver.o(.text)
    dmp_get_enabled_features                 0x0800586d   Thumb Code    12  inv_mpu_dmp_motion_driver.o(.text)
    dmp_set_interrupt_mode                   0x080058d7   Thumb Code    66  inv_mpu_dmp_motion_driver.o(.text)
    dmp_read_fifo                            0x08005919   Thumb Code   514  inv_mpu_dmp_motion_driver.o(.text)
    dmp_register_tap_cb                      0x08005b1b   Thumb Code    10  inv_mpu_dmp_motion_driver.o(.text)
    dmp_register_android_orient_cb           0x08005b25   Thumb Code    10  inv_mpu_dmp_motion_driver.o(.text)
    delay_init                               0x08005b35   Thumb Code    52  delay.o(.text)
    delay_us                                 0x08005b69   Thumb Code    72  delay.o(.text)
    delay_xms                                0x08005bb1   Thumb Code    72  delay.o(.text)
    delay_ms                                 0x08005bf9   Thumb Code    56  delay.o(.text)
    _sys_exit                                0x08005c39   Thumb Code     4  usart.o(.text)
    fputc                                    0x08005c3d   Thumb Code    22  usart.o(.text)
    uart_init                                0x08005c53   Thumb Code   164  usart.o(.text)
    USART1_IRQHandler                        0x08005cf7   Thumb Code   122  usart.o(.text)
    Reset_Handler                            0x08005d81   Thumb Code     8  startup_stm32f40_41xxx.o(.text)
    ADC_IRQHandler                           0x08005d9b   Thumb Code     0  startup_stm32f40_41xxx.o(.text)
    CAN1_RX0_IRQHandler                      0x08005d9b   Thumb Code     0  startup_stm32f40_41xxx.o(.text)
    CAN1_RX1_IRQHandler                      0x08005d9b   Thumb Code     0  startup_stm32f40_41xxx.o(.text)
    CAN1_SCE_IRQHandler                      0x08005d9b   Thumb Code     0  startup_stm32f40_41xxx.o(.text)
    CAN1_TX_IRQHandler                       0x08005d9b   Thumb Code     0  startup_stm32f40_41xxx.o(.text)
    CAN2_RX0_IRQHandler                      0x08005d9b   Thumb Code     0  startup_stm32f40_41xxx.o(.text)
    CAN2_RX1_IRQHandler                      0x08005d9b   Thumb Code     0  startup_stm32f40_41xxx.o(.text)
    CAN2_SCE_IRQHandler                      0x08005d9b   Thumb Code     0  startup_stm32f40_41xxx.o(.text)
    CAN2_TX_IRQHandler                       0x08005d9b   Thumb Code     0  startup_stm32f40_41xxx.o(.text)
    CRYP_IRQHandler                          0x08005d9b   Thumb Code     0  startup_stm32f40_41xxx.o(.text)
    DCMI_IRQHandler                          0x08005d9b   Thumb Code     0  startup_stm32f40_41xxx.o(.text)
    DMA1_Stream0_IRQHandler                  0x08005d9b   Thumb Code     0  startup_stm32f40_41xxx.o(.text)
    DMA1_Stream1_IRQHandler                  0x08005d9b   Thumb Code     0  startup_stm32f40_41xxx.o(.text)
    DMA1_Stream2_IRQHandler                  0x08005d9b   Thumb Code     0  startup_stm32f40_41xxx.o(.text)
    DMA1_Stream3_IRQHandler                  0x08005d9b   Thumb Code     0  startup_stm32f40_41xxx.o(.text)
    DMA1_Stream4_IRQHandler                  0x08005d9b   Thumb Code     0  startup_stm32f40_41xxx.o(.text)
    DMA1_Stream5_IRQHandler                  0x08005d9b   Thumb Code     0  startup_stm32f40_41xxx.o(.text)
    DMA1_Stream6_IRQHandler                  0x08005d9b   Thumb Code     0  startup_stm32f40_41xxx.o(.text)
    DMA1_Stream7_IRQHandler                  0x08005d9b   Thumb Code     0  startup_stm32f40_41xxx.o(.text)
    DMA2_Stream0_IRQHandler                  0x08005d9b   Thumb Code     0  startup_stm32f40_41xxx.o(.text)
    DMA2_Stream1_IRQHandler                  0x08005d9b   Thumb Code     0  startup_stm32f40_41xxx.o(.text)
    DMA2_Stream2_IRQHandler                  0x08005d9b   Thumb Code     0  startup_stm32f40_41xxx.o(.text)
    DMA2_Stream3_IRQHandler                  0x08005d9b   Thumb Code     0  startup_stm32f40_41xxx.o(.text)
    DMA2_Stream4_IRQHandler                  0x08005d9b   Thumb Code     0  startup_stm32f40_41xxx.o(.text)
    DMA2_Stream5_IRQHandler                  0x08005d9b   Thumb Code     0  startup_stm32f40_41xxx.o(.text)
    DMA2_Stream6_IRQHandler                  0x08005d9b   Thumb Code     0  startup_stm32f40_41xxx.o(.text)
    DMA2_Stream7_IRQHandler                  0x08005d9b   Thumb Code     0  startup_stm32f40_41xxx.o(.text)
    ETH_IRQHandler                           0x08005d9b   Thumb Code     0  startup_stm32f40_41xxx.o(.text)
    ETH_WKUP_IRQHandler                      0x08005d9b   Thumb Code     0  startup_stm32f40_41xxx.o(.text)
    EXTI0_IRQHandler                         0x08005d9b   Thumb Code     0  startup_stm32f40_41xxx.o(.text)
    EXTI1_IRQHandler                         0x08005d9b   Thumb Code     0  startup_stm32f40_41xxx.o(.text)
    EXTI2_IRQHandler                         0x08005d9b   Thumb Code     0  startup_stm32f40_41xxx.o(.text)
    EXTI3_IRQHandler                         0x08005d9b   Thumb Code     0  startup_stm32f40_41xxx.o(.text)
    EXTI4_IRQHandler                         0x08005d9b   Thumb Code     0  startup_stm32f40_41xxx.o(.text)
    EXTI9_5_IRQHandler                       0x08005d9b   Thumb Code     0  startup_stm32f40_41xxx.o(.text)
    FLASH_IRQHandler                         0x08005d9b   Thumb Code     0  startup_stm32f40_41xxx.o(.text)
    FPU_IRQHandler                           0x08005d9b   Thumb Code     0  startup_stm32f40_41xxx.o(.text)
    FSMC_IRQHandler                          0x08005d9b   Thumb Code     0  startup_stm32f40_41xxx.o(.text)
    HASH_RNG_IRQHandler                      0x08005d9b   Thumb Code     0  startup_stm32f40_41xxx.o(.text)
    I2C1_ER_IRQHandler                       0x08005d9b   Thumb Code     0  startup_stm32f40_41xxx.o(.text)
    I2C1_EV_IRQHandler                       0x08005d9b   Thumb Code     0  startup_stm32f40_41xxx.o(.text)
    I2C2_ER_IRQHandler                       0x08005d9b   Thumb Code     0  startup_stm32f40_41xxx.o(.text)
    I2C2_EV_IRQHandler                       0x08005d9b   Thumb Code     0  startup_stm32f40_41xxx.o(.text)
    I2C3_ER_IRQHandler                       0x08005d9b   Thumb Code     0  startup_stm32f40_41xxx.o(.text)
    I2C3_EV_IRQHandler                       0x08005d9b   Thumb Code     0  startup_stm32f40_41xxx.o(.text)
    OTG_FS_IRQHandler                        0x08005d9b   Thumb Code     0  startup_stm32f40_41xxx.o(.text)
    OTG_FS_WKUP_IRQHandler                   0x08005d9b   Thumb Code     0  startup_stm32f40_41xxx.o(.text)
    OTG_HS_EP1_IN_IRQHandler                 0x08005d9b   Thumb Code     0  startup_stm32f40_41xxx.o(.text)
    OTG_HS_EP1_OUT_IRQHandler                0x08005d9b   Thumb Code     0  startup_stm32f40_41xxx.o(.text)
    OTG_HS_IRQHandler                        0x08005d9b   Thumb Code     0  startup_stm32f40_41xxx.o(.text)
    OTG_HS_WKUP_IRQHandler                   0x08005d9b   Thumb Code     0  startup_stm32f40_41xxx.o(.text)
    PVD_IRQHandler                           0x08005d9b   Thumb Code     0  startup_stm32f40_41xxx.o(.text)
    RCC_IRQHandler                           0x08005d9b   Thumb Code     0  startup_stm32f40_41xxx.o(.text)
    RTC_Alarm_IRQHandler                     0x08005d9b   Thumb Code     0  startup_stm32f40_41xxx.o(.text)
    RTC_WKUP_IRQHandler                      0x08005d9b   Thumb Code     0  startup_stm32f40_41xxx.o(.text)
    SDIO_IRQHandler                          0x08005d9b   Thumb Code     0  startup_stm32f40_41xxx.o(.text)
    SPI1_IRQHandler                          0x08005d9b   Thumb Code     0  startup_stm32f40_41xxx.o(.text)
    SPI2_IRQHandler                          0x08005d9b   Thumb Code     0  startup_stm32f40_41xxx.o(.text)
    SPI3_IRQHandler                          0x08005d9b   Thumb Code     0  startup_stm32f40_41xxx.o(.text)
    TAMP_STAMP_IRQHandler                    0x08005d9b   Thumb Code     0  startup_stm32f40_41xxx.o(.text)
    TIM1_BRK_TIM9_IRQHandler                 0x08005d9b   Thumb Code     0  startup_stm32f40_41xxx.o(.text)
    TIM1_CC_IRQHandler                       0x08005d9b   Thumb Code     0  startup_stm32f40_41xxx.o(.text)
    TIM1_TRG_COM_TIM11_IRQHandler            0x08005d9b   Thumb Code     0  startup_stm32f40_41xxx.o(.text)
    TIM1_UP_TIM10_IRQHandler                 0x08005d9b   Thumb Code     0  startup_stm32f40_41xxx.o(.text)
    TIM6_DAC_IRQHandler                      0x08005d9b   Thumb Code     0  startup_stm32f40_41xxx.o(.text)
    TIM8_BRK_TIM12_IRQHandler                0x08005d9b   Thumb Code     0  startup_stm32f40_41xxx.o(.text)
    TIM8_CC_IRQHandler                       0x08005d9b   Thumb Code     0  startup_stm32f40_41xxx.o(.text)
    TIM8_TRG_COM_TIM14_IRQHandler            0x08005d9b   Thumb Code     0  startup_stm32f40_41xxx.o(.text)
    TIM8_UP_TIM13_IRQHandler                 0x08005d9b   Thumb Code     0  startup_stm32f40_41xxx.o(.text)
    UART4_IRQHandler                         0x08005d9b   Thumb Code     0  startup_stm32f40_41xxx.o(.text)
    UART5_IRQHandler                         0x08005d9b   Thumb Code     0  startup_stm32f40_41xxx.o(.text)
    USART6_IRQHandler                        0x08005d9b   Thumb Code     0  startup_stm32f40_41xxx.o(.text)
    WWDG_IRQHandler                          0x08005d9b   Thumb Code     0  startup_stm32f40_41xxx.o(.text)
    __user_initial_stackheap                 0x08005d9d   Thumb Code     0  startup_stm32f40_41xxx.o(.text)
    NVIC_PriorityGroupConfig                 0x08005dc1   Thumb Code    10  misc.o(.text)
    NVIC_Init                                0x08005dcb   Thumb Code   106  misc.o(.text)
    NVIC_SetVectorTable                      0x08005e35   Thumb Code    14  misc.o(.text)
    NVIC_SystemLPConfig                      0x08005e43   Thumb Code    34  misc.o(.text)
    SysTick_CLKSourceConfig                  0x08005e65   Thumb Code    40  misc.o(.text)
    EXTI_DeInit                              0x08005ea1   Thumb Code    28  stm32f4xx_exti.o(.text)
    EXTI_Init                                0x08005ebd   Thumb Code   142  stm32f4xx_exti.o(.text)
    EXTI_StructInit                          0x08005f4b   Thumb Code    16  stm32f4xx_exti.o(.text)
    EXTI_GenerateSWInterrupt                 0x08005f5b   Thumb Code    16  stm32f4xx_exti.o(.text)
    EXTI_GetFlagStatus                       0x08005f6b   Thumb Code    22  stm32f4xx_exti.o(.text)
    EXTI_ClearFlag                           0x08005f81   Thumb Code     8  stm32f4xx_exti.o(.text)
    EXTI_GetITStatus                         0x08005f89   Thumb Code    22  stm32f4xx_exti.o(.text)
    EXTI_ClearITPendingBit                   0x08005f9f   Thumb Code     8  stm32f4xx_exti.o(.text)
    GPIO_DeInit                              0x08005fb1   Thumb Code   268  stm32f4xx_gpio.o(.text)
    GPIO_Init                                0x080060bd   Thumb Code   144  stm32f4xx_gpio.o(.text)
    GPIO_StructInit                          0x0800614d   Thumb Code    18  stm32f4xx_gpio.o(.text)
    GPIO_PinLockConfig                       0x0800615f   Thumb Code    34  stm32f4xx_gpio.o(.text)
    GPIO_ReadInputDataBit                    0x08006181   Thumb Code    18  stm32f4xx_gpio.o(.text)
    GPIO_ReadInputData                       0x08006193   Thumb Code     8  stm32f4xx_gpio.o(.text)
    GPIO_ReadOutputDataBit                   0x0800619b   Thumb Code    18  stm32f4xx_gpio.o(.text)
    GPIO_ReadOutputData                      0x080061ad   Thumb Code     8  stm32f4xx_gpio.o(.text)
    GPIO_SetBits                             0x080061b5   Thumb Code     4  stm32f4xx_gpio.o(.text)
    GPIO_ResetBits                           0x080061b9   Thumb Code     4  stm32f4xx_gpio.o(.text)
    GPIO_WriteBit                            0x080061bd   Thumb Code    10  stm32f4xx_gpio.o(.text)
    GPIO_Write                               0x080061c7   Thumb Code     4  stm32f4xx_gpio.o(.text)
    GPIO_ToggleBits                          0x080061cb   Thumb Code     8  stm32f4xx_gpio.o(.text)
    GPIO_PinAFConfig                         0x080061d3   Thumb Code    70  stm32f4xx_gpio.o(.text)
    RCC_DeInit                               0x08006245   Thumb Code    82  stm32f4xx_rcc.o(.text)
    RCC_HSEConfig                            0x08006297   Thumb Code    14  stm32f4xx_rcc.o(.text)
    RCC_GetFlagStatus                        0x080062a5   Thumb Code    60  stm32f4xx_rcc.o(.text)
    RCC_WaitForHSEStartUp                    0x080062e1   Thumb Code    56  stm32f4xx_rcc.o(.text)
    RCC_AdjustHSICalibrationValue            0x08006319   Thumb Code    20  stm32f4xx_rcc.o(.text)
    RCC_HSICmd                               0x0800632d   Thumb Code     6  stm32f4xx_rcc.o(.text)
    RCC_LSEConfig                            0x08006333   Thumb Code    46  stm32f4xx_rcc.o(.text)
    RCC_LSICmd                               0x08006361   Thumb Code     6  stm32f4xx_rcc.o(.text)
    RCC_PLLConfig                            0x08006367   Thumb Code    32  stm32f4xx_rcc.o(.text)
    RCC_PLLCmd                               0x08006387   Thumb Code     6  stm32f4xx_rcc.o(.text)
    RCC_PLLI2SConfig                         0x0800638d   Thumb Code    14  stm32f4xx_rcc.o(.text)
    RCC_PLLI2SCmd                            0x0800639b   Thumb Code     6  stm32f4xx_rcc.o(.text)
    RCC_PLLSAIConfig                         0x080063a1   Thumb Code    20  stm32f4xx_rcc.o(.text)
    RCC_PLLSAICmd                            0x080063b5   Thumb Code     6  stm32f4xx_rcc.o(.text)
    RCC_ClockSecuritySystemCmd               0x080063bb   Thumb Code     6  stm32f4xx_rcc.o(.text)
    RCC_MCO1Config                           0x080063c1   Thumb Code    28  stm32f4xx_rcc.o(.text)
    RCC_MCO2Config                           0x080063dd   Thumb Code    28  stm32f4xx_rcc.o(.text)
    RCC_SYSCLKConfig                         0x080063f9   Thumb Code    20  stm32f4xx_rcc.o(.text)
    RCC_GetSYSCLKSource                      0x0800640d   Thumb Code    12  stm32f4xx_rcc.o(.text)
    RCC_HCLKConfig                           0x08006419   Thumb Code    20  stm32f4xx_rcc.o(.text)
    RCC_PCLK1Config                          0x0800642d   Thumb Code    20  stm32f4xx_rcc.o(.text)
    RCC_PCLK2Config                          0x08006441   Thumb Code    22  stm32f4xx_rcc.o(.text)
    RCC_GetClocksFreq                        0x08006457   Thumb Code   222  stm32f4xx_rcc.o(.text)
    RCC_RTCCLKConfig                         0x08006535   Thumb Code    54  stm32f4xx_rcc.o(.text)
    RCC_RTCCLKCmd                            0x0800656b   Thumb Code     8  stm32f4xx_rcc.o(.text)
    RCC_BackupResetCmd                       0x08006573   Thumb Code     8  stm32f4xx_rcc.o(.text)
    RCC_I2SCLKConfig                         0x0800657b   Thumb Code     6  stm32f4xx_rcc.o(.text)
    RCC_SAIPLLI2SClkDivConfig                0x08006581   Thumb Code    26  stm32f4xx_rcc.o(.text)
    RCC_SAIPLLSAIClkDivConfig                0x0800659b   Thumb Code    28  stm32f4xx_rcc.o(.text)
    RCC_SAIBlockACLKConfig                   0x080065b7   Thumb Code    20  stm32f4xx_rcc.o(.text)
    RCC_SAIBlockBCLKConfig                   0x080065cb   Thumb Code    20  stm32f4xx_rcc.o(.text)
    RCC_LTDCCLKDivConfig                     0x080065df   Thumb Code    20  stm32f4xx_rcc.o(.text)
    RCC_TIMCLKPresConfig                     0x080065f3   Thumb Code     6  stm32f4xx_rcc.o(.text)
    RCC_AHB1PeriphClockCmd                   0x080065f9   Thumb Code    34  stm32f4xx_rcc.o(.text)
    RCC_AHB2PeriphClockCmd                   0x0800661b   Thumb Code    78  stm32f4xx_rcc.o(.text)
    RCC_AHB3PeriphClockCmd                   0x08006669   Thumb Code    34  stm32f4xx_rcc.o(.text)
    RCC_APB1PeriphClockCmd                   0x0800668b   Thumb Code    34  stm32f4xx_rcc.o(.text)
    RCC_APB2PeriphClockCmd                   0x080066ad   Thumb Code    34  stm32f4xx_rcc.o(.text)
    RCC_AHB1PeriphResetCmd                   0x080066cf   Thumb Code    34  stm32f4xx_rcc.o(.text)
    RCC_AHB2PeriphResetCmd                   0x080066f1   Thumb Code    34  stm32f4xx_rcc.o(.text)
    RCC_AHB3PeriphResetCmd                   0x08006713   Thumb Code    34  stm32f4xx_rcc.o(.text)
    RCC_APB1PeriphResetCmd                   0x08006735   Thumb Code    34  stm32f4xx_rcc.o(.text)
    RCC_APB2PeriphResetCmd                   0x08006757   Thumb Code    34  stm32f4xx_rcc.o(.text)
    RCC_AHB1PeriphClockLPModeCmd             0x08006779   Thumb Code    34  stm32f4xx_rcc.o(.text)
    RCC_AHB2PeriphClockLPModeCmd             0x0800679b   Thumb Code    34  stm32f4xx_rcc.o(.text)
    RCC_AHB3PeriphClockLPModeCmd             0x080067bd   Thumb Code    34  stm32f4xx_rcc.o(.text)
    RCC_APB1PeriphClockLPModeCmd             0x080067df   Thumb Code    34  stm32f4xx_rcc.o(.text)
    RCC_APB2PeriphClockLPModeCmd             0x08006801   Thumb Code    34  stm32f4xx_rcc.o(.text)
    RCC_LSEModeConfig                        0x08006823   Thumb Code    40  stm32f4xx_rcc.o(.text)
    RCC_ITConfig                             0x0800684b   Thumb Code    34  stm32f4xx_rcc.o(.text)
    RCC_ClearFlag                            0x0800686d   Thumb Code    18  stm32f4xx_rcc.o(.text)
    RCC_GetITStatus                          0x0800687f   Thumb Code    22  stm32f4xx_rcc.o(.text)
    RCC_ClearITPendingBit                    0x08006895   Thumb Code     8  stm32f4xx_rcc.o(.text)
    SYSCFG_DeInit                            0x080068a1   Thumb Code    22  stm32f4xx_syscfg.o(.text)
    SYSCFG_MemoryRemapConfig                 0x080068b7   Thumb Code     6  stm32f4xx_syscfg.o(.text)
    SYSCFG_MemorySwappingBank                0x080068bd   Thumb Code     6  stm32f4xx_syscfg.o(.text)
    SYSCFG_EXTILineConfig                    0x080068c3   Thumb Code    66  stm32f4xx_syscfg.o(.text)
    SYSCFG_ETH_MediaInterfaceConfig          0x08006905   Thumb Code     8  stm32f4xx_syscfg.o(.text)
    SYSCFG_CompensationCellCmd               0x0800690d   Thumb Code     6  stm32f4xx_syscfg.o(.text)
    SYSCFG_GetCompensationCellStatus         0x08006913   Thumb Code    22  stm32f4xx_syscfg.o(.text)
    TIM_DeInit                               0x08006935   Thumb Code   346  stm32f4xx_tim.o(.text)
    TIM_TimeBaseInit                         0x08006a8f   Thumb Code   104  stm32f4xx_tim.o(.text)
    TIM_TimeBaseStructInit                   0x08006af7   Thumb Code    18  stm32f4xx_tim.o(.text)
    TIM_PrescalerConfig                      0x08006b09   Thumb Code     6  stm32f4xx_tim.o(.text)
    TIM_CounterModeConfig                    0x08006b0f   Thumb Code    18  stm32f4xx_tim.o(.text)
    TIM_SetCounter                           0x08006b21   Thumb Code     4  stm32f4xx_tim.o(.text)
    TIM_SetAutoreload                        0x08006b25   Thumb Code     4  stm32f4xx_tim.o(.text)
    TIM_GetCounter                           0x08006b29   Thumb Code     6  stm32f4xx_tim.o(.text)
    TIM_GetPrescaler                         0x08006b2f   Thumb Code     6  stm32f4xx_tim.o(.text)
    TIM_UpdateDisableConfig                  0x08006b35   Thumb Code    24  stm32f4xx_tim.o(.text)
    TIM_UpdateRequestConfig                  0x08006b4d   Thumb Code    24  stm32f4xx_tim.o(.text)
    TIM_ARRPreloadConfig                     0x08006b65   Thumb Code    24  stm32f4xx_tim.o(.text)
    TIM_SelectOnePulseMode                   0x08006b7d   Thumb Code    18  stm32f4xx_tim.o(.text)
    TIM_SetClockDivision                     0x08006b8f   Thumb Code    18  stm32f4xx_tim.o(.text)
    TIM_Cmd                                  0x08006ba1   Thumb Code    24  stm32f4xx_tim.o(.text)
    TIM_OC1Init                              0x08006bb9   Thumb Code   114  stm32f4xx_tim.o(.text)
    TIM_OC2Init                              0x08006c2b   Thumb Code   154  stm32f4xx_tim.o(.text)
    TIM_OC3Init                              0x08006cc5   Thumb Code   204  stm32f4xx_tim.o(.text)
    TIM_OC4Init                              0x08006d91   Thumb Code   112  stm32f4xx_tim.o(.text)
    TIM_OCStructInit                         0x08006e01   Thumb Code    20  stm32f4xx_tim.o(.text)
    TIM_SelectOCxM                           0x08006e15   Thumb Code    86  stm32f4xx_tim.o(.text)
    TIM_SetCompare1                          0x08006e6b   Thumb Code     4  stm32f4xx_tim.o(.text)
    TIM_SetCompare2                          0x08006e6f   Thumb Code     4  stm32f4xx_tim.o(.text)
    TIM_SetCompare3                          0x08006e73   Thumb Code     4  stm32f4xx_tim.o(.text)
    TIM_SetCompare4                          0x08006e77   Thumb Code     4  stm32f4xx_tim.o(.text)
    TIM_ForcedOC1Config                      0x08006e7b   Thumb Code    18  stm32f4xx_tim.o(.text)
    TIM_ForcedOC2Config                      0x08006e8d   Thumb Code    26  stm32f4xx_tim.o(.text)
    TIM_ForcedOC3Config                      0x08006ea7   Thumb Code    18  stm32f4xx_tim.o(.text)
    TIM_ForcedOC4Config                      0x08006eb9   Thumb Code    26  stm32f4xx_tim.o(.text)
    TIM_OC1PreloadConfig                     0x08006ed3   Thumb Code    18  stm32f4xx_tim.o(.text)
    TIM_OC2PreloadConfig                     0x08006ee5   Thumb Code    26  stm32f4xx_tim.o(.text)
    TIM_OC3PreloadConfig                     0x08006eff   Thumb Code    18  stm32f4xx_tim.o(.text)
    TIM_OC4PreloadConfig                     0x08006f11   Thumb Code    26  stm32f4xx_tim.o(.text)
    TIM_OC1FastConfig                        0x08006f2b   Thumb Code    18  stm32f4xx_tim.o(.text)
    TIM_OC2FastConfig                        0x08006f3d   Thumb Code    26  stm32f4xx_tim.o(.text)
    TIM_OC3FastConfig                        0x08006f57   Thumb Code    18  stm32f4xx_tim.o(.text)
    TIM_OC4FastConfig                        0x08006f69   Thumb Code    26  stm32f4xx_tim.o(.text)
    TIM_ClearOC1Ref                          0x08006f83   Thumb Code    18  stm32f4xx_tim.o(.text)
    TIM_ClearOC2Ref                          0x08006f95   Thumb Code    24  stm32f4xx_tim.o(.text)
    TIM_ClearOC3Ref                          0x08006fad   Thumb Code    18  stm32f4xx_tim.o(.text)
    TIM_ClearOC4Ref                          0x08006fbf   Thumb Code    24  stm32f4xx_tim.o(.text)
    TIM_OC1PolarityConfig                    0x08006fd7   Thumb Code    18  stm32f4xx_tim.o(.text)
    TIM_OC1NPolarityConfig                   0x08006fe9   Thumb Code    18  stm32f4xx_tim.o(.text)
    TIM_OC2PolarityConfig                    0x08006ffb   Thumb Code    26  stm32f4xx_tim.o(.text)
    TIM_OC2NPolarityConfig                   0x08007015   Thumb Code    26  stm32f4xx_tim.o(.text)
    TIM_OC3PolarityConfig                    0x0800702f   Thumb Code    26  stm32f4xx_tim.o(.text)
    TIM_OC3NPolarityConfig                   0x08007049   Thumb Code    26  stm32f4xx_tim.o(.text)
    TIM_OC4PolarityConfig                    0x08007063   Thumb Code    26  stm32f4xx_tim.o(.text)
    TIM_CCxCmd                               0x0800707d   Thumb Code    30  stm32f4xx_tim.o(.text)
    TIM_CCxNCmd                              0x0800709b   Thumb Code    30  stm32f4xx_tim.o(.text)
    TIM_SetIC4Prescaler                      0x080070b9   Thumb Code    26  stm32f4xx_tim.o(.text)
    TIM_SetIC3Prescaler                      0x08007123   Thumb Code    18  stm32f4xx_tim.o(.text)
    TIM_SetIC2Prescaler                      0x0800717d   Thumb Code    26  stm32f4xx_tim.o(.text)
    TIM_SetIC1Prescaler                      0x080071f1   Thumb Code    18  stm32f4xx_tim.o(.text)
    TIM_ICInit                               0x0800723d   Thumb Code   110  stm32f4xx_tim.o(.text)
    TIM_ICStructInit                         0x080072ab   Thumb Code    18  stm32f4xx_tim.o(.text)
    TIM_PWMIConfig                           0x080072bd   Thumb Code   124  stm32f4xx_tim.o(.text)
    TIM_GetCapture1                          0x08007339   Thumb Code     6  stm32f4xx_tim.o(.text)
    TIM_GetCapture2                          0x0800733f   Thumb Code     6  stm32f4xx_tim.o(.text)
    TIM_GetCapture3                          0x08007345   Thumb Code     6  stm32f4xx_tim.o(.text)
    TIM_GetCapture4                          0x0800734b   Thumb Code     6  stm32f4xx_tim.o(.text)
    TIM_BDTRConfig                           0x08007351   Thumb Code    32  stm32f4xx_tim.o(.text)
    TIM_BDTRStructInit                       0x08007371   Thumb Code    18  stm32f4xx_tim.o(.text)
    TIM_CtrlPWMOutputs                       0x08007383   Thumb Code    30  stm32f4xx_tim.o(.text)
    TIM_SelectCOM                            0x080073a1   Thumb Code    24  stm32f4xx_tim.o(.text)
    TIM_CCPreloadControl                     0x080073b9   Thumb Code    24  stm32f4xx_tim.o(.text)
    TIM_ITConfig                             0x080073d1   Thumb Code    18  stm32f4xx_tim.o(.text)
    TIM_GenerateEvent                        0x080073e3   Thumb Code     4  stm32f4xx_tim.o(.text)
    TIM_GetFlagStatus                        0x080073e7   Thumb Code    18  stm32f4xx_tim.o(.text)
    TIM_ClearFlag                            0x080073f9   Thumb Code     6  stm32f4xx_tim.o(.text)
    TIM_GetITStatus                          0x080073ff   Thumb Code    34  stm32f4xx_tim.o(.text)
    TIM_ClearITPendingBit                    0x08007421   Thumb Code     6  stm32f4xx_tim.o(.text)
    TIM_DMAConfig                            0x08007427   Thumb Code    10  stm32f4xx_tim.o(.text)
    TIM_DMACmd                               0x08007431   Thumb Code    18  stm32f4xx_tim.o(.text)
    TIM_SelectCCDMA                          0x08007443   Thumb Code    24  stm32f4xx_tim.o(.text)
    TIM_InternalClockConfig                  0x0800745b   Thumb Code    12  stm32f4xx_tim.o(.text)
    TIM_SelectInputTrigger                   0x08007467   Thumb Code    18  stm32f4xx_tim.o(.text)
    TIM_ITRxExternalClockConfig              0x08007479   Thumb Code    24  stm32f4xx_tim.o(.text)
    TIM_TIxExternalClockConfig               0x08007491   Thumb Code    62  stm32f4xx_tim.o(.text)
    TIM_ETRConfig                            0x080074cf   Thumb Code    28  stm32f4xx_tim.o(.text)
    TIM_ETRClockMode1Config                  0x080074eb   Thumb Code    54  stm32f4xx_tim.o(.text)
    TIM_ETRClockMode2Config                  0x08007521   Thumb Code    32  stm32f4xx_tim.o(.text)
    TIM_SelectOutputTrigger                  0x08007541   Thumb Code    18  stm32f4xx_tim.o(.text)
    TIM_SelectSlaveMode                      0x08007553   Thumb Code    18  stm32f4xx_tim.o(.text)
    TIM_SelectMasterSlaveMode                0x08007565   Thumb Code    18  stm32f4xx_tim.o(.text)
    TIM_EncoderInterfaceConfig               0x08007577   Thumb Code    66  stm32f4xx_tim.o(.text)
    TIM_SelectHallSensor                     0x080075b9   Thumb Code    24  stm32f4xx_tim.o(.text)
    TIM_RemapConfig                          0x080075d1   Thumb Code     6  stm32f4xx_tim.o(.text)
    USART_DeInit                             0x080075d9   Thumb Code   206  stm32f4xx_usart.o(.text)
    USART_Init                               0x080076a7   Thumb Code   204  stm32f4xx_usart.o(.text)
    USART_StructInit                         0x08007773   Thumb Code    24  stm32f4xx_usart.o(.text)
    USART_ClockInit                          0x0800778b   Thumb Code    32  stm32f4xx_usart.o(.text)
    USART_ClockStructInit                    0x080077ab   Thumb Code    12  stm32f4xx_usart.o(.text)
    USART_Cmd                                0x080077b7   Thumb Code    24  stm32f4xx_usart.o(.text)
    USART_SetPrescaler                       0x080077cf   Thumb Code    16  stm32f4xx_usart.o(.text)
    USART_OverSampling8Cmd                   0x080077df   Thumb Code    22  stm32f4xx_usart.o(.text)
    USART_OneBitMethodCmd                    0x080077f5   Thumb Code    24  stm32f4xx_usart.o(.text)
    USART_SendData                           0x0800780d   Thumb Code     8  stm32f4xx_usart.o(.text)
    USART_ReceiveData                        0x08007815   Thumb Code    10  stm32f4xx_usart.o(.text)
    USART_SetAddress                         0x0800781f   Thumb Code    18  stm32f4xx_usart.o(.text)
    USART_ReceiverWakeUpCmd                  0x08007831   Thumb Code    24  stm32f4xx_usart.o(.text)
    USART_WakeUpConfig                       0x08007849   Thumb Code    18  stm32f4xx_usart.o(.text)
    USART_LINBreakDetectLengthConfig         0x0800785b   Thumb Code    18  stm32f4xx_usart.o(.text)
    USART_LINCmd                             0x0800786d   Thumb Code    24  stm32f4xx_usart.o(.text)
    USART_SendBreak                          0x08007885   Thumb Code    10  stm32f4xx_usart.o(.text)
    USART_HalfDuplexCmd                      0x0800788f   Thumb Code    24  stm32f4xx_usart.o(.text)
    USART_SetGuardTime                       0x080078a7   Thumb Code    16  stm32f4xx_usart.o(.text)
    USART_SmartCardCmd                       0x080078b7   Thumb Code    24  stm32f4xx_usart.o(.text)
    USART_SmartCardNACKCmd                   0x080078cf   Thumb Code    24  stm32f4xx_usart.o(.text)
    USART_IrDAConfig                         0x080078e7   Thumb Code    18  stm32f4xx_usart.o(.text)
    USART_IrDACmd                            0x080078f9   Thumb Code    24  stm32f4xx_usart.o(.text)
    USART_DMACmd                             0x08007911   Thumb Code    18  stm32f4xx_usart.o(.text)
    USART_ITConfig                           0x08007923   Thumb Code    74  stm32f4xx_usart.o(.text)
    USART_GetFlagStatus                      0x0800796d   Thumb Code    26  stm32f4xx_usart.o(.text)
    USART_ClearFlag                          0x08007987   Thumb Code    18  stm32f4xx_usart.o(.text)
    USART_GetITStatus                        0x08007999   Thumb Code   118  stm32f4xx_usart.o(.text)
    USART_ClearITPendingBit                  0x08007a0f   Thumb Code    30  stm32f4xx_usart.o(.text)
    PWR_DeInit                               0x08007a2d   Thumb Code    22  stm32f4xx_pwr.o(.text)
    PWR_BackupAccessCmd                      0x08007a43   Thumb Code     6  stm32f4xx_pwr.o(.text)
    PWR_PVDLevelConfig                       0x08007a49   Thumb Code    18  stm32f4xx_pwr.o(.text)
    PWR_PVDCmd                               0x08007a5b   Thumb Code     6  stm32f4xx_pwr.o(.text)
    PWR_WakeUpPinCmd                         0x08007a61   Thumb Code     8  stm32f4xx_pwr.o(.text)
    PWR_BackupRegulatorCmd                   0x08007a69   Thumb Code     8  stm32f4xx_pwr.o(.text)
    PWR_MainRegulatorModeConfig              0x08007a71   Thumb Code    18  stm32f4xx_pwr.o(.text)
    PWR_OverDriveCmd                         0x08007a83   Thumb Code     6  stm32f4xx_pwr.o(.text)
    PWR_OverDriveSWCmd                       0x08007a89   Thumb Code     6  stm32f4xx_pwr.o(.text)
    PWR_UnderDriveCmd                        0x08007a8f   Thumb Code    30  stm32f4xx_pwr.o(.text)
    PWR_MainRegulatorLowVoltageCmd           0x08007aad   Thumb Code    18  stm32f4xx_pwr.o(.text)
    PWR_LowRegulatorLowVoltageCmd            0x08007abf   Thumb Code    18  stm32f4xx_pwr.o(.text)
    PWR_FlashPowerDownCmd                    0x08007ad1   Thumb Code     6  stm32f4xx_pwr.o(.text)
    PWR_EnterSTOPMode                        0x08007ad7   Thumb Code    58  stm32f4xx_pwr.o(.text)
    PWR_EnterUnderDriveSTOPMode              0x08007b11   Thumb Code    58  stm32f4xx_pwr.o(.text)
    PWR_EnterSTANDBYMode                     0x08007b4b   Thumb Code    32  stm32f4xx_pwr.o(.text)
    PWR_GetFlagStatus                        0x08007b6b   Thumb Code    20  stm32f4xx_pwr.o(.text)
    PWR_ClearFlag                            0x08007b7f   Thumb Code    14  stm32f4xx_pwr.o(.text)
    __use_no_semihosting                     0x08007b99   Thumb Code     2  use_no_semi_2.o(.text)
    __aeabi_ldivmod                          0x08007b9b   Thumb Code     0  llsdiv.o(.text)
    _ll_sdiv                                 0x08007b9b   Thumb Code    72  llsdiv.o(.text)
    __c89vsprintf                            0x08007be5   Thumb Code    32  c89vsprintf.o(.text)
    __2printf                                0x08007c09   Thumb Code    20  __2printf.o(.text)
    _printf_pre_padding                      0x08007c21   Thumb Code    44  _printf_pad.o(.text)
    _printf_post_padding                     0x08007c4d   Thumb Code    34  _printf_pad.o(.text)
    _printf_int_dec                          0x08007c71   Thumb Code   104  _printf_dec.o(.text)
    _printf_longlong_hex                     0x08007ce9   Thumb Code    86  _printf_hex_int_ll_ptr.o(.text)
    _printf_int_hex                          0x08007d3f   Thumb Code    28  _printf_hex_int_ll_ptr.o(.text)
    _printf_ll_hex                           0x08007d5b   Thumb Code    12  _printf_hex_int_ll_ptr.o(.text)
    _printf_hex_ptr                          0x08007d67   Thumb Code    18  _printf_hex_int_ll_ptr.o(.text)
    __printf                                 0x08007d7d   Thumb Code   388  __printf_flags_ss_wp.o(.text)
    atoi                                     0x08007f05   Thumb Code    26  atoi.o(.text)
    memcmp                                   0x08007f1f   Thumb Code    88  memcmp.o(.text)
    strlen                                   0x08007f77   Thumb Code    62  strlen.o(.text)
    strncmp                                  0x08007fb5   Thumb Code   150  strncmp.o(.text)
    __aeabi_memset                           0x0800804b   Thumb Code    16  aeabi_memset.o(.text)
    strcmp                                   0x0800805d   Thumb Code   128  strcmpv7m.o(.text)
    __use_two_region_memory                  0x080080dd   Thumb Code     2  heapauxi.o(.text)
    __rt_heap_escrow$2region                 0x080080df   Thumb Code     2  heapauxi.o(.text)
    __rt_heap_expand$2region                 0x080080e1   Thumb Code     2  heapauxi.o(.text)
    __I$use$semihosting                      0x080080e3   Thumb Code     0  use_no_semi.o(.text)
    __use_no_semihosting_swi                 0x080080e3   Thumb Code     2  use_no_semi.o(.text)
    __aeabi_errno_addr                       0x080080e5   Thumb Code     8  rt_errno_addr_intlibspace.o(.text)
    __errno$intlibspace                      0x080080e5   Thumb Code     0  rt_errno_addr_intlibspace.o(.text)
    __rt_errno_addr$intlibspace              0x080080e5   Thumb Code     0  rt_errno_addr_intlibspace.o(.text)
    __aeabi_uldivmod                         0x080080ed   Thumb Code     0  lludivv7m.o(.text)
    _ll_udiv                                 0x080080ed   Thumb Code   238  lludivv7m.o(.text)
    __read_errno                             0x080081db   Thumb Code    10  _rserrno.o(.text)
    __set_errno                              0x080081e5   Thumb Code    12  _rserrno.o(.text)
    _printf_truncate_signed                  0x080081f1   Thumb Code    18  _printf_truncate.o(.text)
    _printf_truncate_unsigned                0x08008203   Thumb Code    18  _printf_truncate.o(.text)
    _printf_str                              0x08008215   Thumb Code    82  _printf_str.o(.text)
    _printf_int_common                       0x08008267   Thumb Code   178  _printf_intcommon.o(.text)
    _printf_charcount                        0x08008319   Thumb Code    40  _printf_charcount.o(.text)
    _printf_char_common                      0x0800834b   Thumb Code    32  _printf_char_common.o(.text)
    _sputc                                   0x08008371   Thumb Code    10  _sputc.o(.text)
    _printf_char_file                        0x0800837d   Thumb Code    32  _printf_char_file.o(.text)
    _printf_wctomb                           0x080083a1   Thumb Code   182  _printf_wctomb.o(.text)
    _printf_longlong_dec                     0x0800845d   Thumb Code   108  _printf_longlong_dec.o(.text)
    _printf_longlong_oct                     0x080084d9   Thumb Code    66  _printf_oct_int_ll.o(.text)
    _printf_int_oct                          0x0800851b   Thumb Code    24  _printf_oct_int_ll.o(.text)
    _printf_ll_oct                           0x08008533   Thumb Code    12  _printf_oct_int_ll.o(.text)
    strtol                                   0x08008549   Thumb Code   112  strtol.o(.text)
    __aeabi_memclr                           0x080085b9   Thumb Code     0  rt_memclr.o(.text)
    __rt_memclr                              0x080085b9   Thumb Code    68  rt_memclr.o(.text)
    _memset                                  0x080085bd   Thumb Code     0  rt_memclr.o(.text)
    __user_libspace                          0x080085fd   Thumb Code     8  libspace.o(.text)
    __user_perproc_libspace                  0x080085fd   Thumb Code     0  libspace.o(.text)
    __user_perthread_libspace                0x080085fd   Thumb Code     0  libspace.o(.text)
    __rt_ctype_table                         0x08008605   Thumb Code    16  rt_ctype_table.o(.text)
    _ll_udiv10                               0x08008615   Thumb Code   138  lludiv10.o(.text)
    __lib_sel_fp_printf                      0x0800869f   Thumb Code     2  _printf_fp_dec.o(.text)
    _printf_fp_dec_real                      0x08008851   Thumb Code   620  _printf_fp_dec.o(.text)
    _printf_cs_common                        0x08008abd   Thumb Code    20  _printf_char.o(.text)
    _printf_char                             0x08008ad1   Thumb Code    16  _printf_char.o(.text)
    _printf_string                           0x08008ae1   Thumb Code     8  _printf_char.o(.text)
    _printf_lcs_common                       0x08008ae9   Thumb Code    20  _printf_wchar.o(.text)
    _printf_wchar                            0x08008afd   Thumb Code    16  _printf_wchar.o(.text)
    _printf_wstring                          0x08008b0d   Thumb Code     8  _printf_wchar.o(.text)
    _strtoul                                 0x08008b15   Thumb Code   158  _strtoul.o(.text)
    ferror                                   0x08008bb3   Thumb Code     8  ferror.o(.text)
    _wcrtomb                                 0x08008bbb   Thumb Code    64  _wcrtomb.o(.text)
    __aeabi_memclr4                          0x08008bfb   Thumb Code     0  rt_memclr_w.o(.text)
    __aeabi_memclr8                          0x08008bfb   Thumb Code     0  rt_memclr_w.o(.text)
    __rt_memclr_w                            0x08008bfb   Thumb Code    78  rt_memclr_w.o(.text)
    _memset_w                                0x08008bff   Thumb Code     0  rt_memclr_w.o(.text)
    __user_setup_stackheap                   0x08008c49   Thumb Code    74  sys_stackheap_outer.o(.text)
    __rt_locale                              0x08008c95   Thumb Code     8  rt_locale_intlibspace.o(.text)
    _printf_fp_infnan                        0x08008c9d   Thumb Code   112  _printf_fp_infnan.o(.text)
    _chval                                   0x08008d1d   Thumb Code    28  _chval.o(.text)
    _btod_etento                             0x08008d39   Thumb Code   224  bigflt0.o(.text)
    exit                                     0x08008e1d   Thumb Code    18  exit.o(.text)
    _btod_d2e                                0x08008e2f   Thumb Code    62  btod.o(CL$$btod_d2e)
    _d2e_denorm_low                          0x08008e6d   Thumb Code    70  btod.o(CL$$btod_d2e_denorm_low)
    _d2e_norm_op1                            0x08008eb3   Thumb Code    96  btod.o(CL$$btod_d2e_norm_op1)
    __btod_div_common                        0x08008f13   Thumb Code   696  btod.o(CL$$btod_div_common)
    _e2e                                     0x0800924b   Thumb Code   220  btod.o(CL$$btod_e2e)
    _btod_ediv                               0x08009327   Thumb Code    42  btod.o(CL$$btod_ediv)
    _btod_emul                               0x08009351   Thumb Code    42  btod.o(CL$$btod_emul)
    __btod_mult_common                       0x0800937b   Thumb Code   580  btod.o(CL$$btod_mult_common)
    __ARM_fpclassify                         0x080095bf   Thumb Code    48  fpclassify.o(i.__ARM_fpclassify)
    __hardfp_asin                            0x080095f1   Thumb Code   770  asin.o(i.__hardfp_asin)
    __hardfp_atan                            0x08009951   Thumb Code   622  atan.o(i.__hardfp_atan)
    __hardfp_atan2                           0x08009c29   Thumb Code   432  atan2.o(i.__hardfp_atan2)
    __kernel_poly                            0x08009e19   Thumb Code   248  poly.o(i.__kernel_poly)
    __mathlib_dbl_infnan                     0x08009f11   Thumb Code    20  dunder.o(i.__mathlib_dbl_infnan)
    __mathlib_dbl_infnan2                    0x08009f25   Thumb Code    20  dunder.o(i.__mathlib_dbl_infnan2)
    __mathlib_dbl_invalid                    0x08009f39   Thumb Code    24  dunder.o(i.__mathlib_dbl_invalid)
    __mathlib_dbl_underflow                  0x08009f59   Thumb Code    24  dunder.o(i.__mathlib_dbl_underflow)
    _is_digit                                0x08009f79   Thumb Code    14  __printf_wp.o(i._is_digit)
    atan                                     0x08009f87   Thumb Code    16  atan.o(i.atan)
    fabs                                     0x08009f97   Thumb Code    24  fabs.o(i.fabs)
    sqrt                                     0x08009faf   Thumb Code   110  sqrt.o(i.sqrt)
    _get_lc_ctype                            0x0800a01d   Thumb Code    44  lc_ctype_c.o(locale$$code)
    _get_lc_numeric                          0x0800a049   Thumb Code    44  lc_numeric_c.o(locale$$code)
    __aeabi_dneg                             0x0800a075   Thumb Code     0  basic.o(x$fpl$basic)
    _dneg                                    0x0800a075   Thumb Code     6  basic.o(x$fpl$basic)
    __aeabi_fneg                             0x0800a07b   Thumb Code     0  basic.o(x$fpl$basic)
    _fneg                                    0x0800a07b   Thumb Code     6  basic.o(x$fpl$basic)
    _dabs                                    0x0800a081   Thumb Code     6  basic.o(x$fpl$basic)
    _fabs                                    0x0800a087   Thumb Code     6  basic.o(x$fpl$basic)
    __aeabi_d2f                              0x0800a08d   Thumb Code     0  d2f.o(x$fpl$d2f)
    _d2f                                     0x0800a08d   Thumb Code    98  d2f.o(x$fpl$d2f)
    __aeabi_dadd                             0x0800a0f1   Thumb Code     0  daddsub_clz.o(x$fpl$dadd)
    _dadd                                    0x0800a0f1   Thumb Code   332  daddsub_clz.o(x$fpl$dadd)
    __aeabi_ddiv                             0x0800a241   Thumb Code     0  ddiv.o(x$fpl$ddiv)
    _ddiv                                    0x0800a241   Thumb Code   552  ddiv.o(x$fpl$ddiv)
    __aeabi_i2d                              0x0800a4f1   Thumb Code     0  dflt_clz.o(x$fpl$dflt)
    _dflt                                    0x0800a4f1   Thumb Code    46  dflt_clz.o(x$fpl$dflt)
    __aeabi_dmul                             0x0800a521   Thumb Code     0  dmul.o(x$fpl$dmul)
    _dmul                                    0x0800a521   Thumb Code   332  dmul.o(x$fpl$dmul)
    __fpl_dnaninf                            0x0800a675   Thumb Code   156  dnaninf.o(x$fpl$dnaninf)
    __fpl_dretinf                            0x0800a711   Thumb Code    12  dretinf.o(x$fpl$dretinf)
    __aeabi_drsub                            0x0800a71d   Thumb Code     0  daddsub_clz.o(x$fpl$drsb)
    _drsb                                    0x0800a71d   Thumb Code    22  daddsub_clz.o(x$fpl$drsb)
    _dsqrt                                   0x0800a735   Thumb Code   404  dsqrt_umaal.o(x$fpl$dsqrt)
    __aeabi_dsub                             0x0800a8cd   Thumb Code     0  daddsub_clz.o(x$fpl$dsub)
    _dsub                                    0x0800a8cd   Thumb Code   464  daddsub_clz.o(x$fpl$dsub)
    __aeabi_f2d                              0x0800aaa1   Thumb Code     0  f2d.o(x$fpl$f2d)
    _f2d                                     0x0800aaa1   Thumb Code    86  f2d.o(x$fpl$f2d)
    __fpl_fnaninf                            0x0800aaf7   Thumb Code   140  fnaninf.o(x$fpl$fnaninf)
    _fp_init                                 0x0800ab83   Thumb Code    10  fpinit.o(x$fpl$fpinit)
    __fplib_config_fpu_vfp                   0x0800ab8b   Thumb Code     0  fpinit.o(x$fpl$fpinit)
    __fplib_config_pureend_doubles           0x0800ab8b   Thumb Code     0  fpinit.o(x$fpl$fpinit)
    __fpl_fretinf                            0x0800ab8d   Thumb Code    10  fretinf.o(x$fpl$fretinf)
    _printf_fp_dec                           0x0800ab97   Thumb Code     4  printf1.o(x$fpl$printf1)
    __I$use$fp                               0x0800ab9a   Number         0  usenofp.o(x$fpl$usenofp)
    oled_asc2_1206                           0x0800ab9a   Data        1140  oled.o(.constdata)
    oled_asc2_1608                           0x0800b00e   Data        1520  oled.o(.constdata)
    Hzk16                                    0x0800b5fe   Data        2624  oled.o(.constdata)
    reg                                      0x0800c040   Data          27  inv_mpu.o(.constdata)
    hw                                       0x0800c05c   Data          12  inv_mpu.o(.constdata)
    test                                     0x0800c068   Data          40  inv_mpu.o(.constdata)
    __mathlib_zero                           0x0800cdb0   Data           8  qnan.o(.constdata)
    Region$$Table$$Base                      0x0800ce9c   Number         0  anon$$obj.o(Region$$Table)
    Region$$Table$$Limit                     0x0800cebc   Number         0  anon$$obj.o(Region$$Table)
    __ctype                                  0x0800cec9   Data           0  lc_ctype_c.o(locale$$data)
    decoder_left                             0x20000000   Data           4  main.o(.data)
    decoder_right                            0x20000004   Data           4  main.o(.data)
    flag                                     0x20000008   Data           4  main.o(.data)
    pitch                                    0x2000000c   Data           4  main.o(.data)
    roll                                     0x20000010   Data           4  main.o(.data)
    yaw                                      0x20000014   Data           4  main.o(.data)
    aacx                                     0x20000018   Data           2  main.o(.data)
    aacy                                     0x2000001a   Data           2  main.o(.data)
    aacz                                     0x2000001c   Data           2  main.o(.data)
    gyrox                                    0x2000001e   Data           2  main.o(.data)
    gyroy                                    0x20000020   Data           2  main.o(.data)
    gyroz                                    0x20000022   Data           2  main.o(.data)
    x1                                       0x20000024   Data           4  main.o(.data)
    y1                                       0x20000028   Data           4  main.o(.data)
    x2                                       0x2000002c   Data           4  main.o(.data)
    y2                                       0x20000030   Data           4  main.o(.data)
    x3                                       0x20000034   Data           4  main.o(.data)
    y3                                       0x20000038   Data           4  main.o(.data)
    x4                                       0x2000003c   Data           4  main.o(.data)
    y4                                       0x20000040   Data           4  main.o(.data)
    SystemCoreClock                          0x20000044   Data           4  system_stm32f4xx.o(.data)
    AHBPrescTable                            0x20000048   Data          16  system_stm32f4xx.o(.data)
    USART2_RX_STA                            0x2000006e   Data           2  usart2.o(.data)
    USART3_RX_STA                            0x20000088   Data           2  usart3.o(.data)
    __stdout                                 0x200000c8   Data           4  usart.o(.data)
    USART_RX_STA                             0x200000cc   Data           2  usart.o(.data)
    USART2_TX_BUF                            0x200000e0   Data         400  usart2.o(.bss)
    USART2_RX_BUF                            0x20000270   Data         400  usart2.o(.bss)
    OLED_GRAM                                0x20000400   Data        1024  oled.o(.bss)
    USART3_TX_BUF                            0x20000800   Data         400  usart3.o(.bss)
    USART3_RX_BUF                            0x20000990   Data         400  usart3.o(.bss)
    USART_RX_BUF                             0x20000b30   Data         200  usart.o(.bss)
    __libspace_start                         0x20000bf8   Data          96  libspace.o(.bss)
    __temporary_stack_top$libspace           0x20000c58   Data           0  libspace.o(.bss)



==============================================================================

Memory Map of the image

  Image Entry point : 0x08000189

  Load Region LR_IROM1 (Base: 0x08000000, Size: 0x0000d0c8, Max: 0x00080000, ABSOLUTE)

    Execution Region ER_IROM1 (Exec base: 0x08000000, Load base: 0x08000000, Size: 0x0000cfe8, Max: 0x00080000, ABSOLUTE)

    Exec Addr    Load Addr    Size         Type   Attr      Idx    E Section Name        Object

    0x08000000   0x08000000   0x00000188   Data   RO          746    RESET               startup_stm32f40_41xxx.o
    0x08000188   0x08000188   0x00000008   Code   RO         1258  * !!!main             c_w.l(__main.o)
    0x08000190   0x08000190   0x00000034   Code   RO         1664    !!!scatter          c_w.l(__scatter.o)
    0x080001c4   0x080001c4   0x0000001a   Code   RO         1666    !!handler_copy      c_w.l(__scatter_copy.o)
    0x080001de   0x080001de   0x00000002   PAD
    0x080001e0   0x080001e0   0x0000001c   Code   RO         1668    !!handler_zi        c_w.l(__scatter_zi.o)
    0x080001fc   0x080001fc   0x00000000   Code   RO         1243    .ARM.Collect$$_printf_percent$$00000000  c_w.l(_printf_percent.o)
    0x080001fc   0x080001fc   0x00000006   Code   RO         1347    .ARM.Collect$$_printf_percent$$00000001  c_w.l(_printf_n.o)
    0x08000202   0x08000202   0x00000006   Code   RO         1348    .ARM.Collect$$_printf_percent$$00000002  c_w.l(_printf_p.o)
    0x08000208   0x08000208   0x00000006   Code   RO         1352    .ARM.Collect$$_printf_percent$$00000003  c_w.l(_printf_f.o)
    0x0800020e   0x0800020e   0x00000006   Code   RO         1353    .ARM.Collect$$_printf_percent$$00000004  c_w.l(_printf_e.o)
    0x08000214   0x08000214   0x00000006   Code   RO         1354    .ARM.Collect$$_printf_percent$$00000005  c_w.l(_printf_g.o)
    0x0800021a   0x0800021a   0x00000006   Code   RO         1355    .ARM.Collect$$_printf_percent$$00000006  c_w.l(_printf_a.o)
    0x08000220   0x08000220   0x0000000a   Code   RO         1360    .ARM.Collect$$_printf_percent$$00000007  c_w.l(_printf_ll.o)
    0x0800022a   0x0800022a   0x00000006   Code   RO         1350    .ARM.Collect$$_printf_percent$$00000008  c_w.l(_printf_i.o)
    0x08000230   0x08000230   0x00000006   Code   RO         1242    .ARM.Collect$$_printf_percent$$00000009  c_w.l(_printf_d.o)
    0x08000236   0x08000236   0x00000006   Code   RO         1351    .ARM.Collect$$_printf_percent$$0000000A  c_w.l(_printf_u.o)
    0x0800023c   0x0800023c   0x00000006   Code   RO         1349    .ARM.Collect$$_printf_percent$$0000000B  c_w.l(_printf_o.o)
    0x08000242   0x08000242   0x00000006   Code   RO         1241    .ARM.Collect$$_printf_percent$$0000000C  c_w.l(_printf_x.o)
    0x08000248   0x08000248   0x00000006   Code   RO         1357    .ARM.Collect$$_printf_percent$$0000000D  c_w.l(_printf_lli.o)
    0x0800024e   0x0800024e   0x00000006   Code   RO         1358    .ARM.Collect$$_printf_percent$$0000000E  c_w.l(_printf_lld.o)
    0x08000254   0x08000254   0x00000006   Code   RO         1359    .ARM.Collect$$_printf_percent$$0000000F  c_w.l(_printf_llu.o)
    0x0800025a   0x0800025a   0x00000006   Code   RO         1364    .ARM.Collect$$_printf_percent$$00000010  c_w.l(_printf_llo.o)
    0x08000260   0x08000260   0x00000006   Code   RO         1365    .ARM.Collect$$_printf_percent$$00000011  c_w.l(_printf_llx.o)
    0x08000266   0x08000266   0x0000000a   Code   RO         1361    .ARM.Collect$$_printf_percent$$00000012  c_w.l(_printf_l.o)
    0x08000270   0x08000270   0x00000006   Code   RO         1345    .ARM.Collect$$_printf_percent$$00000013  c_w.l(_printf_c.o)
    0x08000276   0x08000276   0x00000006   Code   RO         1346    .ARM.Collect$$_printf_percent$$00000014  c_w.l(_printf_s.o)
    0x0800027c   0x0800027c   0x00000006   Code   RO         1362    .ARM.Collect$$_printf_percent$$00000015  c_w.l(_printf_lc.o)
    0x08000282   0x08000282   0x00000006   Code   RO         1363    .ARM.Collect$$_printf_percent$$00000016  c_w.l(_printf_ls.o)
    0x08000288   0x08000288   0x00000004   Code   RO         1356    .ARM.Collect$$_printf_percent$$00000017  c_w.l(_printf_percent_end.o)
    0x0800028c   0x0800028c   0x00000002   Code   RO         1533    .ARM.Collect$$libinit$$00000000  c_w.l(libinit.o)
    0x0800028e   0x0800028e   0x00000004   Code   RO         1544    .ARM.Collect$$libinit$$00000001  c_w.l(libinit2.o)
    0x08000292   0x08000292   0x00000000   Code   RO         1547    .ARM.Collect$$libinit$$00000004  c_w.l(libinit2.o)
    0x08000292   0x08000292   0x00000000   Code   RO         1550    .ARM.Collect$$libinit$$0000000A  c_w.l(libinit2.o)
    0x08000292   0x08000292   0x00000000   Code   RO         1552    .ARM.Collect$$libinit$$0000000C  c_w.l(libinit2.o)
    0x08000292   0x08000292   0x00000000   Code   RO         1554    .ARM.Collect$$libinit$$0000000E  c_w.l(libinit2.o)
    0x08000292   0x08000292   0x00000006   Code   RO         1555    .ARM.Collect$$libinit$$0000000F  c_w.l(libinit2.o)
    0x08000298   0x08000298   0x00000000   Code   RO         1557    .ARM.Collect$$libinit$$00000011  c_w.l(libinit2.o)
    0x08000298   0x08000298   0x0000000c   Code   RO         1558    .ARM.Collect$$libinit$$00000012  c_w.l(libinit2.o)
    0x080002a4   0x080002a4   0x00000000   Code   RO         1559    .ARM.Collect$$libinit$$00000013  c_w.l(libinit2.o)
    0x080002a4   0x080002a4   0x00000000   Code   RO         1561    .ARM.Collect$$libinit$$00000015  c_w.l(libinit2.o)
    0x080002a4   0x080002a4   0x0000000a   Code   RO         1562    .ARM.Collect$$libinit$$00000016  c_w.l(libinit2.o)
    0x080002ae   0x080002ae   0x00000000   Code   RO         1563    .ARM.Collect$$libinit$$00000017  c_w.l(libinit2.o)
    0x080002ae   0x080002ae   0x00000000   Code   RO         1565    .ARM.Collect$$libinit$$00000019  c_w.l(libinit2.o)
    0x080002ae   0x080002ae   0x00000000   Code   RO         1567    .ARM.Collect$$libinit$$0000001B  c_w.l(libinit2.o)
    0x080002ae   0x080002ae   0x00000000   Code   RO         1569    .ARM.Collect$$libinit$$0000001D  c_w.l(libinit2.o)
    0x080002ae   0x080002ae   0x00000000   Code   RO         1571    .ARM.Collect$$libinit$$0000001F  c_w.l(libinit2.o)
    0x080002ae   0x080002ae   0x00000000   Code   RO         1573    .ARM.Collect$$libinit$$00000021  c_w.l(libinit2.o)
    0x080002ae   0x080002ae   0x00000000   Code   RO         1575    .ARM.Collect$$libinit$$00000023  c_w.l(libinit2.o)
    0x080002ae   0x080002ae   0x00000000   Code   RO         1577    .ARM.Collect$$libinit$$00000025  c_w.l(libinit2.o)
    0x080002ae   0x080002ae   0x00000000   Code   RO         1581    .ARM.Collect$$libinit$$0000002C  c_w.l(libinit2.o)
    0x080002ae   0x080002ae   0x00000000   Code   RO         1583    .ARM.Collect$$libinit$$0000002E  c_w.l(libinit2.o)
    0x080002ae   0x080002ae   0x00000000   Code   RO         1585    .ARM.Collect$$libinit$$00000030  c_w.l(libinit2.o)
    0x080002ae   0x080002ae   0x00000000   Code   RO         1587    .ARM.Collect$$libinit$$00000032  c_w.l(libinit2.o)
    0x080002ae   0x080002ae   0x00000002   Code   RO         1588    .ARM.Collect$$libinit$$00000033  c_w.l(libinit2.o)
    0x080002b0   0x080002b0   0x00000002   Code   RO         1616    .ARM.Collect$$libshutdown$$00000000  c_w.l(libshutdown.o)
    0x080002b2   0x080002b2   0x00000000   Code   RO         1630    .ARM.Collect$$libshutdown$$00000002  c_w.l(libshutdown2.o)
    0x080002b2   0x080002b2   0x00000000   Code   RO         1632    .ARM.Collect$$libshutdown$$00000004  c_w.l(libshutdown2.o)
    0x080002b2   0x080002b2   0x00000000   Code   RO         1635    .ARM.Collect$$libshutdown$$00000007  c_w.l(libshutdown2.o)
    0x080002b2   0x080002b2   0x00000000   Code   RO         1638    .ARM.Collect$$libshutdown$$0000000A  c_w.l(libshutdown2.o)
    0x080002b2   0x080002b2   0x00000000   Code   RO         1640    .ARM.Collect$$libshutdown$$0000000C  c_w.l(libshutdown2.o)
    0x080002b2   0x080002b2   0x00000000   Code   RO         1643    .ARM.Collect$$libshutdown$$0000000F  c_w.l(libshutdown2.o)
    0x080002b2   0x080002b2   0x00000002   Code   RO         1644    .ARM.Collect$$libshutdown$$00000010  c_w.l(libshutdown2.o)
    0x080002b4   0x080002b4   0x00000000   Code   RO         1310    .ARM.Collect$$rtentry$$00000000  c_w.l(__rtentry.o)
    0x080002b4   0x080002b4   0x00000000   Code   RO         1438    .ARM.Collect$$rtentry$$00000002  c_w.l(__rtentry2.o)
    0x080002b4   0x080002b4   0x00000006   Code   RO         1450    .ARM.Collect$$rtentry$$00000004  c_w.l(__rtentry4.o)
    0x080002ba   0x080002ba   0x00000000   Code   RO         1440    .ARM.Collect$$rtentry$$00000009  c_w.l(__rtentry2.o)
    0x080002ba   0x080002ba   0x00000004   Code   RO         1441    .ARM.Collect$$rtentry$$0000000A  c_w.l(__rtentry2.o)
    0x080002be   0x080002be   0x00000000   Code   RO         1443    .ARM.Collect$$rtentry$$0000000C  c_w.l(__rtentry2.o)
    0x080002be   0x080002be   0x00000008   Code   RO         1444    .ARM.Collect$$rtentry$$0000000D  c_w.l(__rtentry2.o)
    0x080002c6   0x080002c6   0x00000002   Code   RO         1538    .ARM.Collect$$rtexit$$00000000  c_w.l(rtexit.o)
    0x080002c8   0x080002c8   0x00000000   Code   RO         1590    .ARM.Collect$$rtexit$$00000002  c_w.l(rtexit2.o)
    0x080002c8   0x080002c8   0x00000004   Code   RO         1591    .ARM.Collect$$rtexit$$00000003  c_w.l(rtexit2.o)
    0x080002cc   0x080002cc   0x00000006   Code   RO         1592    .ARM.Collect$$rtexit$$00000004  c_w.l(rtexit2.o)
    0x080002d2   0x080002d2   0x00000002   PAD
    0x080002d4   0x080002d4   0x0000018c   Code   RO            3    .text               main.o
    0x08000460   0x08000460   0x0000001a   Code   RO          194    .text               stm32f4xx_it.o
    0x0800047a   0x0800047a   0x00000002   PAD
    0x0800047c   0x0800047c   0x00000210   Code   RO          217    .text               system_stm32f4xx.o
    0x0800068c   0x0800068c   0x00000068   Code   RO          243    .text               control.o
    0x080006f4   0x080006f4   0x00000074   Code   RO          318    .text               led.o
    0x08000768   0x08000768   0x000002a0   Code   RO          338    .text               key.o
    0x08000a08   0x08000a08   0x00000310   Code   RO          359    .text               motor.o
    0x08000d18   0x08000d18   0x00000378   Code   RO          379    .text               steer.o
    0x08001090   0x08001090   0x000002f0   Code   RO          403    .text               encoder.o
    0x08001380   0x08001380   0x000002b4   Code   RO          423    .text               usart2.o
    0x08001634   0x08001634   0x00000650   Code   RO          460    .text               oled.o
    0x08001c84   0x08001c84   0x00000080   Code   RO          491    .text               extix.o
    0x08001d04   0x08001d04   0x00000474   Code   RO          511    .text               xunji.o
    0x08002178   0x08002178   0x00000398   Code   RO          532    .text               usart3.o
    0x08002510   0x08002510   0x00000384   Code   RO          567    .text               mpu6050.o
    0x08002894   0x08002894   0x0000025c   Code   RO          587    .text               myiic.o
    0x08002af0   0x08002af0   0x000022b4   Code   RO          607    .text               inv_mpu.o
    0x08004da4   0x08004da4   0x00000d90   Code   RO          642    .text               inv_mpu_dmp_motion_driver.o
    0x08005b34   0x08005b34   0x00000104   Code   RO          675    .text               delay.o
    0x08005c38   0x08005c38   0x00000148   Code   RO          715    .text               usart.o
    0x08005d80   0x08005d80   0x00000040   Code   RO          747    .text               startup_stm32f40_41xxx.o
    0x08005dc0   0x08005dc0   0x000000e0   Code   RO          753    .text               misc.o
    0x08005ea0   0x08005ea0   0x00000110   Code   RO          856    .text               stm32f4xx_exti.o
    0x08005fb0   0x08005fb0   0x00000294   Code   RO          942    .text               stm32f4xx_gpio.o
    0x08006244   0x08006244   0x0000065c   Code   RO         1002    .text               stm32f4xx_rcc.o
    0x080068a0   0x080068a0   0x00000094   Code   RO         1084    .text               stm32f4xx_syscfg.o
    0x08006934   0x08006934   0x00000ca2   Code   RO         1104    .text               stm32f4xx_tim.o
    0x080075d6   0x080075d6   0x00000002   PAD
    0x080075d8   0x080075d8   0x00000454   Code   RO         1124    .text               stm32f4xx_usart.o
    0x08007a2c   0x08007a2c   0x0000016c   Code   RO         1164    .text               stm32f4xx_pwr.o
    0x08007b98   0x08007b98   0x00000002   Code   RO         1184    .text               c_w.l(use_no_semi_2.o)
    0x08007b9a   0x08007b9a   0x00000048   Code   RO         1186    .text               c_w.l(llsdiv.o)
    0x08007be2   0x08007be2   0x00000002   PAD
    0x08007be4   0x08007be4   0x00000024   Code   RO         1188    .text               c_w.l(c89vsprintf.o)
    0x08007c08   0x08007c08   0x00000018   Code   RO         1190    .text               c_w.l(__2printf.o)
    0x08007c20   0x08007c20   0x0000004e   Code   RO         1196    .text               c_w.l(_printf_pad.o)
    0x08007c6e   0x08007c6e   0x00000002   PAD
    0x08007c70   0x08007c70   0x00000078   Code   RO         1198    .text               c_w.l(_printf_dec.o)
    0x08007ce8   0x08007ce8   0x00000094   Code   RO         1218    .text               c_w.l(_printf_hex_int_ll_ptr.o)
    0x08007d7c   0x08007d7c   0x00000188   Code   RO         1238    .text               c_w.l(__printf_flags_ss_wp.o)
    0x08007f04   0x08007f04   0x0000001a   Code   RO         1244    .text               c_w.l(atoi.o)
    0x08007f1e   0x08007f1e   0x00000058   Code   RO         1246    .text               c_w.l(memcmp.o)
    0x08007f76   0x08007f76   0x0000003e   Code   RO         1248    .text               c_w.l(strlen.o)
    0x08007fb4   0x08007fb4   0x00000096   Code   RO         1250    .text               c_w.l(strncmp.o)
    0x0800804a   0x0800804a   0x00000010   Code   RO         1252    .text               c_w.l(aeabi_memset.o)
    0x0800805a   0x0800805a   0x00000002   PAD
    0x0800805c   0x0800805c   0x00000080   Code   RO         1254    .text               c_w.l(strcmpv7m.o)
    0x080080dc   0x080080dc   0x00000006   Code   RO         1256    .text               c_w.l(heapauxi.o)
    0x080080e2   0x080080e2   0x00000002   Code   RO         1308    .text               c_w.l(use_no_semi.o)
    0x080080e4   0x080080e4   0x00000008   Code   RO         1314    .text               c_w.l(rt_errno_addr_intlibspace.o)
    0x080080ec   0x080080ec   0x000000ee   Code   RO         1316    .text               c_w.l(lludivv7m.o)
    0x080081da   0x080081da   0x00000016   Code   RO         1318    .text               c_w.l(_rserrno.o)
    0x080081f0   0x080081f0   0x00000024   Code   RO         1320    .text               c_w.l(_printf_truncate.o)
    0x08008214   0x08008214   0x00000052   Code   RO         1322    .text               c_w.l(_printf_str.o)
    0x08008266   0x08008266   0x000000b2   Code   RO         1324    .text               c_w.l(_printf_intcommon.o)
    0x08008318   0x08008318   0x00000028   Code   RO         1326    .text               c_w.l(_printf_charcount.o)
    0x08008340   0x08008340   0x00000030   Code   RO         1328    .text               c_w.l(_printf_char_common.o)
    0x08008370   0x08008370   0x0000000a   Code   RO         1330    .text               c_w.l(_sputc.o)
    0x0800837a   0x0800837a   0x00000002   PAD
    0x0800837c   0x0800837c   0x00000024   Code   RO         1332    .text               c_w.l(_printf_char_file.o)
    0x080083a0   0x080083a0   0x000000bc   Code   RO         1334    .text               c_w.l(_printf_wctomb.o)
    0x0800845c   0x0800845c   0x0000007c   Code   RO         1337    .text               c_w.l(_printf_longlong_dec.o)
    0x080084d8   0x080084d8   0x00000070   Code   RO         1343    .text               c_w.l(_printf_oct_int_ll.o)
    0x08008548   0x08008548   0x00000070   Code   RO         1366    .text               c_w.l(strtol.o)
    0x080085b8   0x080085b8   0x00000044   Code   RO         1368    .text               c_w.l(rt_memclr.o)
    0x080085fc   0x080085fc   0x00000008   Code   RO         1434    .text               c_w.l(libspace.o)
    0x08008604   0x08008604   0x00000010   Code   RO         1452    .text               c_w.l(rt_ctype_table.o)
    0x08008614   0x08008614   0x0000008a   Code   RO         1458    .text               c_w.l(lludiv10.o)
    0x0800869e   0x0800869e   0x0000041e   Code   RO         1460    .text               c_w.l(_printf_fp_dec.o)
    0x08008abc   0x08008abc   0x0000002c   Code   RO         1464    .text               c_w.l(_printf_char.o)
    0x08008ae8   0x08008ae8   0x0000002c   Code   RO         1466    .text               c_w.l(_printf_wchar.o)
    0x08008b14   0x08008b14   0x0000009e   Code   RO         1468    .text               c_w.l(_strtoul.o)
    0x08008bb2   0x08008bb2   0x00000008   Code   RO         1470    .text               c_w.l(ferror.o)
    0x08008bba   0x08008bba   0x00000040   Code   RO         1474    .text               c_w.l(_wcrtomb.o)
    0x08008bfa   0x08008bfa   0x0000004e   Code   RO         1476    .text               c_w.l(rt_memclr_w.o)
    0x08008c48   0x08008c48   0x0000004a   Code   RO         1482    .text               c_w.l(sys_stackheap_outer.o)
    0x08008c92   0x08008c92   0x00000002   PAD
    0x08008c94   0x08008c94   0x00000008   Code   RO         1489    .text               c_w.l(rt_locale_intlibspace.o)
    0x08008c9c   0x08008c9c   0x00000080   Code   RO         1491    .text               c_w.l(_printf_fp_infnan.o)
    0x08008d1c   0x08008d1c   0x0000001c   Code   RO         1493    .text               c_w.l(_chval.o)
    0x08008d38   0x08008d38   0x000000e4   Code   RO         1495    .text               c_w.l(bigflt0.o)
    0x08008e1c   0x08008e1c   0x00000012   Code   RO         1526    .text               c_w.l(exit.o)
    0x08008e2e   0x08008e2e   0x0000003e   Code   RO         1498    CL$$btod_d2e        c_w.l(btod.o)
    0x08008e6c   0x08008e6c   0x00000046   Code   RO         1500    CL$$btod_d2e_denorm_low  c_w.l(btod.o)
    0x08008eb2   0x08008eb2   0x00000060   Code   RO         1499    CL$$btod_d2e_norm_op1  c_w.l(btod.o)
    0x08008f12   0x08008f12   0x00000338   Code   RO         1508    CL$$btod_div_common  c_w.l(btod.o)
    0x0800924a   0x0800924a   0x000000dc   Code   RO         1505    CL$$btod_e2e        c_w.l(btod.o)
    0x08009326   0x08009326   0x0000002a   Code   RO         1502    CL$$btod_ediv       c_w.l(btod.o)
    0x08009350   0x08009350   0x0000002a   Code   RO         1501    CL$$btod_emul       c_w.l(btod.o)
    0x0800937a   0x0800937a   0x00000244   Code   RO         1507    CL$$btod_mult_common  c_w.l(btod.o)
    0x080095be   0x080095be   0x00000030   Code   RO         1417    i.__ARM_fpclassify  m_wm.l(fpclassify.o)
    0x080095ee   0x080095ee   0x00000002   PAD
    0x080095f0   0x080095f0   0x00000360   Code   RO         1282    i.__hardfp_asin     m_wm.l(asin.o)
    0x08009950   0x08009950   0x000002d8   Code   RO         1383    i.__hardfp_atan     m_wm.l(atan.o)
    0x08009c28   0x08009c28   0x000001f0   Code   RO         1296    i.__hardfp_atan2    m_wm.l(atan2.o)
    0x08009e18   0x08009e18   0x000000f8   Code   RO         1419    i.__kernel_poly     m_wm.l(poly.o)
    0x08009f10   0x08009f10   0x00000014   Code   RO         1398    i.__mathlib_dbl_infnan  m_wm.l(dunder.o)
    0x08009f24   0x08009f24   0x00000014   Code   RO         1399    i.__mathlib_dbl_infnan2  m_wm.l(dunder.o)
    0x08009f38   0x08009f38   0x00000020   Code   RO         1400    i.__mathlib_dbl_invalid  m_wm.l(dunder.o)
    0x08009f58   0x08009f58   0x00000020   Code   RO         1403    i.__mathlib_dbl_underflow  m_wm.l(dunder.o)
    0x08009f78   0x08009f78   0x0000000e   Code   RO         1231    i._is_digit         c_w.l(__printf_wp.o)
    0x08009f86   0x08009f86   0x00000010   Code   RO         1385    i.atan              m_wm.l(atan.o)
    0x08009f96   0x08009f96   0x00000018   Code   RO         1413    i.fabs              m_wm.l(fabs.o)
    0x08009fae   0x08009fae   0x0000006e   Code   RO         1424    i.sqrt              m_wm.l(sqrt.o)
    0x0800a01c   0x0800a01c   0x0000002c   Code   RO         1521    locale$$code        c_w.l(lc_ctype_c.o)
    0x0800a048   0x0800a048   0x0000002c   Code   RO         1524    locale$$code        c_w.l(lc_numeric_c.o)
    0x0800a074   0x0800a074   0x00000018   Code   RO         1370    x$fpl$basic         fz_wm.l(basic.o)
    0x0800a08c   0x0800a08c   0x00000062   Code   RO         1260    x$fpl$d2f           fz_wm.l(d2f.o)
    0x0800a0ee   0x0800a0ee   0x00000002   PAD
    0x0800a0f0   0x0800a0f0   0x00000150   Code   RO         1262    x$fpl$dadd          fz_wm.l(daddsub_clz.o)
    0x0800a240   0x0800a240   0x000002b0   Code   RO         1269    x$fpl$ddiv          fz_wm.l(ddiv.o)
    0x0800a4f0   0x0800a4f0   0x0000002e   Code   RO         1273    x$fpl$dflt          fz_wm.l(dflt_clz.o)
    0x0800a51e   0x0800a51e   0x00000002   PAD
    0x0800a520   0x0800a520   0x00000154   Code   RO         1278    x$fpl$dmul          fz_wm.l(dmul.o)
    0x0800a674   0x0800a674   0x0000009c   Code   RO         1372    x$fpl$dnaninf       fz_wm.l(dnaninf.o)
    0x0800a710   0x0800a710   0x0000000c   Code   RO         1374    x$fpl$dretinf       fz_wm.l(dretinf.o)
    0x0800a71c   0x0800a71c   0x00000016   Code   RO         1263    x$fpl$drsb          fz_wm.l(daddsub_clz.o)
    0x0800a732   0x0800a732   0x00000002   PAD
    0x0800a734   0x0800a734   0x00000198   Code   RO         1480    x$fpl$dsqrt         fz_wm.l(dsqrt_umaal.o)
    0x0800a8cc   0x0800a8cc   0x000001d4   Code   RO         1264    x$fpl$dsub          fz_wm.l(daddsub_clz.o)
    0x0800aaa0   0x0800aaa0   0x00000056   Code   RO         1280    x$fpl$f2d           fz_wm.l(f2d.o)
    0x0800aaf6   0x0800aaf6   0x0000008c   Code   RO         1376    x$fpl$fnaninf       fz_wm.l(fnaninf.o)
    0x0800ab82   0x0800ab82   0x0000000a   Code   RO         1604    x$fpl$fpinit        fz_wm.l(fpinit.o)
    0x0800ab8c   0x0800ab8c   0x0000000a   Code   RO         1378    x$fpl$fretinf       fz_wm.l(fretinf.o)
    0x0800ab96   0x0800ab96   0x00000004   Code   RO         1380    x$fpl$printf1       fz_wm.l(printf1.o)
    0x0800ab9a   0x0800ab9a   0x00000000   Code   RO         1382    x$fpl$usenofp       fz_wm.l(usenofp.o)
    0x0800ab9a   0x0800ab9a   0x000014a4   Data   RO          462    .constdata          oled.o
    0x0800c03e   0x0800c03e   0x00000002   PAD
    0x0800c040   0x0800c040   0x00000050   Data   RO          608    .constdata          inv_mpu.o
    0x0800c090   0x0800c090   0x00000bf6   Data   RO          644    .constdata          inv_mpu_dmp_motion_driver.o
    0x0800cc86   0x0800cc86   0x00000028   Data   RO         1219    .constdata          c_w.l(_printf_hex_int_ll_ptr.o)
    0x0800ccae   0x0800ccae   0x00000011   Data   RO         1239    .constdata          c_w.l(__printf_flags_ss_wp.o)
    0x0800ccbf   0x0800ccbf   0x00000001   PAD
    0x0800ccc0   0x0800ccc0   0x00000050   Data   RO         1285    .constdata          m_wm.l(asin.o)
    0x0800cd10   0x0800cd10   0x00000008   Data   RO         1335    .constdata          c_w.l(_printf_wctomb.o)
    0x0800cd18   0x0800cd18   0x00000098   Data   RO         1386    .constdata          m_wm.l(atan.o)
    0x0800cdb0   0x0800cdb0   0x00000008   Data   RO         1421    .constdata          m_wm.l(qnan.o)
    0x0800cdb8   0x0800cdb8   0x00000094   Data   RO         1496    .constdata          c_w.l(bigflt0.o)
    0x0800ce4c   0x0800ce4c   0x0000004d   Data   RO          609    .conststring        inv_mpu.o
    0x0800ce99   0x0800ce99   0x00000003   PAD
    0x0800ce9c   0x0800ce9c   0x00000020   Data   RO         1662    Region$$Table       anon$$obj.o
    0x0800cebc   0x0800cebc   0x00000110   Data   RO         1520    locale$$data        c_w.l(lc_ctype_c.o)
    0x0800cfcc   0x0800cfcc   0x0000001c   Data   RO         1523    locale$$data        c_w.l(lc_numeric_c.o)


    Execution Region RW_IRAM1 (Exec base: 0x20000000, Load base: 0x0800cfe8, Size: 0x00001258, Max: 0x00020000, ABSOLUTE)

    Exec Addr    Load Addr    Size         Type   Attr      Idx    E Section Name        Object

    0x20000000   0x0800cfe8   0x00000044   Data   RW            4    .data               main.o
    0x20000044   0x0800d02c   0x00000014   Data   RW          218    .data               system_stm32f4xx.o
    0x20000058   0x0800d040   0x00000016   Data   RW          339    .data               key.o
    0x2000006e   0x0800d056   0x00000002   Data   RW          425    .data               usart2.o
    0x20000070   0x0800d058   0x00000018   Data   RW          512    .data               xunji.o
    0x20000088   0x0800d070   0x00000002   Data   RW          534    .data               usart3.o
    0x2000008a   0x0800d072   0x00000002   PAD
    0x2000008c   0x0800d074   0x00000035   Data   RW          610    .data               inv_mpu.o
    0x200000c1   0x0800d0a9   0x00000001   PAD
    0x200000c2   0x0800d0aa   0x00000004   Data   RW          676    .data               delay.o
    0x200000c6   0x0800d0ae   0x00000002   PAD
    0x200000c8   0x0800d0b0   0x00000006   Data   RW          717    .data               usart.o
    0x200000ce   0x0800d0b6   0x00000010   Data   RW         1003    .data               stm32f4xx_rcc.o
    0x200000de   0x0800d0c6   0x00000002   PAD
    0x200000e0        -       0x00000320   Zero   RW          424    .bss                usart2.o
    0x20000400        -       0x00000400   Zero   RW          461    .bss                oled.o
    0x20000800        -       0x00000320   Zero   RW          533    .bss                usart3.o
    0x20000b20        -       0x00000010   Zero   RW          643    .bss                inv_mpu_dmp_motion_driver.o
    0x20000b30        -       0x000000c8   Zero   RW          716    .bss                usart.o
    0x20000bf8        -       0x00000060   Zero   RW         1435    .bss                c_w.l(libspace.o)
    0x20000c58        -       0x00000200   Zero   RW          745    HEAP                startup_stm32f40_41xxx.o
    0x20000e58        -       0x00000400   Zero   RW          744    STACK               startup_stm32f40_41xxx.o


==============================================================================

Image component sizes


      Code (inc. data)   RO Data    RW Data    ZI Data      Debug   Object Name

       104         10          0          0          0     231987   control.o
       260          8          0          4          0       1453   delay.o
       752         18          0          0          0       2229   encoder.o
       128          6          0          0          0        657   extix.o
      8884        222        157         53          0      24513   inv_mpu.o
      3472        142       3062          0         16      15499   inv_mpu_dmp_motion_driver.o
       672         64          0         22          0       2492   key.o
       116          6          0          0          0        677   led.o
       396         40          0         68          0      53697   main.o
       224         20          0          0          0       1793   misc.o
       784         30          0          0          0       2203   motor.o
       900         22          0          0          0       4455   mpu6050.o
       604         14          0          0          0       1908   myiic.o
      1616        100       5284          0       1024       5834   oled.o
        64         26        392          0       1536        816   startup_stm32f40_41xxx.o
       888          8          0          0          0       2018   steer.o
       272         10          0          0          0       2263   stm32f4xx_exti.o
       660         44          0          0          0       4133   stm32f4xx_gpio.o
        26          0          0          0          0       1210   stm32f4xx_it.o
       364         12          0          0          0       3779   stm32f4xx_pwr.o
      1628         52          0         16          0      12996   stm32f4xx_rcc.o
       148         12          0          0          0       1833   stm32f4xx_syscfg.o
      3234         60          0          0          0      22988   stm32f4xx_tim.o
      1108         34          0          0          0       7856   stm32f4xx_usart.o
       528         46          0         20          0       1739   system_stm32f4xx.o
       328         16          0          6        200       3274   usart.o
       692         76          0          2        800       3294   usart2.o
       920        120          0          2        800       3052   usart3.o
      1140         38          0         24          0       1550   xunji.o

    ----------------------------------------------------------------------
     30916       1256       8932        224       4376     422198   Object Totals
         0          0         32          0          0          0   (incl. Generated)
         4          0          5          7          0          0   (incl. Padding)

    ----------------------------------------------------------------------

      Code (inc. data)   RO Data    RW Data    ZI Data      Debug   Library Member Name

        24          4          0          0          0         84   __2printf.o
         8          0          0          0          0         68   __main.o
       392          4         17          0          0         92   __printf_flags_ss_wp.o
        14          0          0          0          0         68   __printf_wp.o
         0          0          0          0          0          0   __rtentry.o
        12          0          0          0          0          0   __rtentry2.o
         6          0          0          0          0          0   __rtentry4.o
        52          8          0          0          0          0   __scatter.o
        26          0          0          0          0          0   __scatter_copy.o
        28          0          0          0          0          0   __scatter_zi.o
        28          0          0          0          0         68   _chval.o
         6          0          0          0          0          0   _printf_a.o
         6          0          0          0          0          0   _printf_c.o
        44          0          0          0          0        108   _printf_char.o
        48          6          0          0          0         96   _printf_char_common.o
        36          4          0          0          0         80   _printf_char_file.o
        40          0          0          0          0         68   _printf_charcount.o
         6          0          0          0          0          0   _printf_d.o
       120         16          0          0          0         92   _printf_dec.o
         6          0          0          0          0          0   _printf_e.o
         6          0          0          0          0          0   _printf_f.o
      1054          0          0          0          0        216   _printf_fp_dec.o
       128         16          0          0          0         84   _printf_fp_infnan.o
         6          0          0          0          0          0   _printf_g.o
       148          4         40          0          0        160   _printf_hex_int_ll_ptr.o
         6          0          0          0          0          0   _printf_i.o
       178          0          0          0          0         88   _printf_intcommon.o
        10          0          0          0          0          0   _printf_l.o
         6          0          0          0          0          0   _printf_lc.o
        10          0          0          0          0          0   _printf_ll.o
         6          0          0          0          0          0   _printf_lld.o
         6          0          0          0          0          0   _printf_lli.o
         6          0          0          0          0          0   _printf_llo.o
         6          0          0          0          0          0   _printf_llu.o
         6          0          0          0          0          0   _printf_llx.o
       124         16          0          0          0         92   _printf_longlong_dec.o
         6          0          0          0          0          0   _printf_ls.o
         6          0          0          0          0          0   _printf_n.o
         6          0          0          0          0          0   _printf_o.o
       112         10          0          0          0        124   _printf_oct_int_ll.o
         6          0          0          0          0          0   _printf_p.o
        78          0          0          0          0        108   _printf_pad.o
         0          0          0          0          0          0   _printf_percent.o
         4          0          0          0          0          0   _printf_percent_end.o
         6          0          0          0          0          0   _printf_s.o
        82          0          0          0          0         80   _printf_str.o
        36          0          0          0          0         84   _printf_truncate.o
         6          0          0          0          0          0   _printf_u.o
        44          0          0          0          0        108   _printf_wchar.o
       188          6          8          0          0         92   _printf_wctomb.o
         6          0          0          0          0          0   _printf_x.o
        22          0          0          0          0        100   _rserrno.o
        10          0          0          0          0         68   _sputc.o
       158          0          0          0          0         92   _strtoul.o
        64          0          0          0          0         92   _wcrtomb.o
        16          0          0          0          0         68   aeabi_memset.o
        26          0          0          0          0         80   atoi.o
       228          4        148          0          0         96   bigflt0.o
      1936        128          0          0          0        672   btod.o
        36          4          0          0          0         76   c89vsprintf.o
        18          0          0          0          0         80   exit.o
         8          0          0          0          0         68   ferror.o
         6          0          0          0          0        152   heapauxi.o
        44         10        272          0          0         76   lc_ctype_c.o
        44         10         28          0          0         76   lc_numeric_c.o
         2          0          0          0          0          0   libinit.o
        34          0          0          0          0          0   libinit2.o
         2          0          0          0          0          0   libshutdown.o
         2          0          0          0          0          0   libshutdown2.o
         8          4          0          0         96         68   libspace.o
        72          0          0          0          0         76   llsdiv.o
       138          0          0          0          0         80   lludiv10.o
       238          0          0          0          0        100   lludivv7m.o
        88          0          0          0          0         76   memcmp.o
        16          4          0          0          0         76   rt_ctype_table.o
         8          4          0          0          0         68   rt_errno_addr_intlibspace.o
         8          4          0          0          0         68   rt_locale_intlibspace.o
        68          0          0          0          0         68   rt_memclr.o
        78          0          0          0          0         80   rt_memclr_w.o
         2          0          0          0          0          0   rtexit.o
        10          0          0          0          0          0   rtexit2.o
       128          0          0          0          0         68   strcmpv7m.o
        62          0          0          0          0         76   strlen.o
       150          0          0          0          0         80   strncmp.o
       112          0          0          0          0         88   strtol.o
        74          0          0          0          0         80   sys_stackheap_outer.o
         2          0          0          0          0         68   use_no_semi.o
         2          0          0          0          0         68   use_no_semi_2.o
        24          0          0          0          0        164   basic.o
        98          4          0          0          0        140   d2f.o
       826         16          0          0          0        492   daddsub_clz.o
       688        140          0          0          0        256   ddiv.o
        46          0          0          0          0        116   dflt_clz.o
       340         12          0          0          0        152   dmul.o
       156          4          0          0          0        140   dnaninf.o
        12          0          0          0          0        116   dretinf.o
       408         56          0          0          0        168   dsqrt_umaal.o
        86          4          0          0          0        132   f2d.o
       140          4          0          0          0        132   fnaninf.o
        10          0          0          0          0        116   fpinit.o
        10          0          0          0          0        116   fretinf.o
         4          0          0          0          0        116   printf1.o
         0          0          0          0          0          0   usenofp.o
       864         94         80          0          0        280   asin.o
       744        106        152          0          0        352   atan.o
       496         64          0          0          0        192   atan2.o
       104         16          0          0          0        496   dunder.o
        24          0          0          0          0        124   fabs.o
        48          0          0          0          0        124   fpclassify.o
       248          0          0          0          0        152   poly.o
         0          0          8          0          0          0   qnan.o
       110          0          0          0          0        148   sqrt.o

    ----------------------------------------------------------------------
     12622        786        754          0         96       9368   Library Totals
        22          0          1          0          0          0   (incl. Padding)

    ----------------------------------------------------------------------

      Code (inc. data)   RO Data    RW Data    ZI Data      Debug   Library Name

      7114        266        513          0         96       5144   c_w.l
      2848        240          0          0          0       2356   fz_wm.l
      2638        280        240          0          0       1868   m_wm.l

    ----------------------------------------------------------------------
     12622        786        754          0         96       9368   Library Totals

    ----------------------------------------------------------------------

==============================================================================


      Code (inc. data)   RO Data    RW Data    ZI Data      Debug   

     43538       2042       9686        224       4472     420354   Grand Totals
     43538       2042       9686        224       4472     420354   ELF Image Totals
     43538       2042       9686        224          0          0   ROM Totals

==============================================================================

    Total RO  Size (Code + RO Data)                53224 (  51.98kB)
    Total RW  Size (RW Data + ZI Data)              4696 (   4.59kB)
    Total ROM Size (Code + RO Data + RW Data)      53448 (  52.20kB)

==============================================================================

